******************************************************************************
                  TI ARM Linker Unix v16.9.1                   
******************************************************************************
>> Linked Sat Jul 22 11:44:28 2017

OUTPUT FILE NAME:   <water_sensor_wireless_comm.out>
ENTRY POINT SYMBOL: "ResetISR"  address: 00009b89


MEMORY CONFIGURATION

         name            origin    length      used     unused   attr    fill
----------------------  --------  ---------  --------  --------  ----  --------
  FLASH                 00000000   00020000  0000ff76  0001008a  R  X
  SRAM                  20000000   00005000  00003813  000017ed  RW X


SEGMENT ALLOCATION MAP

run origin  load origin   length   init length attrs members
----------  ----------- ---------- ----------- ----- -------
00000000    00000000    0000ff28   0000ff28    r-x
  00000000    00000000    0000003c   0000003c    r-- .resetVecs
  0000003c    0000003c    0000bcd8   0000bcd8    r-x .text
  0000bd18    0000bd18    00003dfa   00003dfa    r-- .const
  0000fb18    0000fb18    00000410   00000410    r-- .cinit
0001ffa8    0001ffa8    00000058   00000058    r--
  0001ffa8    0001ffa8    00000058   00000058    r-- .ccfg
20000100    20000100    0000344e   00000000    rw-
  20000100    20000100    00002865   00000000    rw- .bss
  20002968    20002968    00000be6   00000000    rw- .data
20004d00    20004d00    00000300   00000000    rw-
  20004d00    20004d00    00000300   00000000    rw- .stack


SECTION ALLOCATION MAP

 output                                  attributes/
section   page    origin      length       input sections
--------  ----  ----------  ----------   ----------------
.text      0    0000003c    0000bcd8     
                  0000003c    00001102     rtsv7M3_T_le_eabi.lib : _printfi.obj (.text)
                  0000113e    00000002     rf_singleMode_cc13xxware.aem3 : RFCC26XX_singleMode.oem3 (.text:defaultErrCb)
                  00001140    000009b4     rtsv7M3_T_le_eabi.lib : e_pow.obj (.text)
                  00001af4    000003b8     rf_singleMode_cc13xxware.aem3 : RFCC26XX_singleMode.oem3 (.text:fsmActiveState)
                  00001eac    00000348     EasyLink.obj (.text:EasyLink_init)
                  000021f4    00000324     rtsv7M3_T_le_eabi.lib : trgdrv.obj (.text)
                  00002518    0000030c                           : lowlev.obj (.text)
                  00002824    00000228     driverlib.lib : sys_ctrl.obj (.text:NOROM_SysCtrlSetRechargeBeforePowerDown)
                  00002a4c    00000228     drivers_cc13xxware.aem3 : PowerCC26XX.oem3 (.text:Power_sleep)
                  00002c74    000001f4     rtsv7M3_T_le_eabi.lib : ull_div_t2.obj (.text)
                  00002e68    000001ec     drivers_cc13xxware.aem3 : PowerCC26XX_calibrateRCOSC.oem3 (.text:calibrateRcoscHf1)
                  00003054    000001dc     rf_singleMode_cc13xxware.aem3 : RFCC26XX_singleMode.oem3 (.text:RF_postCmd)
                  00003230    000001d4     transmitter.obj (.text:readSensorData)
                  00003404    000001c4     drivers_cc13xxware.aem3 : PINCC26XX.oem3 (.text:PIN_init)
                  000035c8    000001c4     rtsv7M3_T_le_eabi.lib : fopen.obj (.text)
                  0000378c    000001b6                           : fd_add_t2.obj (.text)
                  00003942    00000002     drivers_cc13xxware.aem3 : PowerCC26XX.oem3 (.text:emptyClockFunc)
                  00003944    000001a4     EasyLink.obj (.text:EasyLink_setRfPwr)
                  00003ae8    000001a0     drivers_cc13xxware.aem3 : PowerCC26XX_calibrateRCOSC.oem3 (.text:PowerCC26XX_doCalibrate)
                  00003c88    000001a0                             : UARTCC26XX.oem3 (.text:UARTCC26XX_open)
                  00003e28    00000184     rtsv7M3_T_le_eabi.lib : e_sqrt.obj (.text)
                  00003fac    00000168     rf_singleMode_cc13xxware.aem3 : RFCC26XX_singleMode.oem3 (.text:fsmSetupState)
                  00004114    00000150     smartrf_settings_predefined.obj (.text:rf_patch_mce_genook)
                  00004264    0000013c     EasyLink.obj (.text:EasyLink_transmit)
                  000043a0    00000138     water_sensor_wireless_comm_pem3.oem3 (.text:ti_uia_loggers_LoggerStopMode_writeMemoryRange__E)
                  000044d8    00000136     rtsv7M3_T_le_eabi.lib : fd_div_t2.obj (.text)
                  0000460e    00000002     smartrf_settings.obj (.text:enterGenfskSysPatch)
                  00004610    00000134     rtsv7M3_T_le_eabi.lib : fputs.obj (.text)
                  00004744    00000130     driverlib.lib : setup_rom.obj (.text:NOROM_SetupAfterColdResetWakeupFromShutDownCfg3)
                  00004874    0000012c     drivers_cc13xxware.aem3 : PowerCC26XX.oem3 (.text:Power_init)
                  000049a0    00000128     RF_Com.obj (.text:RFCom_sendPacket)
                  00004ac8    00000128     rf_singleMode_cc13xxware.aem3 : RFCC26XX_singleMode.oem3 (.text:rf_init)
                  00004bf0    00000128     smartrf_settings.obj (.text:rf_patch_rfe_genfsk)
                  00004d18    00000128     smartrf_settings_predefined.obj (.text:rf_patch_rfe_genfsk)
                  00004e40    00000128     smartrf_settings_predefined.obj (.text:rf_patch_rfe_lrm)
                  00004f68    0000011c     drivers_cc13xxware.aem3 : UARTCC26XX.oem3 (.text:UARTCC26XX_read)
                  00005084    00000118     rf_singleMode_cc13xxware.aem3 : RFCC26XX_singleMode.oem3 (.text:hwiFxnCpe0Active)
                  0000519c    00000114     smartrf_settings_predefined.obj (.text:rf_patch_mce_hsp_4mbps)
                  000052b0    00000110     drivers_cc13xxware.aem3 : UARTCC26XX.oem3 (.text:UARTCC26XX_hwiIntFxn)
                  000053c0    0000010c     water_sensor_wireless_comm_pem3.oem3 (.text:ti_uia_loggers_LoggerStopMode_write8__E)
                  000054cc    00000108     rf_singleMode_cc13xxware.aem3 : RFCC26XX_singleMode.oem3 (.text:RF_close)
                  000055d4    000000fc     drivers_cc13xxware.aem3 : UARTCC26XX.oem3 (.text:UARTCC26XX_write)
                  000056d0    000000fc     rtsv7M3_T_le_eabi.lib : fd_mul_t2.obj (.text)
                  000057cc    000000f8     sysbios.aem3 : BIOS.obj (.text:xdc_runtime_Startup_startMods__I)
                  000058c4    000000f4     water_sensor_wireless_comm_pem3.oem3 (.text:ti_uia_loggers_LoggerStopMode_write4__E)
                  000059b8    000000f0     driverlib.lib : setup_rom.obj (.text:NOROM_SetupAfterColdResetWakeupFromShutDownCfg2)
                  00005aa8    000000e8     water_sensor_wireless_comm_pem3.oem3 (.text:ti_uia_loggers_LoggerStopMode_write1__E)
                  00005b90    000000e8     water_sensor_wireless_comm_pem3.oem3 (.text:ti_uia_loggers_LoggerStopMode_write2__E)
                  00005c78    000000e0     drivers_cc13xxware.aem3 : PINCC26XX.oem3 (.text:PINCC26XX_setIoCfg)
                  00005d58    000000dc     rtsv7M3_T_le_eabi.lib : setvbuf.obj (.text)
                  00005e34    000000d8     driverlib.lib : rfc.obj (.text:NOROM_RFCRTrim)
                  00005f0c    000000d8     smartrf_settings_predefined.obj (.text:rf_patch_rfe_genook)
                  00005fe4    000000d8     smartrf_settings_predefined.obj (.text:rf_patch_rfe_hsp_4mbps)
                  000060bc    000000d8     water_sensor_wireless_comm_pem3.oem3 (.text:ti_uia_loggers_LoggerStopMode_write0__E)
                  00006194    000000d4     driverlib.lib : rfc.obj (.text:NOROM_RFCRfTrimRead)
                  00006268    000000d4     power_cc13xx_tirtos.aem3 : PowerCC26XX_tirtos.oem3 (.text:PowerCC26XX_standbyPolicy)
                  0000633c    000000d4     drivers_cc13xxware.aem3 : PowerCC26XX.oem3 (.text:Power_releaseDependency)
                  00006410    000000d0                             : PowerCC26XX.oem3 (.text:Power_setDependency)
                  000064e0    000000d0     rtsv7M3_T_le_eabi.lib : s_scalbn.obj (.text)
                  000065b0    000000cc     rf_singleMode_cc13xxware.aem3 : RFCC26XX_singleMode.oem3 (.text:RF_open)
                  0000667c    000000cc     sysbios.aem3 : BIOS.obj (.text:ti_sysbios_knl_Semaphore_pend__E)
                  00006748    000000cc                  : BIOS.obj (.text:ti_sysbios_knl_Task_Instance_init__E)
                  00006814    000000c8     drivers_cc13xxware.aem3 : UARTCC26XX.oem3 (.text:UARTCC26XX_initHw)
                  000068dc    000000c8     rtsv7M3_T_le_eabi.lib : fflush.obj (.text)
                  000069a4    000000c8     sysbios.aem3 : m3_Hwi_asm.obj (.text:ti_sysbios_family_arm_m3_Hwi_dispatch__I)
                  00006a6c    000000c4     rf_singleMode_cc13xxware.aem3 : RFCC26XX_singleMode.oem3 (.text:fsmPowerUpState)
                  00006b30    000000c0     driverlib.lib : setup.obj (.text:TrimAfterColdResetWakeupFromShutDown)
                  00006bf0    000000b4     sysbios.aem3 : BIOS.obj (.text:ti_sysbios_knl_Task_checkStacks__E)
                  00006ca4    000000ac     rtsv7M3_T_le_eabi.lib : _io_perm.obj (.text)
                  00006d50    000000a8     driverlib.lib : setup.obj (.text:NOROM_SetupTrimDevice)
                  00006df8    000000a4                   : setup_rom.obj (.text:NOROM_SetupAfterColdResetWakeupFromShutDownCfg1)
                  00006e9c    000000a0     auto_init.aem3 : auto_init.oem3 (.text)
                  00006f3c    0000009c     rtsv7M3_T_le_eabi.lib : memcpy_t2.obj (.text)
                  00006fd8    00000098     main.obj (.text:main)
                  00007070    00000098     rtsv7M3_T_le_eabi.lib : fclose.obj (.text)
                  00007108    00000098                           : fputc.obj (.text)
                  000071a0    00000098     sysbios.aem3 : BIOS.obj (.text:ti_sysbios_knl_Clock_workFuncDynamic__E)
                  00007238    00000094     drivers_cc13xxware.aem3 : PINCC26XX.oem3 (.text:PIN_open)
                  000072cc    00000094     sysbios.aem3 : BIOS.obj (.text:ti_sysbios_family_arm_m3_Hwi_Instance_init__E)
                  00007360    00000094                  : BIOS.obj (.text:ti_sysbios_knl_Task_Instance_finalize__E)
                  000073f4    00000094     drivers_cc13xxware.aem3 : UARTCC26XX.oem3 (.text:writeFinishedDoCallback)
                  00007488    00000090                             : PowerCC26XX.oem3 (.text:switchXOSCHFclockFunc)
                  00007518    00000090     ti.uia.loggers.aem3 : LoggerStopMode.oem3 (.text:ti_uia_loggers_LoggerStopMode_initQueueDescriptor__E)
                  000075a8    0000008c     drivers_cc13xxware.aem3 : UARTCC26XX.oem3 (.text:UARTCC26XX_initIO)
                  00007634    0000008c                             : UARTCC26XX.oem3 (.text:UARTCC26XX_writeCancel)
                  000076c0    0000008c                             : PowerCC26XX.oem3 (.text:disableLFClockQualifiers)
                  0000774c    00000088                             : PowerCC26XX_calibrateRCOSC.oem3 (.text:calibrateRcoscHf2)
                  000077d4    00000086     rtsv7M3_T_le_eabi.lib : fd_cmp_t2.obj (.text:__aeabi_cdcmple)
                  0000785a    00000086                           : fd_cmp_t2.obj (.text:__aeabi_cdrcmple)
                  000078e0    00000084     rf_singleMode_cc13xxware.aem3 : RFCC26XX_singleMode.oem3 (.text:swiFxnHw)
                  00007964    00000080                                   : RFCC26XX_singleMode.oem3 (.text:RF_pendCmd)
                  000079e4    00000080     ToServer_Com.obj (.text:ToServerCom_init)
                  00007a64    00000080     sysbios.aem3 : BIOS.obj (.text:ti_sysbios_family_arm_m3_Hwi_initNVIC__E)
                  00007ae4    00000080                  : BIOS.obj (.text:ti_sysbios_knl_Task_postInit__I)
                  00007b64    00000080                  : BIOS.obj (.text:ti_sysbios_utils_Load_updateLoads__E)
                  00007be4    00000080                  : BIOS.obj (.text:xdc_runtime_Core_createObject__I)
                  00007c64    0000007a     rtsv7M3_T_le_eabi.lib : memset_t2.obj (.text)
                  00007cde    00000002     smartrf_settings_predefined.obj (.text:enterGenfskSysPatch)
                  00007ce0    00000078     drivers_cc13xxware.aem3 : UARTCC26XX.oem3 (.text:UARTCC26XX_close)
                  00007d58    00000078     sysbios.aem3 : BIOS.obj (.text:ti_sysbios_knl_Clock_walkQueueDynamic__E)
                  00007dd0    00000074     driverlib.lib : setup_rom.obj (.text:NOROM_SetupSetVddrLevel)
                  00007e44    00000074     drivers_cc13xxware.aem3 : PowerCC26XX_calibrateRCOSC.oem3 (.text:PowerCC26XX_auxISR)
                  00007eb8    00000074     rf_singleMode_cc13xxware.aem3 : RFCC26XX_singleMode.oem3 (.text:decActiveClientCnt)
                  00007f2c    00000074                                   : RFCC26XX_singleMode.oem3 (.text:fsmPowerDownState)
                  00007fa0    00000074     sysbios.aem3 : BIOS.obj (.text:ti_sysbios_family_arm_cc26xx_Timer_start__E)
                  00008014    00000074                  : BIOS.obj (.text:ti_sysbios_heaps_HeapMem_allocUnprotected__E)
                  00008088    00000074     ti.uia.runtime.aem3 : QueueDescriptor.oem3 (.text:ti_uia_runtime_QueueDescriptor_addToList__E)
                  000080fc    00000074     drivers_cc13xxware.aem3 : UARTCC26XX.oem3 (.text:writeTxFifoFlush)
                  00008170    00000070     driverlib.lib : chipinfo.obj (.text:NOROM_ChipInfo_GetHwRevision)
                  000081e0    00000070     rtsv7M3_T_le_eabi.lib : printf.obj (.text)
                  00008250    00000070     sysbios.aem3 : BIOS.obj (.text:ti_sysbios_knl_Task_sleep__E)
                  000082c0    0000006c     driverlib.lib : setup_rom.obj (.text:NOROM_SetupGetTrimForAmpcompCtrl)
                  0000832c    0000006c     drivers_cc13xxware.aem3 : PowerCC26XX.oem3 (.text:PowerCC26XX_calibrate)
                  00008398    0000006c                             : UARTCC26XX.oem3 (.text:UARTCC26XX_readCancel)
                  00008404    0000006c     sysbios.aem3 : BIOS.obj (.text:xdc_runtime_Memory_alloc__E)
                  00008470    00000068     driverlib.lib : setup_rom.obj (.text:NOROM_SetupGetTrimForAnabypassValue1)
                  000084d8    00000068                   : sys_ctrl.obj (.text:NOROM_SysCtrl_DCDC_VoltageConditionalControl)
                  00008540    00000068     rf_singleMode_cc13xxware.aem3 : RFCC26XX_singleMode.oem3 (.text:RF_getCurrentTime)
                  000085a8    00000068     rtsv7M3_T_le_eabi.lib : copy_decompress_lzss.obj (.text:decompress:lzss)
                  00008610    00000068                           : trgmsg.obj (.text)
                  00008678    00000068     sysbios.aem3 : BIOS.obj (.text:ti_sysbios_knl_Clock_startI__E)
                  000086e0    00000068                  : BIOS.obj (.text:ti_sysbios_knl_Swi_restoreHwi__E)
                  00008748    00000066     ti.uia.loggers.aem3 : LoggerStopMode.oem3 (.text:ti_uia_loggers_LoggerStopMode_flush__E)
                  000087ae    00000066     sysbios.aem3 : BIOS.obj (.text:xdc_runtime_Core_deleteObject__I)
                  00008814    00000064     driverlib.lib : osc.obj (.text:NOROM_OSCHF_AttemptToSwitchToXosc)
                  00008878    00000064     drivers_cc13xxware.aem3 : UARTCC26XX.oem3 (.text:UARTCC26XX_control)
                  000088dc    00000064     rtsv7M3_T_le_eabi.lib : fseek.obj (.text)
                  00008940    00000064     sysbios.aem3 : BIOS.obj (.text:ti_sysbios_knl_Semaphore_post__E)
                  000089a4    00000064                  : BIOS.obj (.text:ti_sysbios_knl_Task_startCore__E)
                  00008a08    00000064                  : BIOS.obj (.text:ti_sysbios_utils_Load_idleFxn__E)
                  00008a6c    00000060     driverlib.lib : osc.obj (.text:NOROM_OSCClockSourceSet)
                  00008acc    00000060     drivers_cc13xxware.aem3 : PowerCC26XX_calibrateRCOSC.oem3 (.text:PowerCC26XX_RCOSC_clockFunc)
                  00008b2c    00000060     rf_singleMode_cc13xxware.aem3 : RFCC26XX_singleMode.oem3 (.text:fsmXOSCState)
                  00008b8c    00000060     sysbios.aem3 : BIOS.obj (.text:ti_sysbios_knl_Task_schedule__I)
                  00008bec    00000060     drivers_cc13xxware.aem3 : PowerCC26XX_calibrateRCOSC.oem3 (.text:updateSubSecInc)
                  00008c4c    0000005c     driverlib.lib : sys_ctrl.obj (.text:NOROM_SysCtrlAdjustRechargeAfterPowerDown)
                  00008ca8    0000005c     drivers_cc13xxware.aem3 : PINCC26XX.oem3 (.text:PIN_remove)
                  00008d04    0000005c     smartrf_settings.obj (.text:configureGenfskPatch)
                  00008d60    0000005c     smartrf_settings_predefined.obj (.text:configureGenfskPatch)
                  00008dbc    0000005c     smartrf_settings_predefined.obj (.text:configureGenookPatch)
                  00008e18    0000005c     smartrf_settings_predefined.obj (.text:configureLrmPatch)
                  00008e74    0000005c     rtsv7M3_T_le_eabi.lib : s_frexp.obj (.text)
                  00008ed0    0000005c     sysbios.aem3 : BIOS.obj (.text:ti_sysbios_knl_Task_Module_startup__E)
                  00008f2c    0000005c     water_sensor_wireless_comm_pem3.oem3 (.text:ti_sysbios_knl_Task_create)
                  00008f88    00000058     drivers_cc13xxware.aem3 : PowerCC26XX_calibrateRCOSC.oem3 (.text:PowerCC26XX_initiateCalibration)
                  00008fe0    00000058     water_sensor_wireless_comm_pem3.oem3 (.text:ti_sysbios_family_arm_m3_Hwi_construct)
                  00009038    00000058     sysbios.aem3 : BIOS.obj (.text:ti_sysbios_family_arm_m3_Hwi_postInit__I)
                  00009090    00000058                  : BIOS.obj (.text:ti_sysbios_heaps_HeapMem_alloc__E)
                  000090e8    00000058                  : BIOS.obj (.text:ti_sysbios_heaps_HeapMem_freeUnprotected__E)
                  00009140    00000058                  : BIOS.obj (.text:ti_sysbios_knl_Swi_Instance_init__E)
                  00009198    00000058                  : BIOS.obj (.text:ti_sysbios_knl_Swi_run__I)
                  000091f0    00000054     drivers_cc13xxware.aem3 : PowerCC26XX.oem3 (.text:configureXOSCHF)
                  00009244    00000054     rf_singleMode_cc13xxware.aem3 : RFCC26XX_singleMode.oem3 (.text:hwiFxnHw)
                  00009298    00000054                                   : RFCC26XX_singleMode.oem3 (.text:ratChanFree)
                  000092ec    00000054     rtsv7M3_T_le_eabi.lib : ltoa.obj (.text)
                  00009340    00000054     sysbios.aem3 : BIOS.obj (.text:ti_sysbios_family_arm_m3_Hwi_dispatchC__I)
                  00009394    00000054     water_sensor_wireless_comm_pem3.oem3 (.text:ti_sysbios_knl_Swi_construct)
                  000093e8    00000054     sysbios.aem3 : BIOS.obj (.text:ti_sysbios_knl_Swi_schedule__I)
                  0000943c    00000050     driverlib.lib : setup_rom.obj (.text:NOROM_SetupSetCacheModeAccordingToCcfgSetting)
                  0000948c    00000050     rf_singleMode_cc13xxware.aem3 : RFCC26XX_singleMode.oem3 (.text:dispatchOpWhen)
                  000094dc    00000050                                   : RFCC26XX_singleMode.oem3 (.text:syncCb)
                  0000952c    00000050     sysbios.aem3 : BIOS.obj (.text:ti_sysbios_knl_Swi_runLoop__I)
                  0000957c    00000050                  : BIOS.obj (.text:xdc_runtime_Startup_exec__E)
                  000095cc    0000004c     rf_singleMode_cc13xxware.aem3 : RFCC26XX_singleMode.oem3 (.text:applyRfCorePatch)
                  00009618    0000004c     rtsv7M3_T_le_eabi.lib : atoi.obj (.text)
                  00009664    0000004c                           : cpy_tbl.obj (.text)
                  000096b0    0000004c     drivers_cc13xxware.aem3 : UARTCC26XX.oem3 (.text:startTxFifoEmptyClk)
                  000096fc    0000004c     sysbios.aem3 : m3_TaskSupport_asm.obj (.text:ti_sysbios_family_arm_m3_TaskSupport_buildTaskStack)
                  00009748    0000004c     ti.uia.loggers.aem3 : LoggerStopMode.oem3 (.text:ti_uia_loggers_LoggerStopMode_Module_startup__E)
                  00009794    00000049     RF_Com.obj (.text:RFCom_init)
                  000097dd    00000001     --HOLE-- [fill = 0]
                  000097de    00000002     smartrf_settings_predefined.obj (.text:enterGenookSysPatch)
                  000097e0    00000048     driverlib.lib : chipinfo.obj (.text:NOROM_ChipInfo_GetChipFamily)
                  00009828    00000048     drivers_cc13xxware.aem3 : PINCC26XX.oem3 (.text:PIN_setOutputEnable)
                  00009870    00000048                             : PINCC26XX.oem3 (.text:PIN_swi)
                  000098b8    00000048     rf_singleMode_cc13xxware.aem3 : RFCC26XX_singleMode.oem3 (.text:RF_runCmd)
                  00009900    00000048     drivers_cc13xxware.aem3 : PowerCC26XX.oem3 (.text:notify)
                  00009948    00000048     rtsv7M3_T_le_eabi.lib : fd_toi_t2.obj (.text)
                  00009990    00000048     sysbios.aem3 : BIOS.obj (.text:ti_sysbios_family_arm_m3_Hwi_Module_startup__E)
                  000099d8    00000048                  : m3_Hwi_asm_switch.obj (.text:ti_sysbios_family_arm_m3_Hwi_initStacks__E)
                  00009a20    00000048                  : BIOS.obj (.text:ti_sysbios_heaps_HeapMem_getStats__E)
                  00009a68    00000048                  : BIOS.obj (.text:xdc_runtime_Assert_raise__I)
                  00009ab0    00000048                  : BIOS.obj (.text:xdc_runtime_Core_assignParams__I)
                  00009af8    00000048                  : BIOS.obj (.text:xdc_runtime_Core_constructObject__I)
                  00009b40    00000046     drivers_cc13xxware.aem3 : RingBuf.oem3 (.text:RingBuf_put)
                  00009b86    00000002     smartrf_settings_predefined.obj (.text:enterLrmSysPatch)
                  00009b88    00000044     boot.aem3 : boot.oem3 (.text)
                  00009bcc    00000044     sysbios.aem3 : BIOS.obj (.text:ti_sysbios_family_arm_m3_Hwi_disableInterrupt__E)
                  00009c10    00000044                  : BIOS.obj (.text:ti_sysbios_family_arm_m3_Hwi_enableInterrupt__E)
                  00009c54    00000044                  : BIOS.obj (.text:ti_sysbios_knl_Swi_post__E)
                  00009c98    00000044                  : BIOS.obj (.text:ti_sysbios_knl_Task_allBlockedFunction__I)
                  00009cdc    00000044     ti.uia.loggers.aem3 : LoggerStopMode.oem3 (.text:ti_uia_loggers_LoggerStopMode_initBuffer__I)
                  00009d20    00000044     sysbios.aem3 : BIOS.obj (.text:xdc_runtime_SysMin_flush__E)
                  00009d64    00000040     drivers_cc13xxware.aem3 : RingBuf.oem3 (.text:RingBuf_get)
                  00009da4    00000040     sysbios.aem3 : BIOS.obj (.text:ti_sysbios_family_arm_m3_Hwi_getStackInfo__E)
                  00009de4    0000003c     driverlib.lib : osc.obj (.text:NOROM_OSC_HPOSCRelativeFrequencyOffsetGet)
                  00009e20    0000003c                   : rfc.obj (.text:NOROM_RFCSynthPowerDown)
                  00009e5c    0000003c     drivers_cc13xxware.aem3 : PINCC26XX.oem3 (.text:PIN_setOutputValue)
                  00009e98    0000003c                             : UARTCC26XX.oem3 (.text:UARTCC26XX_swiIntFxn)
                  00009ed4    0000003a     sysbios.aem3 : BIOS.obj (.text:ti_sysbios_knl_Task_exit__E)
                  00009f0e    00000002                  : BIOS.obj (.text:ti_sysbios_BIOS_linkedWithIncorrectBootLibrary__E)
                  00009f10    00000038     drivers_cc13xxware.aem3 : UART.oem3 (.text:UART_init)
                  00009f48    00000038                             : UARTCC26XX.oem3 (.text:readData)
                  00009f80    00000038     sysbios.aem3 : BIOS.obj (.text:ti_sysbios_family_arm_cc26xx_Timer_getCurrentTick__E)
                  00009fb8    00000038                  : BIOS.obj (.text:ti_sysbios_family_arm_m3_Hwi_Instance_finalize__E)
                  00009ff0    00000038                  : BIOS.obj (.text:ti_sysbios_heaps_HeapMem_Instance_init__E)
                  0000a028    00000038                  : BIOS.obj (.text:ti_sysbios_knl_Clock_Instance_init__E)
                  0000a060    00000038     drivers_cc13xxware.aem3 : UARTCC26XX.oem3 (.text:writeData)
                  0000a098    00000038     sysbios.aem3 : BIOS.obj (.text:xdc_runtime_SysMin_putch__E)
                  0000a0d0    00000038                  : BIOS.obj (.text:xdc_runtime_System_atexit__E)
                  0000a108    00000036     rtsv7M3_T_le_eabi.lib : strncpy.obj (.text)
                  0000a13e    00000036     rf_singleMode_cc13xxware.aem3 : RFCC26XX_singleMode.oem3 (.text:updateImplicitState)
                  0000a174    00000034     driverlib.lib : osc.obj (.text:NOROM_OSCHF_SwitchToRcOscTurnOffXosc)
                  0000a1a8    00000034     drivers_cc13xxware.aem3 : PINCC26XX.oem3 (.text:PIN_setConfig)
                  0000a1dc    00000034     rf_singleMode_cc13xxware.aem3 : RFCC26XX_singleMode.oem3 (.text:Q_push)
                  0000a210    00000034     transmitter.obj (.text:doTransmission)
                  0000a244    00000034     drivers_cc13xxware.aem3 : UARTCC26XX.oem3 (.text:readData2RingBuf)
                  0000a278    00000034     sysbios.aem3 : BIOS.obj (.text:ti_sysbios_family_arm_cc26xx_Timer_initDevice__I)
                  0000a2ac    00000034                  : BIOS.obj (.text:ti_sysbios_heaps_HeapMem_init__I)
                  0000a2e0    00000034     water_sensor_wireless_comm_pem3.oem3 (.text:ti_sysbios_knl_Clock_construct)
                  0000a314    00000034     water_sensor_wireless_comm_pem3.oem3 (.text:ti_sysbios_knl_Semaphore_create)
                  0000a348    00000034     sysbios.aem3 : BIOS.obj (.text:ti_sysbios_knl_Swi_restore__E)
                  0000a37c    00000034                  : BIOS.obj (.text:ti_sysbios_knl_Task_blockI__E)
                  0000a3b0    00000034                  : BIOS.obj (.text:ti_sysbios_utils_Load_updateCurrentThreadTime__E)
                  0000a3e4    00000034     ti.uia.loggers.aem3 : LoggerStopMode.oem3 (.text:ti_uia_loggers_LoggerStopMode_reset__E)
                  0000a418    00000034     sysbios.aem3 : BIOS.obj (.text:xdc_runtime_Core_assignLabel__I)
                  0000a44c    00000032                  : BIOS.obj (.text:ti_sysbios_family_arm_cc26xx_Timer_setNextTick__E)
                  0000a47e    00000002     water_sensor_wireless_comm_pem3.oem3 (.text:ti_sysbios_BIOS_nullFunc__I)
                  0000a480    00000030     driverlib.lib : chipinfo.obj (.text:NOROM_ChipInfo_GetChipType)
                  0000a4b0    00000030                   : setup_rom.obj (.text:NOROM_SetupSetAonRtcSubSecInc)
                  0000a4e0    00000030     drivers_cc13xxware.aem3 : PowerCC26XX.oem3 (.text:Power_releaseConstraint)
                  0000a510    00000030                             : PowerCC26XX.oem3 (.text:Power_setConstraint)
                  0000a540    00000030                             : UART.oem3 (.text:UART_open)
                  0000a570    00000030     rf_singleMode_cc13xxware.aem3 : RFCC26XX_singleMode.oem3 (.text:clkPowerUpFxn)
                  0000a5a0    00000030     water_sensor_wireless_comm_pem3.oem3 (.text:ti_sysbios_BIOS_atExitFunc__I)
                  0000a5d0    00000030     water_sensor_wireless_comm_pem3.oem3 (.text:ti_sysbios_BIOS_startFunc__I)
                  0000a600    00000030     sysbios.aem3 : BIOS.obj (.text:ti_sysbios_family_arm_cc26xx_Timer_setThreshold__I)
                  0000a630    00000030     water_sensor_wireless_comm_pem3.oem3 (.text:ti_sysbios_gates_GateHwi_Object__create__S)
                  0000a660    00000030     water_sensor_wireless_comm_pem3.oem3 (.text:ti_sysbios_gates_GateMutex_Object__create__S)
                  0000a690    00000030     sysbios.aem3 : BIOS.obj (.text:ti_sysbios_gates_GateMutex_enter__E)
                  0000a6c0    00000030     water_sensor_wireless_comm_pem3.oem3 (.text:ti_sysbios_heaps_HeapMem_Object__create__S)
                  0000a6f0    00000030     sysbios.aem3 : BIOS.obj (.text:ti_sysbios_heaps_HeapMem_free__E)
                  0000a720    00000030     water_sensor_wireless_comm_pem3.oem3 (.text:ti_sysbios_knl_Semaphore_construct)
                  0000a750    00000030     sysbios.aem3 : BIOS.obj (.text:ti_sysbios_knl_Task_processVitalTaskFlag__I)
                  0000a780    00000030     water_sensor_wireless_comm_pem3.oem3 (.text:ti_uia_loggers_LoggerStopMode_Object__create__S)
                  0000a7b0    00000030     sysbios.aem3 : BIOS.obj (.text:xdc_runtime_SysMin_abort__E)
                  0000a7e0    00000030                  : BIOS.obj (.text:xdc_runtime_System_processAtExit__E)
                  0000a810    0000002e     water_sensor_wireless_comm_pem3.oem3 (.text:malloc)
                  0000a83e    0000002e     rtsv7M3_T_le_eabi.lib : i_tofd_t2.obj (.text)
                  0000a86c    0000002e     sysbios.aem3 : BIOS.obj (.text:ti_sysbios_family_arm_m3_TaskSupport_start__E)
                  0000a89a    0000002e                  : BIOS.obj (.text:ti_sysbios_hal_Hwi_initStack)
                  0000a8c8    0000002c     driverlib.lib : ddi.obj (.text:NOROM_DDI32RegWrite)
                  0000a8f4    0000002c                   : osc.obj (.text:NOROM_OSCClockSourceGet)
                  0000a920    0000002c                   : setup_rom.obj (.text:NOROM_SetupGetTrimForRadcExtCfg)
                  0000a94c    0000002c     drivers_cc13xxware.aem3 : PINCC26XX.oem3 (.text:PINCC26XX_setMux)
                  0000a978    0000002c     rf_singleMode_cc13xxware.aem3 : RFCC26XX_singleMode.oem3 (.text:getCmd)
                  0000a9a4    0000002c     sysbios.aem3 : BIOS.obj (.text:ti_sysbios_knl_Clock_getTicksUntilInterrupt__E)
                  0000a9d0    0000002c     water_sensor_wireless_comm_pem3.oem3 (.text:ti_sysbios_knl_Queue_construct)
                  0000a9fc    0000002c     sysbios.aem3 : BIOS.obj (.text:ti_sysbios_knl_Semaphore_pendTimeout__I)
                  0000aa28    0000002c                  : BIOS.obj (.text:ti_sysbios_knl_Task_unblockI__E)
                  0000aa54    0000002c                  : BIOS.obj (.text:xdc_runtime_Text_cordText__E)
                  0000aa80    00000028     driverlib.lib : aon_batmon.obj (.text:NOROM_AONBatMonTemperatureGetDegC)
                  0000aaa8    00000028     drivers_cc13xxware.aem3 : PowerCC26XX.oem3 (.text:Power_registerNotify)
                  0000aad0    00000028     rf_singleMode_cc13xxware.aem3 : RFCC26XX_singleMode.oem3 (.text:Q_end)
                  0000aaf8    00000028     driverlib.lib : adi.obj (.text:SafeHapiVoid)
                  0000ab20    00000028     sysbios.aem3 : BIOS.obj (.text:ti_sysbios_knl_Clock_addI__E)
                  0000ab48    00000028                  : BIOS.obj (.text:ti_sysbios_knl_Task_restore__E)
                  0000ab70    00000026     drivers_cc13xxware.aem3 : List.oem3 (.text:List_put)
                  0000ab96    00000002     sysbios.aem3 : BIOS.obj (.text:ti_sysbios_gates_GateHwi_Instance_init__E)
                  0000ab98    00000024     drivers_cc13xxware.aem3 : PINCC26XX.oem3 (.text:PINCC26XX_getPinCount)
                  0000abbc    00000024                             : PowerCC26XX_calibrateRCOSC.oem3 (.text:getTdcSemaphore)
                  0000abe0    00000024     rf_singleMode_cc13xxware.aem3 : RFCC26XX_singleMode.oem3 (.text:hwiFxnCpe0PowerFsm)
                  0000ac04    00000024     water_sensor_wireless_comm_pem3.oem3 (.text:ti_sysbios_BIOS_registerRTSLock__I)
                  0000ac28    00000024     water_sensor_wireless_comm_pem3.oem3 (.text:ti_sysbios_BIOS_removeRTSLock__I)
                  0000ac4c    00000024     sysbios.aem3 : BIOS.obj (.text:ti_sysbios_family_arm_cc26xx_Timer_Module_startup__E)
                  0000ac70    00000024                  : BIOS.obj (.text:ti_sysbios_family_arm_cc26xx_Timer_getMaxTicks__E)
                  0000ac94    00000024                  : BIOS.obj (.text:ti_sysbios_family_arm_cc26xx_Timer_startup__E)
                  0000acb8    00000024     water_sensor_wireless_comm_pem3.oem3 (.text:ti_sysbios_gates_GateMutex_Object__delete__S)
                  0000acdc    00000024     sysbios.aem3 : BIOS.obj (.text:ti_sysbios_knl_Semaphore_Instance_init__E)
                  0000ad00    00000024                  : BIOS.obj (.text:ti_sysbios_knl_Swi_Module_startup__E)
                  0000ad24    00000024                  : BIOS.obj (.text:ti_sysbios_utils_Load_updateThreadContexts__E)
                  0000ad48    00000022                  : BIOS.obj (.text:ti_sysbios_family_arm_cc26xx_Timer_postInit__I)
                  0000ad6a    00000022     water_sensor_wireless_comm_pem3.oem3 (.text:xdc_runtime_SysMin_output__I)
                  0000ad8c    00000020     driverlib.lib : rfc.obj (.text:NOROM_RFCAdi3VcoLdoVoltageMode)
                  0000adac    00000020                   : rfc.obj (.text:NOROM_RFCDoorbellSendTo)
                  0000adcc    00000020                   : setup_rom.obj (.text:NOROM_SetupGetTrimForXoscHfCtl)
                  0000adec    00000020     drivers_cc13xxware.aem3 : PowerCC26XX.oem3 (.text:Power_unregisterNotify)
                  0000ae0c    00000020     rf_singleMode_cc13xxware.aem3 : RFCC26XX_singleMode.oem3 (.text:allocCmd)
                  0000ae2c    00000020     rtsv7M3_T_le_eabi.lib : memchr.obj (.text)
                  0000ae4c    00000020     water_sensor_wireless_comm_pem3.oem3 (.text:ti_sysbios_BIOS_rtsLock__I)
                  0000ae6c    00000020     sysbios.aem3 : BIOS.obj (.text:ti_sysbios_family_arm_cc26xx_Timer_dynamicStub__E)
                  0000ae8c    00000020                  : BIOS.obj (.text:ti_sysbios_family_arm_cc26xx_TimestampProvider_Module_startup__E)
                  0000aeac    00000020                  : m3_Hwi_asm.obj (.text:ti_sysbios_family_arm_m3_Hwi_excHandlerAsm__I)
                  0000aecc    00000020                  : BIOS.obj (.text:ti_sysbios_family_arm_m3_Hwi_excHandler__I)
                  0000aeec    00000020     water_sensor_wireless_comm_pem3.oem3 (.text:ti_sysbios_gates_GateHwi_Object__delete__S)
                  0000af0c    00000020     water_sensor_wireless_comm_pem3.oem3 (.text:ti_sysbios_heaps_HeapMem_Object__delete__S)
                  0000af2c    00000020     sysbios.aem3 : BIOS.obj (.text:ti_sysbios_knl_Clock_Module_startup__E)
                  0000af4c    00000020     water_sensor_wireless_comm_pem3.oem3 (.text:ti_sysbios_knl_Clock_Object__destruct__S)
                  0000af6c    00000020     sysbios.aem3 : BIOS.obj (.text:ti_sysbios_knl_Clock_getTicks__E)
                  0000af8c    00000020                  : BIOS.obj (.text:ti_sysbios_knl_Clock_stop__E)
                  0000afac    00000020                  : BIOS.obj (.text:ti_sysbios_knl_Idle_run__E)
                  0000afcc    00000020     water_sensor_wireless_comm_pem3.oem3 (.text:ti_sysbios_knl_Semaphore_Object__destruct__S)
                  0000afec    00000020     sysbios.aem3 : BIOS.obj (.text:ti_sysbios_knl_Task_restoreHwi__E)
                  0000b00c    00000020     water_sensor_wireless_comm_pem3.oem3 (.text:ti_uia_loggers_LoggerStopMode_Object__delete__S)
                  0000b02c    00000020     sysbios.aem3 : BIOS.obj (.text:xdc_runtime_SysMin_Module_startup__E)
                  0000b04c    0000001e     drivers_cc13xxware.aem3 : PINCC26XX.oem3 (.text:PIN_close)
                  0000b06a    0000001e                             : PowerCC26XX.oem3 (.text:Power_getTransitionLatency)
                  0000b088    0000001e     sysbios.aem3 : m3_Hwi_asm_switch.obj (.text:ti_sysbios_family_xxx_Hwi_switchAndRunFunc)
                  0000b0a6    00000002                  : BIOS.obj (.text:ti_sysbios_knl_Clock_logTick__E)
                  0000b0a8    0000001c     driverlib.lib : setup_rom.obj (.text:NOROM_SetupGetTrimForAmpcompTh2)
                  0000b0c4    0000001c                   : setup_rom.obj (.text:NOROM_SetupGetTrimForRcOscLfRtuneCtuneTrim)
                  0000b0e0    0000001c     drivers_cc13xxware.aem3 : PINCC26XX.oem3 (.text:PINCC26XX_setIoCfgMux)
                  0000b0fc    0000001c                             : PINCC26XX.oem3 (.text:PIN_hwi)
                  0000b118    0000001c     smartrf_settings.obj (.text:enterGenfskCpePatch)
                  0000b134    0000001c     smartrf_settings_predefined.obj (.text:enterGenfskCpePatch)
                  0000b150    0000001c     smartrf_settings_predefined.obj (.text:enterGenookCpePatch)
                  0000b16c    0000001c     smartrf_settings_predefined.obj (.text:enterLrmCpePatch)
                  0000b188    0000001c     water_sensor_wireless_comm_pem3.oem3 (.text:ti_sysbios_family_arm_m3_Hwi_Object__destruct__S)
                  0000b1a4    0000001c     sysbios.aem3 : BIOS.obj (.text:ti_sysbios_family_arm_m3_Hwi_setPriority__E)
                  0000b1c0    0000001c                  : BIOS.obj (.text:ti_sysbios_gates_GateMutex_Instance_init__E)
                  0000b1dc    0000001c                  : BIOS.obj (.text:ti_sysbios_knl_Clock_scheduleNextTick__E)
                  0000b1f8    0000001c     water_sensor_wireless_comm_pem3.oem3 (.text:ti_sysbios_knl_Queue_Object__destruct__S)
                  0000b214    0000001c     sysbios.aem3 : BIOS.obj (.text:ti_sysbios_knl_Queue_put__E)
                  0000b230    0000001c     water_sensor_wireless_comm_pem3.oem3 (.text:ti_sysbios_knl_Swi_Object__destruct__S)
                  0000b24c    0000001c     sysbios.aem3 : BIOS.obj (.text:ti_sysbios_knl_Task_enter__I)
                  0000b268    0000001c     ti.uia.loggers.aem3 : LoggerStopMode.oem3 (.text:ti_uia_loggers_LoggerStopMode_Instance_init__E)
                  0000b284    0000001c     sysbios.aem3 : BIOS.obj (.text:xdc_runtime_Error_check__E)
                  0000b2a0    0000001c                  : BIOS.obj (.text:xdc_runtime_Error_raiseX__E)
                  0000b2bc    0000001c                  : BIOS.obj (.text:xdc_runtime_Memory_valloc__E)
                  0000b2d8    0000001c                  : BIOS.obj (.text:xdc_runtime_SysMin_exit__E)
                  0000b2f4    0000001c                  : BIOS.obj (.text:xdc_runtime_System_abort__E)
                  0000b310    0000001a     drivers_cc13xxware.aem3 : List.oem3 (.text:List_remove)
                  0000b32a    0000001a     rtsv7M3_T_le_eabi.lib : memccpy.obj (.text)
                  0000b344    0000001a     sysbios.aem3 : m3_Hwi_asm.obj (.text:ti_sysbios_family_arm_m3_Hwi_pendSV__I)
                  0000b35e    0000001a                  : BIOS.obj (.text:ti_sysbios_knl_Task_sleepTimeout__I)
                  0000b378    00000018     driverlib.lib : aon_rtc.obj (.text:NOROM_AONRTCCurrentCompareValueGet)
                  0000b390    00000018                   : chipinfo.obj (.text:NOROM_ChipInfo_GetPackageType)
                  0000b3a8    00000018                   : osc.obj (.text:NOROM_OSCHF_TurnOnXosc)
                  0000b3c0    00000018                   : rfc.obj (.text:NOROM_RFCCpeIntGetAndClear)
                  0000b3d8    00000018                   : setup_rom.obj (.text:NOROM_SetupGetTrimForAdcShModeEn)
                  0000b3f0    00000018                   : setup_rom.obj (.text:NOROM_SetupGetTrimForAdcShVbufEn)
                  0000b408    00000018                   : setup_rom.obj (.text:NOROM_SetupGetTrimForAmpcompTh1)
                  0000b420    00000018                   : setup_rom.obj (.text:NOROM_SetupGetTrimForDblrLoopFilterResetVoltage)
                  0000b438    00000018                   : setup_rom.obj (.text:NOROM_SetupGetTrimForRcOscLfIBiasTrim)
                  0000b450    00000018                   : setup_rom.obj (.text:NOROM_SetupGetTrimForXoscLfRegulatorAndCmirrwrRatio)
                  0000b468    00000018     drivers_cc13xxware.aem3 : PowerCC26XX.oem3 (.text:Power_idleFunc)
                  0000b480    00000018     rf_singleMode_cc13xxware.aem3 : RFCC26XX_singleMode.oem3 (.text:Q_pop)
                  0000b498    00000018     drivers_cc13xxware.aem3 : UARTCC26XX.oem3 (.text:UARTCC26XX_init)
                  0000b4b0    00000018                             : UART.oem3 (.text:UART_Params_init)
                  0000b4c8    00000018                             : PowerCC26XX.oem3 (.text:configureRFCoreClocks)
                  0000b4e0    00000018     water_sensor_wireless_comm_pem3.oem3 (.text:free)
                  0000b4f8    00000018     rtsv7M3_T_le_eabi.lib : args_main.obj (.text)
                  0000b510    00000018                           : ll_mul_t2.obj (.text)
                  0000b528    00000018                           : strcmp.obj (.text)
                  0000b540    00000018     rf_singleMode_cc13xxware.aem3 : RFCC26XX_singleMode.oem3 (.text:swiFxnFsm)
                  0000b558    00000018     water_sensor_wireless_comm_pem3.oem3 (.text:ti_sysbios_BIOS_rtsUnlock__I)
                  0000b570    00000018     water_sensor_wireless_comm_pem3.oem3 (.text:ti_sysbios_family_arm_cc26xx_Timer_Module__startupDone__F)
                  0000b588    00000018     sysbios.aem3 : BIOS.obj (.text:ti_sysbios_family_arm_cc26xx_TimestampProvider_get64__E)
                  0000b5a0    00000018     water_sensor_wireless_comm_pem3.oem3 (.text:ti_sysbios_family_arm_m3_Hwi_Module__startupDone__F)
                  0000b5b8    00000018     sysbios.aem3 : BIOS.obj (.text:ti_sysbios_family_arm_m3_Hwi_plug__E)
                  0000b5d0    00000018     water_sensor_wireless_comm_pem3.oem3 (.text:ti_sysbios_gates_GateHwi_Handle__label__S)
                  0000b5e8    00000018     water_sensor_wireless_comm_pem3.oem3 (.text:ti_sysbios_gates_GateMutex_Handle__label__S)
                  0000b600    00000018     sysbios.aem3 : BIOS.obj (.text:ti_sysbios_gates_GateMutex_leave__E)
                  0000b618    00000018     water_sensor_wireless_comm_pem3.oem3 (.text:ti_sysbios_heaps_HeapMem_Handle__label__S)
                  0000b630    00000018     sysbios.aem3 : BIOS.obj (.text:ti_sysbios_knl_Swi_or__E)
                  0000b648    00000018                  : BIOS.obj (.text:ti_sysbios_knl_Task_unblock__E)
                  0000b660    00000018     water_sensor_wireless_comm_pem3.oem3 (.text:ti_uia_loggers_LoggerStopMode_Handle__label__S)
                  0000b678    00000018     sysbios.aem3 : BIOS.obj (.text:xdc_runtime_System_exit__E)
                  0000b690    00000018                  : BIOS.obj (.text:xdc_runtime_Text_ropeText__E)
                  0000b6a8    00000016     driverlib.lib : chipinfo.obj (.text:NOROM_ThisCodeIsBuiltForCC13xxHwRev20AndLater_HaltIfViolated)
                  0000b6be    00000016     rtsv7M3_T_le_eabi.lib : strchr.obj (.text)
                  0000b6d4    00000016                           : strcpy.obj (.text)
                  0000b6ea    00000016     water_sensor_wireless_comm_pem3.oem3 (.text:ti_sysbios_BIOS_exitFunc__I)
                  0000b700    00000016     sysbios.aem3 : BIOS.obj (.text:ti_sysbios_knl_Clock_Instance_finalize__E)
                  0000b716    00000016                  : BIOS.obj (.text:ti_sysbios_knl_Clock_start__E)
                  0000b72c    00000016     EasyLink.obj (.text:ti_sysbios_knl_Semaphore_Params_init)
                  0000b742    00000016     main.obj (.text:ti_sysbios_knl_Task_Params_init)
                  0000b758    00000016     ti.uia.loggers.aem3 : LoggerStopMode.oem3 (.text:ti_uia_loggers_LoggerStopMode_disable__E)
                  0000b76e    00000016                         : LoggerStopMode.oem3 (.text:ti_uia_loggers_LoggerStopMode_enable__E)
                  0000b784    00000014     driverlib.lib : aon_rtc.obj (.text:NOROM_AONRTCCurrent64BitValueGet)
                  0000b798    00000014     rf_singleMode_cc13xxware.aem3 : RFCC26XX_singleMode.oem3 (.text:RF_Params_init)
                  0000b7ac    00000014     rtsv7M3_T_le_eabi.lib : _lock.obj (.text)
                  0000b7c0    00000014                           : strlen.obj (.text)
                  0000b7d4    00000014     water_sensor_wireless_comm_pem3.oem3 (.text:ti_sysbios_family_arm_m3_Hwi_Object__get__S)
                  0000b7e8    00000014     sysbios.aem3 : BIOS.obj (.text:ti_sysbios_family_arm_m3_Hwi_switchFromBootStack__E)
                  0000b7fc    00000014     water_sensor_wireless_comm_pem3.oem3 (.text:ti_sysbios_heaps_HeapMem_Object__get__S)
                  0000b810    00000014     water_sensor_wireless_comm_pem3.oem3 (.text:ti_sysbios_knl_Clock_doTick__I)
                  0000b824    00000014     water_sensor_wireless_comm_pem3.oem3 (.text:ti_sysbios_knl_Swi_Object__get__S)
                  0000b838    00000012     drivers_cc13xxware.aem3 : RingBuf.oem3 (.text:RingBuf_construct)
                  0000b84a    00000012     sysbios.aem3 : BIOS.obj (.text:ti_sysbios_hal_Hwi_Module_startup__E)
                  0000b85c    00000012     water_sensor_wireless_comm_pem3.oem3 (.text:xdc_runtime_Startup_exec__I)
                  0000b86e    00000002     sysbios.aem3 : BIOS.obj (.text:ti_sysbios_knl_Clock_triggerFunc__I)
                  0000b870    00000010     rf_singleMode_cc13xxware.aem3 : RFCC26XX_singleMode.oem3 (.text:FsmDispatch)
                  0000b880    00000010     driverlib.lib : rfc.obj (.text:NOROM_RFCRfTrimSet)
                  0000b890    00000010                   : setup_rom.obj (.text:NOROM_SetupGetTrimForXoscHfFastStart)
                  0000b8a0    00000010                   : setup_rom.obj (.text:NOROM_SetupGetTrimForXoscHfIbiastherm)
                  0000b8b0    00000010     smartrf_settings.obj (.text:applyGenfskPatch)
                  0000b8c0    00000010     smartrf_settings_predefined.obj (.text:applyGenfskPatch)
                  0000b8d0    00000010     smartrf_settings_predefined.obj (.text:applyGenookPatch)
                  0000b8e0    00000010     smartrf_settings_predefined.obj (.text:applyLrmPatch)
                  0000b8f0    00000010     sysbios.aem3 : BIOS.obj (.text:ti_sysbios_BIOS_exit__E)
                  0000b900    00000010                  : BIOS.obj (.text:ti_sysbios_BIOS_getCpuFreq__E)
                  0000b910    00000010                  : BIOS.obj (.text:ti_sysbios_BIOS_setThreadType__E)
                  0000b920    00000010                  : BIOS.obj (.text:ti_sysbios_BIOS_start__E)
                  0000b930    00000010                  : BIOS.obj (.text:ti_sysbios_family_arm_m3_Hwi_post__E)
                  0000b940    00000010                  : m3_TaskSupport_asm.obj (.text:ti_sysbios_family_arm_m3_TaskSupport_glue)
                  0000b950    00000010                  : m3_TaskSupport_asm.obj (.text:ti_sysbios_family_arm_m3_TaskSupport_swap__E)
                  0000b960    00000010                  : BIOS.obj (.text:ti_sysbios_gates_GateMutex_Instance_finalize__E)
                  0000b970    00000010                  : BIOS.obj (.text:ti_sysbios_knl_Semaphore_Instance_finalize__E)
                  0000b980    00000010                  : BIOS.obj (.text:ti_sysbios_knl_Swi_disable__E)
                  0000b990    00000010                  : BIOS.obj (.text:ti_sysbios_knl_Swi_enabled__E)
                  0000b9a0    00000010     water_sensor_wireless_comm_pem3.oem3 (.text:ti_sysbios_knl_Task_Object__get__S)
                  0000b9b0    00000010     sysbios.aem3 : BIOS.obj (.text:ti_sysbios_knl_Task_disable__E)
                  0000b9c0    00000010     water_sensor_wireless_comm_pem3.oem3 (.text:ti_uia_loggers_LoggerStopMode_Object__get__S)
                  0000b9d0    00000010     ti.uia.loggers.aem3 : LoggerStopMode.oem3 (.text:ti_uia_loggers_LoggerStopMode_isEmpty__E)
                  0000b9e0    00000010     drivers_cc13xxware.aem3 : UARTCC26XX.oem3 (.text:uartPostNotify)
                  0000b9f0    00000010     sysbios.aem3 : BIOS.obj (.text:xdc_runtime_Gate_leaveSystem__E)
                  0000ba00    00000010                  : BIOS.obj (.text:xdc_runtime_Memory_free__E)
                  0000ba10    0000000e     driverlib.lib : vims.obj (.text:NOROM_VIMSModeGet)
                  0000ba1e    0000000e     rtsv7M3_T_le_eabi.lib : copy_decompress_none.obj (.text:decompress:none)
                  0000ba2c    0000000e     sysbios.aem3 : BIOS.obj (.text:ti_sysbios_family_arm_cc26xx_TimestampProvider_get32__E)
                  0000ba3a    0000000e                  : BIOS.obj (.text:ti_sysbios_family_arm_m3_TaskSupport_checkStack__E)
                  0000ba48    0000000e                  : BIOS.obj (.text:ti_sysbios_heaps_HeapMem_restore__E)
                  0000ba56    0000000e                  : BIOS.obj (.text:ti_sysbios_knl_Queue_empty__E)
                  0000ba64    0000000e                  : BIOS.obj (.text:ti_sysbios_knl_Queue_remove__E)
                  0000ba72    00000002                  : BIOS.obj (.text:ti_sysbios_knl_Swi_Instance_finalize__E)
                  0000ba74    0000000c     rf_singleMode_cc13xxware.aem3 : RFCC26XX_singleMode.oem3 (.text:FsmNextState)
                  0000ba80    0000000c     driverlib.lib : cpu.obj (.text:NOROM_CPUcpsid)
                  0000ba8c    0000000c                   : cpu.obj (.text:NOROM_CPUcpsie)
                  0000ba98    0000000c     drivers_cc13xxware.aem3 : PowerCC26XX.oem3 (.text:Power_getConstraintMask)
                  0000baa4    0000000c                             : PowerCC26XX.oem3 (.text:Power_getDependencyCount)
                  0000bab0    0000000c     rtsv7M3_T_le_eabi.lib : copy_zero_init.obj (.text:decompress:ZI)
                  0000babc    0000000c     main.obj (.text:taskTx)
                  0000bac8    0000000c     sysbios.aem3 : BIOS.obj (.text:ti_sysbios_BIOS_getThreadType__E)
                  0000bad4    0000000c                  : BIOS.obj (.text:ti_sysbios_family_arm_cc26xx_TimestampProvider_getFreq__E)
                  0000bae0    0000000c     water_sensor_wireless_comm_pem3.oem3 (.text:ti_sysbios_family_arm_m3_Hwi_Params__init__S)
                  0000baec    0000000c     sysbios.aem3 : BIOS.obj (.text:ti_sysbios_family_arm_m3_Hwi_disableFxn__E)
                  0000baf8    0000000c                  : BIOS.obj (.text:ti_sysbios_family_arm_m3_TaskSupport_getStackAlignment__E)
                  0000bb04    0000000c                  : BIOS.obj (.text:ti_sysbios_gates_GateHwi_enter__E)
                  0000bb10    0000000c     water_sensor_wireless_comm_pem3.oem3 (.text:ti_sysbios_knl_Clock_Params__init__S)
                  0000bb1c    0000000c     sysbios.aem3 : BIOS.obj (.text:ti_sysbios_knl_Clock_getTimerHandle__E)
                  0000bb28    0000000c     water_sensor_wireless_comm_pem3.oem3 (.text:ti_sysbios_knl_Queue_Object__get__S)
                  0000bb34    0000000c     sysbios.aem3 : BIOS.obj (.text:ti_sysbios_knl_Queue_dequeue__E)
                  0000bb40    0000000c                  : BIOS.obj (.text:ti_sysbios_knl_Queue_enqueue__E)
                  0000bb4c    0000000c     water_sensor_wireless_comm_pem3.oem3 (.text:ti_sysbios_knl_Semaphore_Params__init__S)
                  0000bb58    0000000c     water_sensor_wireless_comm_pem3.oem3 (.text:ti_sysbios_knl_Swi_Params__init__S)
                  0000bb64    0000000c     sysbios.aem3 : BIOS.obj (.text:ti_sysbios_knl_Swi_getTrigger__E)
                  0000bb70    0000000c     water_sensor_wireless_comm_pem3.oem3 (.text:ti_sysbios_knl_Task_Params__init__S)
                  0000bb7c    0000000c     sysbios.aem3 : BIOS.obj (.text:ti_sysbios_knl_Task_self__E)
                  0000bb88    0000000c                  : BIOS.obj (.text:xdc_runtime_Error_init__E)
                  0000bb94    0000000c                  : BIOS.obj (.text:xdc_runtime_Gate_enterSystem__E)
                  0000bba0    0000000c                  : BIOS.obj (.text:xdc_runtime_Memory_calloc__E)
                  0000bbac    0000000c                  : BIOS.obj (.text:xdc_runtime_Memory_getMaxDefaultTypeAlign__E)
                  0000bbb8    0000000c                  : BIOS.obj (.text:xdc_runtime_Startup_rtsDone__E)
                  0000bbc4    0000000a     drivers_cc13xxware.aem3 : List.oem3 (.text:List_empty)
                  0000bbce    0000000a     water_sensor_wireless_comm_pem3.oem3 (.text:xdc_runtime_IHeap_alloc)
                  0000bbd8    0000000a     water_sensor_wireless_comm_pem3.oem3 (.text:xdc_runtime_IHeap_free)
                  0000bbe2    00000008     drivers_cc13xxware.aem3 : UARTCC26XX.oem3 (.text:readSemCallback)
                  0000bbea    00000008     smartrf_settings.obj (.text:rf_patch_cpe_genfsk)
                  0000bbf2    00000008     smartrf_settings_predefined.obj (.text:rf_patch_cpe_genfsk)
                  0000bbfa    00000008     smartrf_settings_predefined.obj (.text:rf_patch_cpe_genook)
                  0000bc02    00000008     smartrf_settings_predefined.obj (.text:rf_patch_cpe_lrm)
                  0000bc0a    00000008     rtsv7M3_T_le_eabi.lib : s_copysign.obj (.text)
                  0000bc12    00000008     sysbios.aem3 : BIOS.obj (.text:ti_sysbios_family_arm_m3_Hwi_doSwiRestore__I)
                  0000bc1a    00000008                  : BIOS.obj (.text:ti_sysbios_family_arm_m3_Hwi_startup__E)
                  0000bc22    00000008                  : BIOS.obj (.text:ti_sysbios_knl_Idle_loop__E)
                  0000bc2a    00000008     drivers_cc13xxware.aem3 : UARTCC26XX.oem3 (.text:writeSemCallback)
                  0000bc32    00000006                             : UARTCC26XX.oem3 (.text:UARTCC26XX_readPolling)
                  0000bc38    00000006                             : UARTCC26XX.oem3 (.text:UARTCC26XX_writePolling)
                  0000bc3e    00000006     rf_singleMode_cc13xxware.aem3 : RFCC26XX_singleMode.oem3 (.text:clkInactivityFxn)
                  0000bc44    00000006     sysbios.aem3 : BIOS.obj (.text:ti_sysbios_family_arm_m3_Hwi_doTaskRestore__I)
                  0000bc4a    00000006                  : BIOS.obj (.text:ti_sysbios_family_arm_m3_Hwi_restoreFxn__E)
                  0000bc50    00000006                  : BIOS.obj (.text:ti_sysbios_family_arm_m3_Hwi_setFunc__E)
                  0000bc56    00000006                  : BIOS.obj (.text:ti_sysbios_gates_GateHwi_leave__E)
                  0000bc5c    00000006                  : BIOS.obj (.text:ti_sysbios_heaps_HeapMem_isBlocking__E)
                  0000bc62    00000006                  : BIOS.obj (.text:ti_sysbios_knl_Queue_Instance_init__E)
                  0000bc68    00000006                  : BIOS.obj (.text:ti_sysbios_knl_Queue_elemClear__E)
                  0000bc6e    00000006                  : BIOS.obj (.text:ti_sysbios_knl_Swi_startup__E)
                  0000bc74    00000006                  : BIOS.obj (.text:xdc_runtime_System_Module_startup__E)
                  0000bc7a    00000004     tirtosport.aem3 : HwiP_tirtos.oem3 (.text:HwiP_disable)
                  0000bc7e    00000004     drivers_cc13xxware.aem3 : List.oem3 (.text:List_head)
                  0000bc82    00000004                             : List.oem3 (.text:List_next)
                  0000bc86    00000004     rf_singleMode_cc13xxware.aem3 : RFCC26XX_singleMode.oem3 (.text:Q_peek)
                  0000bc8a    00000004     drivers_cc13xxware.aem3 : PowerCC26XX.oem3 (.text:nopResourceHandler)
                  0000bc8e    00000004     water_sensor_wireless_comm_pem3.oem3 (.text:ti_sysbios_BIOS_RtsGateProxy_enter__E)
                  0000bc92    00000004     water_sensor_wireless_comm_pem3.oem3 (.text:ti_sysbios_BIOS_RtsGateProxy_leave__E)
                  0000bc96    00000004     sysbios.aem3 : BIOS.obj (.text:ti_sysbios_family_arm_cc26xx_Timer_getCount64__E)
                  0000bc9a    00000004                  : BIOS.obj (.text:ti_sysbios_family_arm_cc26xx_Timer_setPeriod__E)
                  0000bc9e    00000004     water_sensor_wireless_comm_pem3.oem3 (.text:ti_sysbios_family_arm_m3_Hwi_destruct)
                  0000bca2    00000004     water_sensor_wireless_comm_pem3.oem3 (.text:ti_sysbios_family_arm_m3_TaskSupport_Module__startupDone__S)
                  0000bca6    00000004     sysbios.aem3 : BIOS.obj (.text:ti_sysbios_gates_GateHwi_query__E)
                  0000bcaa    00000004                  : BIOS.obj (.text:ti_sysbios_gates_GateMutex_query__E)
                  0000bcae    00000004     water_sensor_wireless_comm_pem3.oem3 (.text:ti_sysbios_heaps_HeapMem_Module_GateProxy_enter__E)
                  0000bcb2    00000004     water_sensor_wireless_comm_pem3.oem3 (.text:ti_sysbios_heaps_HeapMem_Module_GateProxy_leave__E)
                  0000bcb6    00000004     water_sensor_wireless_comm_pem3.oem3 (.text:ti_sysbios_knl_Clock_TimerProxy_getCurrentTick__E)
                  0000bcba    00000004     water_sensor_wireless_comm_pem3.oem3 (.text:ti_sysbios_knl_Clock_TimerProxy_getMaxTicks__E)
                  0000bcbe    00000004     water_sensor_wireless_comm_pem3.oem3 (.text:ti_sysbios_knl_Clock_TimerProxy_setNextTick__E)
                  0000bcc2    00000004     water_sensor_wireless_comm_pem3.oem3 (.text:ti_sysbios_knl_Clock_destruct)
                  0000bcc6    00000004     sysbios.aem3 : BIOS.obj (.text:ti_sysbios_knl_Clock_removeI__E)
                  0000bcca    00000004                  : BIOS.obj (.text:ti_sysbios_knl_Clock_setTimeout__E)
                  0000bcce    00000004     water_sensor_wireless_comm_pem3.oem3 (.text:ti_sysbios_knl_Queue_destruct)
                  0000bcd2    00000004     sysbios.aem3 : BIOS.obj (.text:ti_sysbios_knl_Queue_head__E)
                  0000bcd6    00000004                  : BIOS.obj (.text:ti_sysbios_knl_Queue_next__E)
                  0000bcda    00000004     water_sensor_wireless_comm_pem3.oem3 (.text:ti_sysbios_knl_Semaphore_destruct)
                  0000bcde    00000004     water_sensor_wireless_comm_pem3.oem3 (.text:ti_sysbios_knl_Swi_destruct)
                  0000bce2    00000004     sysbios.aem3 : BIOS.obj (.text:ti_sysbios_knl_Swi_postInit__I)
                  0000bce6    00000004                  : BIOS.obj (.text:ti_sysbios_knl_Task_startup__E)
                  0000bcea    00000004     ti.uia.loggers.aem3 : LoggerStopMode.oem3 (.text:ti_uia_loggers_LoggerStopMode_getContents__E)
                  0000bcee    00000004     water_sensor_wireless_comm_pem3.oem3 (.text:ti_uia_loggers_LoggerStopMode_getFilterLevel__E)
                  0000bcf2    00000004     ti.uia.loggers.aem3 : LoggerStopMode.oem3 (.text:ti_uia_loggers_LoggerStopMode_getInstanceId__E)
                  0000bcf6    00000004                         : LoggerStopMode.oem3 (.text:ti_uia_loggers_LoggerStopMode_getMaxLength__E)
                  0000bcfa    00000004                         : LoggerStopMode.oem3 (.text:ti_uia_loggers_LoggerStopMode_getPriority__E)
                  0000bcfe    00000004                         : LoggerStopMode.oem3 (.text:ti_uia_loggers_LoggerStopMode_getTransferType__E)
                  0000bd02    00000004     water_sensor_wireless_comm_pem3.oem3 (.text:xdc_runtime_System_Module_GateProxy_enter__E)
                  0000bd06    00000004     water_sensor_wireless_comm_pem3.oem3 (.text:xdc_runtime_System_Module_GateProxy_leave__E)
                  0000bd0a    00000002     water_sensor_wireless_comm_pem3.oem3 (.text:ti_uia_loggers_LoggerStopMode_setFilterLevel__E)
                  0000bd0c    00000002     ti.uia.loggers.aem3 : LoggerStopMode.oem3 (.text:ti_uia_loggers_LoggerStopMode_setPriority__E)
                  0000bd0e    00000002     sysbios.aem3 : BIOS.obj (.text:xdc_runtime_Error_policySpin__E)
                  0000bd10    00000002                  : BIOS.obj (.text:xdc_runtime_System_abortSpin__E)
                  0000bd12    00000002                  : BIOS.obj (.text:xdc_runtime_System_exitSpin__E)

.const     0    0000bd18    00003dfa     
                  0000bd18    0000073c     smartrf_settings_predefined.obj (.const:patchGenookMce)
                  0000c454    000006b4     smartrf_settings.obj (.const:patchGenfskRfe)
                  0000cb08    000006b4     smartrf_settings_predefined.obj (.const:patchGenfskRfe)
                  0000d1bc    000006b4     smartrf_settings_predefined.obj (.const:patchLrmRfe)
                  0000d870    000006a4     smartrf_settings_predefined.obj (.const:patchGenookRfe)
                  0000df14    00000504     smartrf_settings_predefined.obj (.const:patchHsp4mbpsRfe)
                  0000e418    000003f0     smartrf_settings_predefined.obj (.const:patchHsp4mbpsMce)
                  0000e808    0000028c     smartrf_settings.obj (.const:patchImageGenfsk)
                  0000ea94    0000028c     smartrf_settings_predefined.obj (.const:patchImageGenfsk)
                  0000ed20    0000028c     smartrf_settings_predefined.obj (.const:patchImageGenook)
                  0000efac    0000028c     smartrf_settings_predefined.obj (.const:patchImageLrm)
                  0000f238    00000101     rtsv7M3_T_le_eabi.lib : ctype.obj (.const:.string:_ctypes_)
                  0000f339    00000001     smartrf_settings_predefined.obj (.const)
                  0000f33a    00000002     water_sensor_wireless_comm_pem3.oem3 (.const:ti_sysbios_family_arm_cc26xx_TimestampProvider_useClockTimer__C)
                  0000f33c    00000090     RF_Com.obj (.const:$P$T0$1)
                  0000f3cc    00000060     water_sensor_wireless_comm_pem3.oem3 (.const:ti_uia_loggers_LoggerStopMode_Module__FXNS__C)
                  0000f42c    0000004c     CC1310DK_7XD.obj (.const:BoardGpioInitTable)
                  0000f478    0000004c     drivers_cc13xxware.aem3 : PowerCC26XX.oem3 (.const:resourceDB)
                  0000f4c4    00000048     water_sensor_wireless_comm_pem3.oem3 (.const:.string)
                  0000f50c    00000040     drivers_cc13xxware.aem3 : UARTCC26XX.oem3 (.const)
                  0000f54c    00000040     smartrf_settings_predefined.obj (.const:rfPowerTable)
                  0000f58c    0000003c     water_sensor_wireless_comm_pem3.oem3 (.const:ti_sysbios_knl_Task_Object__PARAMS__C)
                  0000f5c8    00000030     rtsv7M3_T_le_eabi.lib : e_pow.obj (.const:$O1$$)
                  0000f5f8    00000030     water_sensor_wireless_comm_pem3.oem3 (.const:ti_sysbios_family_arm_m3_Hwi_Object__PARAMS__C)
                  0000f628    00000028     drivers_cc13xxware.aem3 : UARTCC26XX.oem3 (.const:UARTCC26XX_fxnTable)
                  0000f650    00000028     water_sensor_wireless_comm_pem3.oem3 (.const:ti_sysbios_heaps_HeapMem_Module__FXNS__C)
                  0000f678    00000028     water_sensor_wireless_comm_pem3.oem3 (.const:ti_sysbios_knl_Swi_Object__PARAMS__C)
                  0000f6a0    00000028     water_sensor_wireless_comm_pem3.oem3 (.const:ti_uia_loggers_LoggerStopMode_Object__PARAMS__C)
                  0000f6c8    00000028     water_sensor_wireless_comm_pem3.oem3 (.const:xdc_runtime_Startup_sfxnTab__A)
                  0000f6f0    00000024     drivers_cc13xxware.aem3 : UART.oem3 (.const:UART_defaultParams)
                  0000f714    00000024     water_sensor_wireless_comm_pem3.oem3 (.const:ti_sysbios_gates_GateHwi_Module__FXNS__C)
                  0000f738    00000024     water_sensor_wireless_comm_pem3.oem3 (.const:ti_sysbios_gates_GateMutex_Module__FXNS__C)
                  0000f75c    00000024     water_sensor_wireless_comm_pem3.oem3 (.const:ti_sysbios_heaps_HeapMem_Object__PARAMS__C)
                  0000f780    00000024     water_sensor_wireless_comm_pem3.oem3 (.const:ti_sysbios_knl_Clock_Object__PARAMS__C)
                  0000f7a4    00000024     water_sensor_wireless_comm_pem3.oem3 (.const:ti_sysbios_knl_Semaphore_Object__PARAMS__C)
                  0000f7c8    00000020     water_sensor_wireless_comm_pem3.oem3 (.const:ti_sysbios_family_arm_m3_Hwi_Object__DESC__C)
                  0000f7e8    00000020     water_sensor_wireless_comm_pem3.oem3 (.const:ti_sysbios_gates_GateHwi_Object__DESC__C)
                  0000f808    00000020     water_sensor_wireless_comm_pem3.oem3 (.const:ti_sysbios_gates_GateMutex_Object__DESC__C)
                  0000f828    00000020     water_sensor_wireless_comm_pem3.oem3 (.const:ti_sysbios_heaps_HeapMem_Object__DESC__C)
                  0000f848    00000020     water_sensor_wireless_comm_pem3.oem3 (.const:ti_sysbios_knl_Clock_Object__DESC__C)
                  0000f868    00000020     water_sensor_wireless_comm_pem3.oem3 (.const:ti_sysbios_knl_Queue_Object__DESC__C)
                  0000f888    00000020     water_sensor_wireless_comm_pem3.oem3 (.const:ti_sysbios_knl_Semaphore_Object__DESC__C)
                  0000f8a8    00000020     water_sensor_wireless_comm_pem3.oem3 (.const:ti_sysbios_knl_Swi_Object__DESC__C)
                  0000f8c8    00000020     water_sensor_wireless_comm_pem3.oem3 (.const:ti_sysbios_knl_Task_Object__DESC__C)
                  0000f8e8    00000020     water_sensor_wireless_comm_pem3.oem3 (.const:ti_uia_loggers_LoggerStopMode_Object__DESC__C)
                  0000f908    00000020     CC1310DK_7XD.obj (.const:uartCC26XXHWAttrs)
                  0000f928    00000018     EasyLink.obj (.const:$P$T0$3)
                  0000f940    00000018     CC1310DK_7XD.obj (.const:UART_config)
                  0000f958    00000018     water_sensor_wireless_comm_pem3.oem3 (.const:ti_sysbios_gates_GateHwi_Object__PARAMS__C)
                  0000f970    00000018     water_sensor_wireless_comm_pem3.oem3 (.const:ti_sysbios_gates_GateMutex_Object__PARAMS__C)
                  0000f988    00000018     water_sensor_wireless_comm_pem3.oem3 (.const:ti_sysbios_knl_Queue_Object__PARAMS__C)
                  0000f9a0    00000014     rf_singleMode_cc13xxware.aem3 : RFCC26XX_singleMode.oem3 (.const)
                  0000f9b4    00000014     water_sensor_wireless_comm_pem3.oem3 (.const:xdc_runtime_Startup_sfxnRts__A)
                  0000f9c8    00000010     CC1310DK_7XD.obj (.const:PowerCC26XX_config)
                  0000f9d8    0000000c     water_sensor_wireless_comm_pem3.oem3 (.const:xdc_runtime_Startup_firstFxns__A)
                  0000f9e4    00000008     CC1310DK_7XD.obj (.const:PINCC26XX_hwAttrs)
                  0000f9ec    00000008     water_sensor_wireless_comm_pem3.oem3 (.const:ti_sysbios_knl_Idle_funcList__A)
                  0000f9f4    00000008     water_sensor_wireless_comm_pem3.oem3 (.const:ti_sysbios_knl_Idle_funcList__C)
                  0000f9fc    00000008     water_sensor_wireless_comm_pem3.oem3 (.const:xdc_runtime_Startup_firstFxns__C)
                  0000fa04    00000008     water_sensor_wireless_comm_pem3.oem3 (.const:xdc_runtime_Startup_lastFxns__C)
                  0000fa0c    00000004     EasyLink.obj (.const:$P$T1$4)
                  0000fa10    00000004     CC1310DK_7XD.obj (.const:RFCC26XX_hwAttrs)
                  0000fa14    00000004     water_sensor_wireless_comm_pem3.oem3 (.const:ti_sysbios_family_arm_cc26xx_Timer_startupNeeded__C)
                  0000fa18    00000004     water_sensor_wireless_comm_pem3.oem3 (.const:ti_sysbios_family_arm_m3_Hwi_E_alreadyDefined__C)
                  0000fa1c    00000004     water_sensor_wireless_comm_pem3.oem3 (.const:ti_sysbios_family_arm_m3_Hwi_NUM_INTERRUPTS__C)
                  0000fa20    00000004     water_sensor_wireless_comm_pem3.oem3 (.const:ti_sysbios_family_arm_m3_Hwi_Object__count__C)
                  0000fa24    00000004     water_sensor_wireless_comm_pem3.oem3 (.const:ti_sysbios_family_arm_m3_Hwi_ccr__C)
                  0000fa28    00000004     water_sensor_wireless_comm_pem3.oem3 (.const:ti_sysbios_family_arm_m3_Hwi_excHandlerFunc__C)
                  0000fa2c    00000004     water_sensor_wireless_comm_pem3.oem3 (.const:ti_sysbios_family_arm_m3_Hwi_nullIsrFunc__C)
                  0000fa30    00000004     water_sensor_wireless_comm_pem3.oem3 (.const:ti_sysbios_family_arm_m3_Hwi_priGroup__C)
                  0000fa34    00000004     water_sensor_wireless_comm_pem3.oem3 (.const:ti_sysbios_family_arm_m3_TaskSupport_stackAlignment__C)
                  0000fa38    00000004     water_sensor_wireless_comm_pem3.oem3 (.const:ti_sysbios_gates_GateMutex_Instance_State_sem__O)
                  0000fa3c    00000004     water_sensor_wireless_comm_pem3.oem3 (.const:ti_sysbios_heaps_HeapMem_E_memory__C)
                  0000fa40    00000004     water_sensor_wireless_comm_pem3.oem3 (.const:ti_sysbios_heaps_HeapMem_Module__gateObj__C)
                  0000fa44    00000004     water_sensor_wireless_comm_pem3.oem3 (.const:ti_sysbios_heaps_HeapMem_Object__count__C)
                  0000fa48    00000004     water_sensor_wireless_comm_pem3.oem3 (.const:ti_sysbios_heaps_HeapMem_reqAlign__C)
                  0000fa4c    00000004     water_sensor_wireless_comm_pem3.oem3 (.const:ti_sysbios_knl_Clock_Module_State_clockQ__O)
                  0000fa50    00000004     water_sensor_wireless_comm_pem3.oem3 (.const:ti_sysbios_knl_Clock_tickPeriod__C)
                  0000fa54    00000004     water_sensor_wireless_comm_pem3.oem3 (.const:ti_sysbios_knl_Clock_triggerClock__C)
                  0000fa58    00000004     water_sensor_wireless_comm_pem3.oem3 (.const:ti_sysbios_knl_Semaphore_Instance_State_pendQ__O)
                  0000fa5c    00000004     water_sensor_wireless_comm_pem3.oem3 (.const:ti_sysbios_knl_Swi_Object__count__C)
                  0000fa60    00000004     water_sensor_wireless_comm_pem3.oem3 (.const:ti_sysbios_knl_Task_E_spOutOfBounds__C)
                  0000fa64    00000004     water_sensor_wireless_comm_pem3.oem3 (.const:ti_sysbios_knl_Task_E_stackOverflow__C)
                  0000fa68    00000004     water_sensor_wireless_comm_pem3.oem3 (.const:ti_sysbios_knl_Task_Module_State_inactiveQ__O)
                  0000fa6c    00000004     water_sensor_wireless_comm_pem3.oem3 (.const:ti_sysbios_knl_Task_Object__count__C)
                  0000fa70    00000004     water_sensor_wireless_comm_pem3.oem3 (.const:ti_sysbios_knl_Task_allBlockedFunc__C)
                  0000fa74    00000004     water_sensor_wireless_comm_pem3.oem3 (.const:ti_sysbios_knl_Task_defaultStackHeap__C)
                  0000fa78    00000004     water_sensor_wireless_comm_pem3.oem3 (.const:ti_sysbios_knl_Task_defaultStackSize__C)
                  0000fa7c    00000004     water_sensor_wireless_comm_pem3.oem3 (.const:ti_sysbios_knl_Task_numConstructedTasks__C)
                  0000fa80    00000004     water_sensor_wireless_comm_pem3.oem3 (.const:ti_sysbios_utils_Load_postUpdate__C)
                  0000fa84    00000004     water_sensor_wireless_comm_pem3.oem3 (.const:ti_sysbios_utils_Load_windowInMs__C)
                  0000fa88    00000004     water_sensor_wireless_comm_pem3.oem3 (.const:ti_uia_loggers_LoggerStopMode_Module__diagsEnabled__C)
                  0000fa8c    00000004     water_sensor_wireless_comm_pem3.oem3 (.const:ti_uia_loggers_LoggerStopMode_Module__diagsIncluded__C)
                  0000fa90    00000004     water_sensor_wireless_comm_pem3.oem3 (.const:ti_uia_loggers_LoggerStopMode_Module__diagsMask__C)
                  0000fa94    00000004     water_sensor_wireless_comm_pem3.oem3 (.const:ti_uia_loggers_LoggerStopMode_Object__count__C)
                  0000fa98    00000004     water_sensor_wireless_comm_pem3.oem3 (.const:ti_uia_runtime_ILoggerSnapshot_Interface__BASE__C)
                  0000fa9c    00000004     water_sensor_wireless_comm_pem3.oem3 (.const:ti_uia_runtime_IUIATransfer_Interface__BASE__C)
                  0000faa0    00000004     water_sensor_wireless_comm_pem3.oem3 (.const:xdc_runtime_Assert_E_assertFailed__C)
                  0000faa4    00000004     water_sensor_wireless_comm_pem3.oem3 (.const:xdc_runtime_Error_E_memory__C)
                  0000faa8    00000004     water_sensor_wireless_comm_pem3.oem3 (.const:xdc_runtime_Error_policyFxn__C)
                  0000faac    00000004     water_sensor_wireless_comm_pem3.oem3 (.const:xdc_runtime_IFilterLogger_Interface__BASE__C)
                  0000fab0    00000004     water_sensor_wireless_comm_pem3.oem3 (.const:xdc_runtime_IGateProvider_Interface__BASE__C)
                  0000fab4    00000004     water_sensor_wireless_comm_pem3.oem3 (.const:xdc_runtime_IHeap_Interface__BASE__C)
                  0000fab8    00000004     water_sensor_wireless_comm_pem3.oem3 (.const:xdc_runtime_ILogger_Interface__BASE__C)
                  0000fabc    00000004     water_sensor_wireless_comm_pem3.oem3 (.const:xdc_runtime_IModule_Interface__BASE__C)
                  0000fac0    00000004     water_sensor_wireless_comm_pem3.oem3 (.const:xdc_runtime_Memory_defaultHeapInstance__C)
                  0000fac4    00000004     water_sensor_wireless_comm_pem3.oem3 (.const:xdc_runtime_Startup_execImpl__C)
                  0000fac8    00000004     water_sensor_wireless_comm_pem3.oem3 (.const:xdc_runtime_Startup_maxPasses__C)
                  0000facc    00000004     water_sensor_wireless_comm_pem3.oem3 (.const:xdc_runtime_Startup_sfxnRts__C)
                  0000fad0    00000004     water_sensor_wireless_comm_pem3.oem3 (.const:xdc_runtime_Startup_sfxnTab__C)
                  0000fad4    00000004     water_sensor_wireless_comm_pem3.oem3 (.const:xdc_runtime_SysMin_bufSize__C)
                  0000fad8    00000004     water_sensor_wireless_comm_pem3.oem3 (.const:xdc_runtime_SysMin_outputFunc__C)
                  0000fadc    00000004     water_sensor_wireless_comm_pem3.oem3 (.const:xdc_runtime_System_Module__gateObj__C)
                  0000fae0    00000004     water_sensor_wireless_comm_pem3.oem3 (.const:xdc_runtime_System_abortFxn__C)
                  0000fae4    00000004     water_sensor_wireless_comm_pem3.oem3 (.const:xdc_runtime_System_exitFxn__C)
                  0000fae8    00000004     water_sensor_wireless_comm_pem3.oem3 (.const:xdc_runtime_System_maxAtexitHandlers__C)
                  0000faec    00000004     water_sensor_wireless_comm_pem3.oem3 (.const:xdc_runtime_Text_charTab__C)
                  0000faf0    00000004     water_sensor_wireless_comm_pem3.oem3 (.const:xdc_runtime_Text_nameEmpty__C)
                  0000faf4    00000004     water_sensor_wireless_comm_pem3.oem3 (.const:xdc_runtime_Text_nameStatic__C)
                  0000faf8    00000004     water_sensor_wireless_comm_pem3.oem3 (.const:xdc_runtime_Text_nameUnknown__C)
                  0000fafc    00000002     water_sensor_wireless_comm_pem3.oem3 (.const:ti_sysbios_family_arm_m3_Hwi_Module__id__C)
                  0000fafe    00000002     water_sensor_wireless_comm_pem3.oem3 (.const:ti_sysbios_heaps_HeapMem_Module__id__C)
                  0000fb00    00000002     water_sensor_wireless_comm_pem3.oem3 (.const:ti_sysbios_knl_Task_Module__id__C)
                  0000fb02    00000002     water_sensor_wireless_comm_pem3.oem3 (.const:ti_sysbios_utils_Load_updateInIdle__C)
                  0000fb04    00000002     water_sensor_wireless_comm_pem3.oem3 (.const:ti_uia_loggers_LoggerStopMode_Module__id__C)
                  0000fb06    00000002     water_sensor_wireless_comm_pem3.oem3 (.const:ti_uia_loggers_LoggerStopMode_isTimestampEnabled__C)
                  0000fb08    00000002     water_sensor_wireless_comm_pem3.oem3 (.const:xdc_runtime_Memory_Module__id__C)
                  0000fb0a    00000002     water_sensor_wireless_comm_pem3.oem3 (.const:xdc_runtime_SysMin_flushAtExit__C)
                  0000fb0c    00000002     water_sensor_wireless_comm_pem3.oem3 (.const:xdc_runtime_Text_charCnt__C)
                  0000fb0e    00000002     water_sensor_wireless_comm_pem3.oem3 (.const:xdc_runtime_Text_isLoaded__C)
                  0000fb10    00000001     water_sensor_wireless_comm_pem3.oem3 (.const:xdc_runtime_Error_policy__C)
                  0000fb11    00000001     water_sensor_wireless_comm_pem3.oem3 (.const:xdc_runtime_Text_charTab__A)

.cinit     0    0000fb18    00000410     
                  0000fb18    000003e8     (.cinit..data.load) [load image, compression = lzss]
                  0000ff00    0000000c     (__TI_handler_table)
                  0000ff0c    00000004     --HOLE-- [fill = 0]
                  0000ff10    00000008     (.cinit..bss.load) [load image, compression = zero_init]
                  0000ff18    00000010     (__TI_cinit_table)

.init_array 
*          0    00000000    00000000     UNINITIALIZED

.ccfg      0    0001ffa8    00000058     
                  0001ffa8    00000058     ccfg.obj (.ccfg:retain)

.bss       0    20000100    00002865     UNINITIALIZED
                  20000100    00000800     main.obj (.bss:taskStack)
                  20000900    00000800     water_sensor_wireless_comm_pem3.oem3 (.bss:taskStackSection)
                  20001100    00000400     (.common:ti_sysbios_heaps_HeapMem_Instance_State_0_buf__A)
                  20001500    00000400     (.common:ti_uia_loggers_LoggerStopMode_Instance_State_1_packetArray__A)
                  20001900    00000400     (.common:ti_uia_loggers_LoggerStopMode_Instance_State_2_packetArray__A)
                  20001d00    00000200     (.common:ti_uia_loggers_LoggerStopMode_Instance_State_0_packetArray__A)
                  20001f00    0000012c     (.common:uartCC26XXObjects)
                  2000202c    00000120     rtsv7M3_T_le_eabi.lib : trgmsg.obj (.bss:_CIOBUF_)
                  2000214c    00000004     ToServer_Com.obj (.bss)
                  20002150    00000100     rf_singleMode_cc13xxware.aem3 : RFCC26XX_singleMode.oem3 (.bss:aCmdPool)
                  20002250    000000c8     (.common:ti_sysbios_family_arm_m3_Hwi_dispatchTable)
                  20002318    000000c0     EasyLink.obj (.bss:rfObject)
                  200023d8    000000a0     (.common:__TI_tmpnams)
                  20002478    0000008c     EasyLink.obj (.bss:txBuffer)
                  20002504    00000080     (.common:xdc_runtime_SysMin_Module_State_0_outbuf__A)
                  20002584    0000007c     drivers_cc13xxware.aem3 : PINCC26XX.oem3 (.bss:PIN_HandleTable)
                  20002600    00000034                             : PINCC26XX.oem3 (.bss:PinSwi)
                  20002634    00000034     rf_singleMode_cc13xxware.aem3 : RFCC26XX_singleMode.oem3 (.bss:swiFsm)
                  20002668    00000034                                   : RFCC26XX_singleMode.oem3 (.bss:swiHw)
                  2000269c    00000030     EasyLink.obj (.bss:EasyLink_cmdPropRxAdv)
                  200026cc    00000028     EasyLink.obj (.bss:EasyLink_cmdPropRadioSetup)
                  200026f4    0000000c     EasyLink.obj (.bss:rxStatistics)
                  20002700    00000030     (.common:ti_uia_loggers_LoggerStopMode_Instance_State_0_hdr__A)
                  20002730    00000024     rf_singleMode_cc13xxware.aem3 : RFCC26XX_singleMode.oem3 (.bss:clkPowerUp)
                  20002754    00000020     (.common:PinGpioConfigTable)
                  20002774    00000008     EasyLink.obj (.bss:dataQueue)
                  2000277c    00000004     (.common:PIN_NumPins)
                  20002780    00000030     (.common:ti_uia_loggers_LoggerStopMode_Instance_State_1_hdr__A)
                  200027b0    00000020     (.common:uartCC26XXRingBuffer)
                  200027d0    0000001c     (.common:PinHwi)
                  200027ec    00000014     driverlib.lib : osc.obj (.bss:oscHfGlobals)
                  20002800    00000030     (.common:ti_uia_loggers_LoggerStopMode_Instance_State_2_hdr__A)
                  20002830    0000001c     (.common:PinSem)
                  2000284c    0000001c     (.common:hwiCpe0)
                  20002868    0000001c     (.common:hwiHw)
                  20002884    00000018     EasyLink.obj (.bss:EasyLink_cmdFs)
                  2000289c    00000018     EasyLink.obj (.bss:EasyLink_cmdPropTx)
                  200028b4    00000018     (.common:cmdDirImm)
                  200028cc    00000014     EasyLink.obj (.bss:rfParams)
[...]
0000bcc3  ti_sysbios_knl_Clock_destruct                                   
0000bcc7  ti_sysbios_knl_Clock_removeI__E                                 
0000bccb  ti_sysbios_knl_Clock_setTimeout__E                              
0000bccf  ti_sysbios_knl_Queue_destruct                                   
0000bcd3  ti_sysbios_knl_Queue_head__E                                    
0000bcd7  ti_sysbios_knl_Queue_next__E                                    
0000bcdb  ti_sysbios_knl_Semaphore_destruct                               
0000bcdf  ti_sysbios_knl_Swi_destruct                                     
0000bce3  ti_sysbios_knl_Swi_postInit__I                                  
0000bce7  ti_sysbios_knl_Task_startup__E                                  
0000bceb  ti_uia_loggers_LoggerStopMode_getContents__E                    
0000bcef  ti_uia_loggers_LoggerStopMode_getFilterLevel__E                 
0000bcf3  ti_uia_loggers_LoggerStopMode_getInstanceId__E                  
0000bcf7  ti_uia_loggers_LoggerStopMode_getMaxLength__E                   
0000bcfb  ti_uia_loggers_LoggerStopMode_getPriority__E                    
0000bcff  ti_uia_loggers_LoggerStopMode_getTransferType__E                
0000bd03  xdc_runtime_System_Module_GateProxy_enter__E                    
0000bd07  xdc_runtime_System_Module_GateProxy_leave__E                    
0000bd0b  ti_uia_loggers_LoggerStopMode_setFilterLevel__E                 
0000bd0d  ti_uia_loggers_LoggerStopMode_setPriority__E                    
0000bd0f  xdc_runtime_Error_policySpin__E                                 
0000bd11  xdc_runtime_System_abortSpin__E                                 
0000bd13  xdc_runtime_System_exitSpin__E                                  
0000f238  _ctypes_                                                        
0000f339  rfPowerTableSize                                                
0000f33a  ti_sysbios_family_arm_cc26xx_TimestampProvider_useClockTimer__C 
0000f3cc  ti_uia_loggers_LoggerStopMode_Module__FXNS__C                   
0000f42c  BoardGpioInitTable                                              
0000f478  resourceDB                                                      
0000f54c  rfPowerTable                                                    
0000f58c  ti_sysbios_knl_Task_Object__PARAMS__C                           
0000f5f8  ti_sysbios_family_arm_m3_Hwi_Object__PARAMS__C                  
0000f628  UARTCC26XX_fxnTable                                             
0000f650  ti_sysbios_heaps_HeapMem_Module__FXNS__C                        
0000f678  ti_sysbios_knl_Swi_Object__PARAMS__C                            
0000f6a0  ti_uia_loggers_LoggerStopMode_Object__PARAMS__C                 
0000f6c8  xdc_runtime_Startup_sfxnTab__A                                  
0000f6f0  UART_defaultParams                                              
0000f714  ti_sysbios_gates_GateHwi_Module__FXNS__C                        
0000f738  ti_sysbios_gates_GateMutex_Module__FXNS__C                      
0000f75c  ti_sysbios_heaps_HeapMem_Object__PARAMS__C                      
0000f780  ti_sysbios_knl_Clock_Object__PARAMS__C                          
0000f7a4  ti_sysbios_knl_Semaphore_Object__PARAMS__C                      
0000f7c8  ti_sysbios_family_arm_m3_Hwi_Object__DESC__C                    
0000f7e8  ti_sysbios_gates_GateHwi_Object__DESC__C                        
0000f808  ti_sysbios_gates_GateMutex_Object__DESC__C                      
0000f828  ti_sysbios_heaps_HeapMem_Object__DESC__C                        
0000f848  ti_sysbios_knl_Clock_Object__DESC__C                            
0000f868  ti_sysbios_knl_Queue_Object__DESC__C                            
0000f888  ti_sysbios_knl_Semaphore_Object__DESC__C                        
0000f8a8  ti_sysbios_knl_Swi_Object__DESC__C                              
0000f8c8  ti_sysbios_knl_Task_Object__DESC__C                             
0000f8e8  ti_uia_loggers_LoggerStopMode_Object__DESC__C                   
0000f908  uartCC26XXHWAttrs                                               
0000f940  UART_config                                                     
0000f958  ti_sysbios_gates_GateHwi_Object__PARAMS__C                      
0000f970  ti_sysbios_gates_GateMutex_Object__PARAMS__C                    
0000f988  ti_sysbios_knl_Queue_Object__PARAMS__C                          
0000f9b4  xdc_runtime_Startup_sfxnRts__A                                  
0000f9c8  PowerCC26XX_config                                              
0000f9d8  xdc_runtime_Startup_firstFxns__A                                
0000f9e4  PINCC26XX_hwAttrs                                               
0000f9ec  ti_sysbios_knl_Idle_funcList__A                                 
0000f9f4  ti_sysbios_knl_Idle_funcList__C                                 
0000f9fc  xdc_runtime_Startup_firstFxns__C                                
0000fa04  xdc_runtime_Startup_lastFxns__C                                 
0000fa10  RFCC26XX_hwAttrs                                                
0000fa14  ti_sysbios_family_arm_cc26xx_Timer_startupNeeded__C             
0000fa18  ti_sysbios_family_arm_m3_Hwi_E_alreadyDefined__C                
0000fa1c  ti_sysbios_family_arm_m3_Hwi_NUM_INTERRUPTS__C                  
0000fa20  ti_sysbios_family_arm_m3_Hwi_Object__count__C                   
0000fa24  ti_sysbios_family_arm_m3_Hwi_ccr__C                             
0000fa28  ti_sysbios_family_arm_m3_Hwi_excHandlerFunc__C                  
0000fa2c  ti_sysbios_family_arm_m3_Hwi_nullIsrFunc__C                     
0000fa30  ti_sysbios_family_arm_m3_Hwi_priGroup__C                        
0000fa34  ti_sysbios_family_arm_m3_TaskSupport_stackAlignment__C          
0000fa38  ti_sysbios_gates_GateMutex_Instance_State_sem__O                
0000fa3c  ti_sysbios_heaps_HeapMem_E_memory__C                            
0000fa40  ti_sysbios_heaps_HeapMem_Module__gateObj__C                     
0000fa44  ti_sysbios_heaps_HeapMem_Object__count__C                       
0000fa48  ti_sysbios_heaps_HeapMem_reqAlign__C                            
0000fa4c  ti_sysbios_knl_Clock_Module_State_clockQ__O                     
0000fa50  ti_sysbios_knl_Clock_tickPeriod__C                              
0000fa54  ti_sysbios_knl_Clock_triggerClock__C                            
0000fa58  ti_sysbios_knl_Semaphore_Instance_State_pendQ__O                
0000fa5c  ti_sysbios_knl_Swi_Object__count__C                             
0000fa60  ti_sysbios_knl_Task_E_spOutOfBounds__C                          
0000fa64  ti_sysbios_knl_Task_E_stackOverflow__C                          
0000fa68  ti_sysbios_knl_Task_Module_State_inactiveQ__O                   
0000fa6c  ti_sysbios_knl_Task_Object__count__C                            
0000fa70  ti_sysbios_knl_Task_allBlockedFunc__C                           
0000fa74  ti_sysbios_knl_Task_defaultStackHeap__C                         
0000fa78  ti_sysbios_knl_Task_defaultStackSize__C                         
0000fa7c  ti_sysbios_knl_Task_numConstructedTasks__C                      
0000fa80  ti_sysbios_utils_Load_postUpdate__C                             
0000fa84  ti_sysbios_utils_Load_windowInMs__C                             
0000fa88  ti_uia_loggers_LoggerStopMode_Module__diagsEnabled__C           
0000fa8c  ti_uia_loggers_LoggerStopMode_Module__diagsIncluded__C          
0000fa90  ti_uia_loggers_LoggerStopMode_Module__diagsMask__C              
0000fa94  ti_uia_loggers_LoggerStopMode_Object__count__C                  
0000fa98  ti_uia_runtime_ILoggerSnapshot_Interface__BASE__C               
0000fa9c  ti_uia_runtime_IUIATransfer_Interface__BASE__C                  
0000faa0  xdc_runtime_Assert_E_assertFailed__C                            
0000faa4  xdc_runtime_Error_E_memory__C                                   
0000faa8  xdc_runtime_Error_policyFxn__C                                  
0000faac  xdc_runtime_IFilterLogger_Interface__BASE__C                    
0000fab0  xdc_runtime_IGateProvider_Interface__BASE__C                    
0000fab4  xdc_runtime_IHeap_Interface__BASE__C                            
0000fab8  xdc_runtime_ILogger_Interface__BASE__C                          
0000fabc  xdc_runtime_IModule_Interface__BASE__C                          
0000fac0  xdc_runtime_Memory_defaultHeapInstance__C                       
0000fac4  xdc_runtime_Startup_execImpl__C                                 
0000fac8  xdc_runtime_Startup_maxPasses__C                                
0000facc  xdc_runtime_Startup_sfxnRts__C                                  
0000fad0  xdc_runtime_Startup_sfxnTab__C                                  
0000fad4  xdc_runtime_SysMin_bufSize__C                                   
0000fad8  xdc_runtime_SysMin_outputFunc__C                                
0000fadc  xdc_runtime_System_Module__gateObj__C                           
0000fae0  xdc_runtime_System_abortFxn__C                                  
0000fae4  xdc_runtime_System_exitFxn__C                                   
0000fae8  xdc_runtime_System_maxAtexitHandlers__C                         
0000faec  xdc_runtime_Text_charTab__C                                     
0000faf0  xdc_runtime_Text_nameEmpty__C                                   
0000faf4  xdc_runtime_Text_nameStatic__C                                  
0000faf8  xdc_runtime_Text_nameUnknown__C                                 
0000fafc  ti_sysbios_family_arm_m3_Hwi_Module__id__C                      
0000fafe  ti_sysbios_heaps_HeapMem_Module__id__C                          
0000fb00  ti_sysbios_knl_Task_Module__id__C                               
0000fb02  ti_sysbios_utils_Load_updateInIdle__C                           
0000fb04  ti_uia_loggers_LoggerStopMode_Module__id__C                     
0000fb06  ti_uia_loggers_LoggerStopMode_isTimestampEnabled__C             
0000fb08  xdc_runtime_Memory_Module__id__C                                
0000fb0a  xdc_runtime_SysMin_flushAtExit__C                               
0000fb0c  xdc_runtime_Text_charCnt__C                                     
0000fb0e  xdc_runtime_Text_isLoaded__C                                    
0000fb10  xdc_runtime_Error_policy__C                                     
0000fb11  xdc_runtime_Text_charTab__A                                     
0000fb18  __TI_static_base__                                              
0000ff00  __TI_Handler_Table_Base                                         
0000ff0c  __TI_Handler_Table_Limit                                        
0000ff18  __TI_CINIT_Base                                                 
0000ff28  __TI_CINIT_Limit                                                
0001ffa8  __ccfg                                                          
20000000  ti_sysbios_family_arm_m3_Hwi_ramVectors                         
20000900  ti_sysbios_knl_Task_Instance_State_0_stack__A                   
20001100  ti_sysbios_heaps_HeapMem_Instance_State_0_buf__A                
20001500  ti_uia_loggers_LoggerStopMode_Instance_State_1_packetArray__A   
20001900  ti_uia_loggers_LoggerStopMode_Instance_State_2_packetArray__A   
20001d00  ti_uia_loggers_LoggerStopMode_Instance_State_0_packetArray__A   
20001f00  uartCC26XXObjects                                               
2000202c  __CIOBUF_                                                       
20002250  ti_sysbios_family_arm_m3_Hwi_dispatchTable                      
200023d8  __TI_tmpnams                                                    
20002504  xdc_runtime_SysMin_Module_State_0_outbuf__A                     
20002584  PIN_HandleTable                                                 
20002700  ti_uia_loggers_LoggerStopMode_Instance_State_0_hdr__A           
2000277c  PIN_NumPins                                                     
20002780  ti_uia_loggers_LoggerStopMode_Instance_State_1_hdr__A           
200027b0  uartCC26XXRingBuffer                                            
20002800  ti_uia_loggers_LoggerStopMode_Instance_State_2_hdr__A           
20002954  taskHandle                                                      
20002960  driverlib_release_0_47020                                       
20002968  PowerCC26XX_module                                              
20002a78  _ftable                                                         
20002c38  ti_uia_loggers_LoggerStopMode_Object__table__V                  
20002cd4  ti_sysbios_utils_Load_Module__state__V                          
20002d6c  ti_sysbios_knl_Task_Module_State_0_readyQ__A                    
20002dec  pOverrides_hsm                                                  
20002e4c  pOverrides_lrm                                                  
20002ea8  pOverrides_ook                                                  
20002f5c  pOverrides_fsk                                                  
20002fb4  ti_sysbios_knl_Task_Object__table__V                            
20003000  ti_sysbios_family_arm_cc26xx_Timer_Object__table__V             
20003048  ti_sysbios_knl_Task_Module__state__V                            
2000308c  RF_pProp_fsk                                                    
20003090  RF_pProp_lrm                                                    
20003094  RF_pProp_ook                                                    
20003098  RF_pProp_hsm                                                    
2000309c  RF_pProp_2_4G_fsk                                               
200030a0  RF_pCmdPropRadioDivSetup_fsk                                    
200030a4  RF_pCmdPropRadioDivSetup_lrm                                    
200030a8  RF_pCmdPropRadioDivSetup_ook                                    
200030ac  RF_pCmdRadioSetup_hsm                                           
200030b0  RF_pCmdPropRadioSetup_2_4G_fsk                                  
200030b4  RF_pCmdTxHS                                                     
200030b8  RF_pCmdRxHS                                                     
200030bc  RF_pCmdFs_preDef                                                
200030c0  RF_pCmdPropTx_preDef                                            
200030c4  RF_pCmdPropRxAdv_preDef                                         
200030c8  ti_sysbios_gates_GateMutex_Object__table__V                     
20003100  ti_sysbios_family_arm_m3_Hwi_Module__state__V                   
20003134  RF_cmdPropRxAdv_preDef                                          
20003164  ti_sysbios_knl_Swi_Module_State_0_readyQ__A                     
20003194  ti_sysbios_knl_Swi_Object__table__V                             
200031c4  ti_sysbios_knl_Clock_Module__state__V                           
200031f0  RF_cmdPropRadioDivSetup                                         
20003218  RF_cmdPropRadioDivSetup_fsk                                     
20003240  RF_cmdPropRadioDivSetup_lrm                                     
20003268  RF_cmdPropRadioDivSetup_ook                                     
20003290  RF_cmdRxHS                                                      
200032b4  ti_sysbios_BIOS_Module__state__V                                
200032d8  ti_sysbios_knl_Clock_Object__table__V                           
200032f8  ti_sysbios_knl_Swi_Module__state__V                             
20003314  RF_cmdFs                                                        
2000332c  RF_cmdFs_preDef                                                 
20003344  RF_cmdPropTx                                                    
2000335c  RF_cmdPropTx_preDef                                             
20003374  RF_cmdRadioSetup_hsm                                            
200033a4  shapeovr                                                        
200033bc  ti_sysbios_family_arm_m3_Hwi_Object__table__V                   
200033d4  ti_sysbios_heaps_HeapMem_Object__table__V                       
200033ec  RF_cmdTxHS                                                      
20003400  RF_prop                                                         
20003410  RF_prop_fsk                                                     
20003420  RF_prop_hsm                                                     
20003430  RF_prop_lrm                                                     
20003440  RF_prop_ook                                                     
20003450  __TI_ft_end                                                     
20003454  __aeabi_stdin                                                   
20003458  __aeabi_stdout                                                  
2000345c  __aeabi_stderr                                                  
20003470  __TI_cleanup_ptr                                                
20003474  __TI_dtors_ptr                                                  
20003478  __TI_enable_exit_profile_output                                 
2000347c  ti_sysbios_knl_Task_Module__root__V                             
20003488  ti_uia_runtime_QueueDescriptor_Module__state__V                 
20003494  xdc_runtime_SysMin_Module__state__V                             
200034a0  _lock                                                           
200034a4  _unlock                                                         
200034a8  ti_uia_runtime_QueueDescriptor_gPtrToFirstDescriptor            
200034ac  ti_uia_runtime_QueueDescriptor_gUpdateCount                     
200034b0  ti_sysbios_family_arm_cc26xx_Timer_Module__state__V             
200034b8  ti_sysbios_family_arm_m3_Hwi_Module__root__V                    
200034c0  ti_sysbios_gates_GateHwi_Module__root__V                        
200034c8  ti_sysbios_gates_GateMutex_Module__root__V                      
200034d0  ti_sysbios_heaps_HeapMem_Module__root__V                        
200034d8  ti_sysbios_knl_Clock_Module__root__V                            
200034e0  ti_sysbios_knl_Queue_Module__root__V                            
200034e8  ti_sysbios_knl_Semaphore_Module__root__V                        
200034f0  ti_sysbios_knl_Swi_Module__root__V                              
200034f8  ti_uia_loggers_LoggerStopMode_Module__root__V                   
20003500  xdc_runtime_Startup_Module__state__V                            
20003508  xdc_runtime_System_Module_State_0_atexitHandlers__A             
20003510  xdc_runtime_System_Module__state__V                             
2000351c  errno                                                           
20003524  main_func_sp                                                    
20003528  ti_sysbios_family_arm_cc26xx_TimestampProvider_Module__state__V 
2000352c  ti_sysbios_family_arm_m3_Hwi_Module_State_0_excContext__A       
20003530  ti_sysbios_family_arm_m3_Hwi_Module_State_0_excStack__A         
20003534  ti_sysbios_gates_GateHwi_Object__table__V                       
20003538  ti_sysbios_knl_Task_Module_State_0_idleTask__A                  
2000353c  ti_sysbios_utils_Load_Module_State_0_runningTask__A             
20003540  ti_sysbios_utils_Load_Module_State_0_taskStartTime__A           
20003548  xdc_runtime_Memory_Module__state__V                             
2000354c  ti_sysbios_family_arm_m3_Hwi_Module_State_0_excActive__A        
20004d00  __stack                                                         
20005000  __STACK_END                                                     
e000e000  ti_sysbios_family_arm_m3_Hwi_nvic                               
ffffffff  __TI_pprof_out_hndl                                             
ffffffff  __TI_prof_data_size                                             
ffffffff  __TI_prof_data_start                                            
ffffffff  __binit__                                                       
ffffffff  __c_args__                                                      
ffffffff  binit                                                           
UNDEFED   SHT$$INIT_ARRAY$$Base                                           
UNDEFED   SHT$$INIT_ARRAY$$Limit                                          

[783 symbols]
