******************************************************************************
                  TI ARM Linker Unix v16.9.1                   
******************************************************************************
>> Linked Wed Jul 19 15:33:35 2017

OUTPUT FILE NAME:   <water_sensor_wireless_comm.out>
ENTRY POINT SYMBOL: "ResetISR"  address: 00009019


MEMORY CONFIGURATION

         name            origin    length      used     unused   attr    fill
----------------------  --------  ---------  --------  --------  ----  --------
  FLASH                 00000000   00020000  0000f38e  00010c72  R  X
  SRAM                  20000000   00005000  0000341b  00001be5  RW X


SEGMENT ALLOCATION MAP

run origin  load origin   length   init length attrs members
----------  ----------- ---------- ----------- ----- -------
00000000    00000000    0000f338   0000f338    r-x
  00000000    00000000    0000003c   0000003c    r-- .resetVecs
  0000003c    0000003c    0000b118   0000b118    r-x .text
  0000b154    0000b154    00003dd2   00003dd2    r-- .const
  0000ef28    0000ef28    00000410   00000410    r-- .cinit
0001ffa8    0001ffa8    00000058   00000058    r--
  0001ffa8    0001ffa8    00000058   00000058    r-- .ccfg
20000100    20000100    0000305a   00000000    rw-
  20000100    20000100    00002471   00000000    rw- .bss
  20002578    20002578    00000be2   00000000    rw- .data
20004d00    20004d00    00000300   00000000    rw-
  20004d00    20004d00    00000300   00000000    rw- .stack


SECTION ALLOCATION MAP

 output                                  attributes/
section   page    origin      length       input sections
--------  ----  ----------  ----------   ----------------
.text      0    0000003c    0000b118     
                  0000003c    00001102     rtsv7M3_T_le_eabi.lib : _printfi.obj (.text)
                  0000113e    00000002     rf_singleMode_cc13xxware.aem3 : RFCC26XX_singleMode.oem3 (.text:defaultErrCb)
                  00001140    000003b8                                   : RFCC26XX_singleMode.oem3 (.text:fsmActiveState)
                  000014f8    00000348     EasyLink.obj (.text:EasyLink_init)
                  00001840    00000324     rtsv7M3_T_le_eabi.lib : trgdrv.obj (.text)
                  00001b64    0000030c                           : lowlev.obj (.text)
                  00001e70    00000258     EasyLink.obj (.text:EasyLink_receive)
                  000020c8    00000228     driverlib.lib : sys_ctrl.obj (.text:NOROM_SysCtrlSetRechargeBeforePowerDown)
                  000022f0    00000228     drivers_cc13xxware.aem3 : PowerCC26XX.oem3 (.text:Power_sleep)
                  00002518    000001f4     rtsv7M3_T_le_eabi.lib : ull_div_t2.obj (.text)
                  0000270c    000001ec     drivers_cc13xxware.aem3 : PowerCC26XX_calibrateRCOSC.oem3 (.text:calibrateRcoscHf1)
                  000028f8    000001dc     rf_singleMode_cc13xxware.aem3 : RFCC26XX_singleMode.oem3 (.text:RF_postCmd)
                  00002ad4    000001c4     drivers_cc13xxware.aem3 : PINCC26XX.oem3 (.text:PIN_init)
                  00002c98    000001c4     rtsv7M3_T_le_eabi.lib : fopen.obj (.text)
                  00002e5c    000001b6                           : fd_add_t2.obj (.text)
                  00003012    00000002     drivers_cc13xxware.aem3 : PowerCC26XX.oem3 (.text:emptyClockFunc)
                  00003014    000001a4     EasyLink.obj (.text:EasyLink_setRfPwr)
                  000031b8    000001a0     drivers_cc13xxware.aem3 : PowerCC26XX_calibrateRCOSC.oem3 (.text:PowerCC26XX_doCalibrate)
                  00003358    000001a0                             : UARTCC26XX.oem3 (.text:UARTCC26XX_open)
                  000034f8    00000168     rf_singleMode_cc13xxware.aem3 : RFCC26XX_singleMode.oem3 (.text:fsmSetupState)
                  00003660    00000150     smartrf_settings_predefined.obj (.text:rf_patch_mce_genook)
                  000037b0    00000138     water_sensor_wireless_comm_pem3.oem3 (.text:ti_uia_loggers_LoggerStopMode_writeMemoryRange__E)
                  000038e8    00000136     rtsv7M3_T_le_eabi.lib : fd_div_t2.obj (.text)
                  00003a1e    00000002     smartrf_settings.obj (.text:enterGenfskSysPatch)
                  00003a20    00000134     rtsv7M3_T_le_eabi.lib : fputs.obj (.text)
                  00003b54    00000130     driverlib.lib : setup_rom.obj (.text:NOROM_SetupAfterColdResetWakeupFromShutDownCfg3)
                  00003c84    0000012c     drivers_cc13xxware.aem3 : PowerCC26XX.oem3 (.text:Power_init)
                  00003db0    00000128     RF_Com.obj (.text:RFCom_receivePacket)
                  00003ed8    00000128     rf_singleMode_cc13xxware.aem3 : RFCC26XX_singleMode.oem3 (.text:rf_init)
                  00004000    00000128     smartrf_settings.obj (.text:rf_patch_rfe_genfsk)
                  00004128    00000128     smartrf_settings_predefined.obj (.text:rf_patch_rfe_genfsk)
                  00004250    00000128     smartrf_settings_predefined.obj (.text:rf_patch_rfe_lrm)
                  00004378    0000011c     drivers_cc13xxware.aem3 : UARTCC26XX.oem3 (.text:UARTCC26XX_read)
                  00004494    00000118     rf_singleMode_cc13xxware.aem3 : RFCC26XX_singleMode.oem3 (.text:hwiFxnCpe0Active)
                  000045ac    00000114     smartrf_settings_predefined.obj (.text:rf_patch_mce_hsp_4mbps)
                  000046c0    00000110     drivers_cc13xxware.aem3 : UARTCC26XX.oem3 (.text:UARTCC26XX_hwiIntFxn)
                  000047d0    0000010c     water_sensor_wireless_comm_pem3.oem3 (.text:ti_uia_loggers_LoggerStopMode_write8__E)
                  000048dc    00000108     rf_singleMode_cc13xxware.aem3 : RFCC26XX_singleMode.oem3 (.text:RF_close)
                  000049e4    000000fc     drivers_cc13xxware.aem3 : UARTCC26XX.oem3 (.text:UARTCC26XX_write)
                  00004ae0    000000fc     rtsv7M3_T_le_eabi.lib : fd_mul_t2.obj (.text)
                  00004bdc    000000f8     sysbios.aem3 : BIOS.obj (.text:xdc_runtime_Startup_startMods__I)
                  00004cd4    000000f4     water_sensor_wireless_comm_pem3.oem3 (.text:ti_uia_loggers_LoggerStopMode_write4__E)
                  00004dc8    000000f0     driverlib.lib : setup_rom.obj (.text:NOROM_SetupAfterColdResetWakeupFromShutDownCfg2)
                  00004eb8    000000e8     water_sensor_wireless_comm_pem3.oem3 (.text:ti_uia_loggers_LoggerStopMode_write1__E)
                  00004fa0    000000e8     water_sensor_wireless_comm_pem3.oem3 (.text:ti_uia_loggers_LoggerStopMode_write2__E)
                  00005088    000000e0     drivers_cc13xxware.aem3 : PINCC26XX.oem3 (.text:PINCC26XX_setIoCfg)
                  00005168    000000dc     rtsv7M3_T_le_eabi.lib : setvbuf.obj (.text)
                  00005244    000000d8     driverlib.lib : rfc.obj (.text:NOROM_RFCRTrim)
                  0000531c    000000d8     smartrf_settings_predefined.obj (.text:rf_patch_rfe_genook)
                  000053f4    000000d8     smartrf_settings_predefined.obj (.text:rf_patch_rfe_hsp_4mbps)
                  000054cc    000000d8     water_sensor_wireless_comm_pem3.oem3 (.text:ti_uia_loggers_LoggerStopMode_write0__E)
                  000055a4    000000d4     driverlib.lib : rfc.obj (.text:NOROM_RFCRfTrimRead)
                  00005678    000000d4     power_cc13xx_tirtos.aem3 : PowerCC26XX_tirtos.oem3 (.text:PowerCC26XX_standbyPolicy)
                  0000574c    000000d4     drivers_cc13xxware.aem3 : PowerCC26XX.oem3 (.text:Power_releaseDependency)
                  00005820    000000d0                             : PowerCC26XX.oem3 (.text:Power_setDependency)
                  000058f0    000000d0     rtsv7M3_T_le_eabi.lib : s_scalbn.obj (.text)
                  000059c0    000000cc     rf_singleMode_cc13xxware.aem3 : RFCC26XX_singleMode.oem3 (.text:RF_open)
                  00005a8c    000000cc     sysbios.aem3 : BIOS.obj (.text:ti_sysbios_knl_Semaphore_pend__E)
                  00005b58    000000cc                  : BIOS.obj (.text:ti_sysbios_knl_Task_Instance_init__E)
                  00005c24    000000c8     drivers_cc13xxware.aem3 : UARTCC26XX.oem3 (.text:UARTCC26XX_initHw)
                  00005cec    000000c8     rtsv7M3_T_le_eabi.lib : fflush.obj (.text)
                  00005db4    000000c8     sysbios.aem3 : m3_Hwi_asm.obj (.text:ti_sysbios_family_arm_m3_Hwi_dispatch__I)
                  00005e7c    000000c4     rf_singleMode_cc13xxware.aem3 : RFCC26XX_singleMode.oem3 (.text:fsmPowerUpState)
                  00005f40    000000c0     driverlib.lib : setup.obj (.text:TrimAfterColdResetWakeupFromShutDown)
                  00006000    000000b4     sysbios.aem3 : BIOS.obj (.text:ti_sysbios_knl_Task_checkStacks__E)
                  000060b4    000000ac     rtsv7M3_T_le_eabi.lib : _io_perm.obj (.text)
                  00006160    000000a8     driverlib.lib : setup.obj (.text:NOROM_SetupTrimDevice)
                  00006208    000000a4                   : setup_rom.obj (.text:NOROM_SetupAfterColdResetWakeupFromShutDownCfg1)
                  000062ac    000000a0     ToServer_Com.obj (.text:ToServerCom_write)
                  0000634c    000000a0     auto_init.aem3 : auto_init.oem3 (.text)
                  000063ec    0000009c     rtsv7M3_T_le_eabi.lib : memcpy_t2.obj (.text)
                  00006488    00000098     main.obj (.text:main)
                  00006520    00000098     rtsv7M3_T_le_eabi.lib : fclose.obj (.text)
                  000065b8    00000098                           : fputc.obj (.text)
                  00006650    00000098     sysbios.aem3 : BIOS.obj (.text:ti_sysbios_knl_Clock_workFuncDynamic__E)
                  000066e8    00000094     drivers_cc13xxware.aem3 : PINCC26XX.oem3 (.text:PIN_open)
                  0000677c    00000094     sysbios.aem3 : BIOS.obj (.text:ti_sysbios_family_arm_m3_Hwi_Instance_init__E)
                  00006810    00000094                  : BIOS.obj (.text:ti_sysbios_knl_Task_Instance_finalize__E)
                  000068a4    00000094     drivers_cc13xxware.aem3 : UARTCC26XX.oem3 (.text:writeFinishedDoCallback)
                  00006938    00000090                             : PowerCC26XX.oem3 (.text:switchXOSCHFclockFunc)
                  000069c8    00000090     ti.uia.loggers.aem3 : LoggerStopMode.oem3 (.text:ti_uia_loggers_LoggerStopMode_initQueueDescriptor__E)
                  00006a58    0000008c     drivers_cc13xxware.aem3 : UARTCC26XX.oem3 (.text:UARTCC26XX_initIO)
                  00006ae4    0000008c                             : UARTCC26XX.oem3 (.text:UARTCC26XX_writeCancel)
                  00006b70    0000008c                             : PowerCC26XX.oem3 (.text:disableLFClockQualifiers)
                  00006bfc    00000088                             : PowerCC26XX_calibrateRCOSC.oem3 (.text:calibrateRcoscHf2)
                  00006c84    00000086     rtsv7M3_T_le_eabi.lib : fd_cmp_t2.obj (.text:__aeabi_cdcmple)
                  00006d0a    00000086                           : fd_cmp_t2.obj (.text:__aeabi_cdrcmple)
                  00006d90    00000084     rf_singleMode_cc13xxware.aem3 : RFCC26XX_singleMode.oem3 (.text:swiFxnHw)
                  00006e14    00000080                                   : RFCC26XX_singleMode.oem3 (.text:RF_pendCmd)
                  00006e94    00000080     ToServer_Com.obj (.text:ToServerCom_init)
                  00006f14    00000080     sysbios.aem3 : BIOS.obj (.text:ti_sysbios_family_arm_m3_Hwi_initNVIC__E)
                  00006f94    00000080                  : BIOS.obj (.text:ti_sysbios_knl_Task_postInit__I)
                  00007014    00000080                  : BIOS.obj (.text:ti_sysbios_utils_Load_updateLoads__E)
                  00007094    00000080                  : BIOS.obj (.text:xdc_runtime_Core_createObject__I)
                  00007114    0000007a     rtsv7M3_T_le_eabi.lib : memset_t2.obj (.text)
                  0000718e    00000002     smartrf_settings_predefined.obj (.text:enterGenfskSysPatch)
                  00007190    00000078     drivers_cc13xxware.aem3 : UARTCC26XX.oem3 (.text:UARTCC26XX_close)
                  00007208    00000078     sysbios.aem3 : BIOS.obj (.text:ti_sysbios_knl_Clock_walkQueueDynamic__E)
                  00007280    00000074     driverlib.lib : setup_rom.obj (.text:NOROM_SetupSetVddrLevel)
                  000072f4    00000074     drivers_cc13xxware.aem3 : PowerCC26XX_calibrateRCOSC.oem3 (.text:PowerCC26XX_auxISR)
                  00007368    00000074     rf_singleMode_cc13xxware.aem3 : RFCC26XX_singleMode.oem3 (.text:decActiveClientCnt)
                  000073dc    00000074                                   : RFCC26XX_singleMode.oem3 (.text:fsmPowerDownState)
                  00007450    00000074     sysbios.aem3 : BIOS.obj (.text:ti_sysbios_family_arm_cc26xx_Timer_start__E)
                  000074c4    00000074                  : BIOS.obj (.text:ti_sysbios_heaps_HeapMem_allocUnprotected__E)
                  00007538    00000074     ti.uia.runtime.aem3 : QueueDescriptor.oem3 (.text:ti_uia_runtime_QueueDescriptor_addToList__E)
                  000075ac    00000074     drivers_cc13xxware.aem3 : UARTCC26XX.oem3 (.text:writeTxFifoFlush)
                  00007620    00000070     driverlib.lib : chipinfo.obj (.text:NOROM_ChipInfo_GetHwRevision)
                  00007690    00000070     rtsv7M3_T_le_eabi.lib : printf.obj (.text)
                  00007700    0000006c     driverlib.lib : setup_rom.obj (.text:NOROM_SetupGetTrimForAmpcompCtrl)
                  0000776c    0000006c     drivers_cc13xxware.aem3 : PowerCC26XX.oem3 (.text:PowerCC26XX_calibrate)
                  000077d8    0000006c                             : UARTCC26XX.oem3 (.text:UARTCC26XX_readCancel)
                  00007844    0000006c     sysbios.aem3 : BIOS.obj (.text:xdc_runtime_Memory_alloc__E)
                  000078b0    00000068     driverlib.lib : setup_rom.obj (.text:NOROM_SetupGetTrimForAnabypassValue1)
                  00007918    00000068                   : sys_ctrl.obj (.text:NOROM_SysCtrl_DCDC_VoltageConditionalControl)
                  00007980    00000068     rf_singleMode_cc13xxware.aem3 : RFCC26XX_singleMode.oem3 (.text:RF_getCurrentTime)
                  000079e8    00000068     rtsv7M3_T_le_eabi.lib : copy_decompress_lzss.obj (.text:decompress:lzss)
                  00007a50    00000068                           : trgmsg.obj (.text)
                  00007ab8    00000068     sysbios.aem3 : BIOS.obj (.text:ti_sysbios_knl_Clock_startI__E)
                  00007b20    00000068                  : BIOS.obj (.text:ti_sysbios_knl_Swi_restoreHwi__E)
                  00007b88    00000066     ti.uia.loggers.aem3 : LoggerStopMode.oem3 (.text:ti_uia_loggers_LoggerStopMode_flush__E)
                  00007bee    00000066     sysbios.aem3 : BIOS.obj (.text:xdc_runtime_Core_deleteObject__I)
                  00007c54    00000064     driverlib.lib : osc.obj (.text:NOROM_OSCHF_AttemptToSwitchToXosc)
                  00007cb8    00000064     drivers_cc13xxware.aem3 : UARTCC26XX.oem3 (.text:UARTCC26XX_control)
                  00007d1c    00000064     rtsv7M3_T_le_eabi.lib : fseek.obj (.text)
                  00007d80    00000064     sysbios.aem3 : BIOS.obj (.text:ti_sysbios_knl_Semaphore_post__E)
                  00007de4    00000064                  : BIOS.obj (.text:ti_sysbios_knl_Task_startCore__E)
                  00007e48    00000064                  : BIOS.obj (.text:ti_sysbios_utils_Load_idleFxn__E)
                  00007eac    00000060     driverlib.lib : osc.obj (.text:NOROM_OSCClockSourceSet)
                  00007f0c    00000060     drivers_cc13xxware.aem3 : PowerCC26XX_calibrateRCOSC.oem3 (.text:PowerCC26XX_RCOSC_clockFunc)
                  00007f6c    00000060     rf_singleMode_cc13xxware.aem3 : RFCC26XX_singleMode.oem3 (.text:fsmXOSCState)
                  00007fcc    00000060     sysbios.aem3 : BIOS.obj (.text:ti_sysbios_knl_Task_schedule__I)
                  0000802c    00000060     drivers_cc13xxware.aem3 : PowerCC26XX_calibrateRCOSC.oem3 (.text:updateSubSecInc)
                  0000808c    0000005c     driverlib.lib : sys_ctrl.obj (.text:NOROM_SysCtrlAdjustRechargeAfterPowerDown)
                  000080e8    0000005c     drivers_cc13xxware.aem3 : PINCC26XX.oem3 (.text:PIN_remove)
                  00008144    0000005c     smartrf_settings.obj (.text:configureGenfskPatch)
                  000081a0    0000005c     smartrf_settings_predefined.obj (.text:configureGenfskPatch)
                  000081fc    0000005c     smartrf_settings_predefined.obj (.text:configureGenookPatch)
                  00008258    0000005c     smartrf_settings_predefined.obj (.text:configureLrmPatch)
                  000082b4    0000005c     rtsv7M3_T_le_eabi.lib : s_frexp.obj (.text)
                  00008310    0000005c     sysbios.aem3 : BIOS.obj (.text:ti_sysbios_knl_Task_Module_startup__E)
                  0000836c    0000005c     water_sensor_wireless_comm_pem3.oem3 (.text:ti_sysbios_knl_Task_create)
                  000083c8    00000058     drivers_cc13xxware.aem3 : PowerCC26XX_calibrateRCOSC.oem3 (.text:PowerCC26XX_initiateCalibration)
                  00008420    00000058     water_sensor_wireless_comm_pem3.oem3 (.text:ti_sysbios_family_arm_m3_Hwi_construct)
                  00008478    00000058     sysbios.aem3 : BIOS.obj (.text:ti_sysbios_family_arm_m3_Hwi_postInit__I)
                  000084d0    00000058                  : BIOS.obj (.text:ti_sysbios_heaps_HeapMem_alloc__E)
                  00008528    00000058                  : BIOS.obj (.text:ti_sysbios_heaps_HeapMem_freeUnprotected__E)
                  00008580    00000058                  : BIOS.obj (.text:ti_sysbios_knl_Swi_Instance_init__E)
                  000085d8    00000058                  : BIOS.obj (.text:ti_sysbios_knl_Swi_run__I)
                  00008630    00000054     drivers_cc13xxware.aem3 : PowerCC26XX.oem3 (.text:configureXOSCHF)
                  00008684    00000054     rf_singleMode_cc13xxware.aem3 : RFCC26XX_singleMode.oem3 (.text:hwiFxnHw)
                  000086d8    00000054                                   : RFCC26XX_singleMode.oem3 (.text:ratChanFree)
                  0000872c    00000054     rtsv7M3_T_le_eabi.lib : ltoa.obj (.text)
                  00008780    00000054     sysbios.aem3 : BIOS.obj (.text:ti_sysbios_family_arm_m3_Hwi_dispatchC__I)
                  000087d4    00000054     water_sensor_wireless_comm_pem3.oem3 (.text:ti_sysbios_knl_Swi_construct)
                  00008828    00000054     sysbios.aem3 : BIOS.obj (.text:ti_sysbios_knl_Swi_schedule__I)
                  0000887c    00000050     driverlib.lib : setup_rom.obj (.text:NOROM_SetupSetCacheModeAccordingToCcfgSetting)
                  000088cc    00000050     rf_singleMode_cc13xxware.aem3 : RFCC26XX_singleMode.oem3 (.text:dispatchOpWhen)
                  0000891c    00000050                                   : RFCC26XX_singleMode.oem3 (.text:syncCb)
                  0000896c    00000050     main.obj (.text:taskRx)
                  000089bc    00000050     sysbios.aem3 : BIOS.obj (.text:ti_sysbios_knl_Swi_runLoop__I)
                  00008a0c    00000050                  : BIOS.obj (.text:xdc_runtime_Startup_exec__E)
                  00008a5c    0000004c     rf_singleMode_cc13xxware.aem3 : RFCC26XX_singleMode.oem3 (.text:applyRfCorePatch)
                  00008aa8    0000004c     rtsv7M3_T_le_eabi.lib : atoi.obj (.text)
                  00008af4    0000004c                           : cpy_tbl.obj (.text)
                  00008b40    0000004c     drivers_cc13xxware.aem3 : UARTCC26XX.oem3 (.text:startTxFifoEmptyClk)
                  00008b8c    0000004c     sysbios.aem3 : m3_TaskSupport_asm.obj (.text:ti_sysbios_family_arm_m3_TaskSupport_buildTaskStack)
                  00008bd8    0000004c     ti.uia.loggers.aem3 : LoggerStopMode.oem3 (.text:ti_uia_loggers_LoggerStopMode_Module_startup__E)
                  00008c24    00000049     RF_Com.obj (.text:RFCom_init)
                  00008c6d    00000001     --HOLE-- [fill = 0]
                  00008c6e    00000002     smartrf_settings_predefined.obj (.text:enterGenookSysPatch)
                  00008c70    00000048     driverlib.lib : chipinfo.obj (.text:NOROM_ChipInfo_GetChipFamily)
                  00008cb8    00000048     drivers_cc13xxware.aem3 : PINCC26XX.oem3 (.text:PIN_setOutputEnable)
                  00008d00    00000048                             : PINCC26XX.oem3 (.text:PIN_swi)
                  00008d48    00000048     rf_singleMode_cc13xxware.aem3 : RFCC26XX_singleMode.oem3 (.text:RF_runCmd)
                  00008d90    00000048     drivers_cc13xxware.aem3 : PowerCC26XX.oem3 (.text:notify)
                  00008dd8    00000048     rtsv7M3_T_le_eabi.lib : fd_toi_t2.obj (.text)
                  00008e20    00000048     sysbios.aem3 : BIOS.obj (.text:ti_sysbios_family_arm_m3_Hwi_Module_startup__E)
                  00008e68    00000048                  : m3_Hwi_asm_switch.obj (.text:ti_sysbios_family_arm_m3_Hwi_initStacks__E)
                  00008eb0    00000048                  : BIOS.obj (.text:ti_sysbios_heaps_HeapMem_getStats__E)
                  00008ef8    00000048                  : BIOS.obj (.text:xdc_runtime_Assert_raise__I)
                  00008f40    00000048                  : BIOS.obj (.text:xdc_runtime_Core_assignParams__I)
                  00008f88    00000048                  : BIOS.obj (.text:xdc_runtime_Core_constructObject__I)
                  00008fd0    00000046     drivers_cc13xxware.aem3 : RingBuf.oem3 (.text:RingBuf_put)
                  00009016    00000002     smartrf_settings_predefined.obj (.text:enterLrmSysPatch)
                  00009018    00000044     boot.aem3 : boot.oem3 (.text)
                  0000905c    00000044     sysbios.aem3 : BIOS.obj (.text:ti_sysbios_family_arm_m3_Hwi_disableInterrupt__E)
                  000090a0    00000044                  : BIOS.obj (.text:ti_sysbios_family_arm_m3_Hwi_enableInterrupt__E)
                  000090e4    00000044                  : BIOS.obj (.text:ti_sysbios_knl_Swi_post__E)
                  00009128    00000044                  : BIOS.obj (.text:ti_sysbios_knl_Task_allBlockedFunction__I)
                  0000916c    00000044     ti.uia.loggers.aem3 : LoggerStopMode.oem3 (.text:ti_uia_loggers_LoggerStopMode_initBuffer__I)
                  000091b0    00000044     sysbios.aem3 : BIOS.obj (.text:xdc_runtime_SysMin_flush__E)
                  000091f4    00000040     drivers_cc13xxware.aem3 : RingBuf.oem3 (.text:RingBuf_get)
                  00009234    00000040     sysbios.aem3 : BIOS.obj (.text:ti_sysbios_family_arm_m3_Hwi_getStackInfo__E)
                  00009274    0000003c     driverlib.lib : osc.obj (.text:NOROM_OSC_HPOSCRelativeFrequencyOffsetGet)
                  000092b0    0000003c                   : rfc.obj (.text:NOROM_RFCSynthPowerDown)
                  000092ec    0000003c     drivers_cc13xxware.aem3 : PINCC26XX.oem3 (.text:PIN_setOutputValue)
                  00009328    0000003c                             : UARTCC26XX.oem3 (.text:UARTCC26XX_swiIntFxn)
                  00009364    0000003a     sysbios.aem3 : BIOS.obj (.text:ti_sysbios_knl_Task_exit__E)
                  0000939e    00000002                  : BIOS.obj (.text:ti_sysbios_BIOS_linkedWithIncorrectBootLibrary__E)
                  000093a0    00000038     drivers_cc13xxware.aem3 : UART.oem3 (.text:UART_init)
                  000093d8    00000038                             : UARTCC26XX.oem3 (.text:readData)
                  00009410    00000038     sysbios.aem3 : BIOS.obj (.text:ti_sysbios_family_arm_cc26xx_Timer_getCurrentTick__E)
                  00009448    00000038                  : BIOS.obj (.text:ti_sysbios_family_arm_m3_Hwi_Instance_finalize__E)
                  00009480    00000038                  : BIOS.obj (.text:ti_sysbios_heaps_HeapMem_Instance_init__E)
                  000094b8    00000038                  : BIOS.obj (.text:ti_sysbios_knl_Clock_Instance_init__E)
                  000094f0    00000038     drivers_cc13xxware.aem3 : UARTCC26XX.oem3 (.text:writeData)
                  00009528    00000038     sysbios.aem3 : BIOS.obj (.text:xdc_runtime_SysMin_putch__E)
                  00009560    00000038                  : BIOS.obj (.text:xdc_runtime_System_atexit__E)
                  00009598    00000036     rtsv7M3_T_le_eabi.lib : strncpy.obj (.text)
                  000095ce    00000036     rf_singleMode_cc13xxware.aem3 : RFCC26XX_singleMode.oem3 (.text:updateImplicitState)
                  00009604    00000034     driverlib.lib : osc.obj (.text:NOROM_OSCHF_SwitchToRcOscTurnOffXosc)
                  00009638    00000034     drivers_cc13xxware.aem3 : PINCC26XX.oem3 (.text:PIN_setConfig)
                  0000966c    00000034     rf_singleMode_cc13xxware.aem3 : RFCC26XX_singleMode.oem3 (.text:Q_push)
                  000096a0    00000034     drivers_cc13xxware.aem3 : UARTCC26XX.oem3 (.text:readData2RingBuf)
                  000096d4    00000034     sysbios.aem3 : BIOS.obj (.text:ti_sysbios_family_arm_cc26xx_Timer_initDevice__I)
                  00009708    00000034                  : BIOS.obj (.text:ti_sysbios_heaps_HeapMem_init__I)
                  0000973c    00000034     water_sensor_wireless_comm_pem3.oem3 (.text:ti_sysbios_knl_Clock_construct)
                  00009770    00000034     water_sensor_wireless_comm_pem3.oem3 (.text:ti_sysbios_knl_Semaphore_create)
                  000097a4    00000034     sysbios.aem3 : BIOS.obj (.text:ti_sysbios_knl_Swi_restore__E)
                  000097d8    00000034                  : BIOS.obj (.text:ti_sysbios_knl_Task_blockI__E)
                  0000980c    00000034                  : BIOS.obj (.text:ti_sysbios_utils_Load_updateCurrentThreadTime__E)
                  00009840    00000034     ti.uia.loggers.aem3 : LoggerStopMode.oem3 (.text:ti_uia_loggers_LoggerStopMode_reset__E)
                  00009874    00000034     sysbios.aem3 : BIOS.obj (.text:xdc_runtime_Core_assignLabel__I)
                  000098a8    00000032                  : BIOS.obj (.text:ti_sysbios_family_arm_cc26xx_Timer_setNextTick__E)
                  000098da    00000002     water_sensor_wireless_comm_pem3.oem3 (.text:ti_sysbios_BIOS_nullFunc__I)
                  000098dc    00000030     driverlib.lib : chipinfo.obj (.text:NOROM_ChipInfo_GetChipType)
                  0000990c    00000030                   : setup_rom.obj (.text:NOROM_SetupSetAonRtcSubSecInc)
                  0000993c    00000030     drivers_cc13xxware.aem3 : PowerCC26XX.oem3 (.text:Power_releaseConstraint)
                  0000996c    00000030                             : PowerCC26XX.oem3 (.text:Power_setConstraint)
                  0000999c    00000030                             : UART.oem3 (.text:UART_open)
                  000099cc    00000030     rf_singleMode_cc13xxware.aem3 : RFCC26XX_singleMode.oem3 (.text:clkPowerUpFxn)
                  000099fc    00000030     water_sensor_wireless_comm_pem3.oem3 (.text:ti_sysbios_BIOS_atExitFunc__I)
                  00009a2c    00000030     water_sensor_wireless_comm_pem3.oem3 (.text:ti_sysbios_BIOS_startFunc__I)
                  00009a5c    00000030     sysbios.aem3 : BIOS.obj (.text:ti_sysbios_family_arm_cc26xx_Timer_setThreshold__I)
                  00009a8c    00000030     water_sensor_wireless_comm_pem3.oem3 (.text:ti_sysbios_gates_GateHwi_Object__create__S)
                  00009abc    00000030     water_sensor_wireless_comm_pem3.oem3 (.text:ti_sysbios_gates_GateMutex_Object__create__S)
                  00009aec    00000030     sysbios.aem3 : BIOS.obj (.text:ti_sysbios_gates_GateMutex_enter__E)
                  00009b1c    00000030     water_sensor_wireless_comm_pem3.oem3 (.text:ti_sysbios_heaps_HeapMem_Object__create__S)
                  00009b4c    00000030     sysbios.aem3 : BIOS.obj (.text:ti_sysbios_heaps_HeapMem_free__E)
                  00009b7c    00000030     water_sensor_wireless_comm_pem3.oem3 (.text:ti_sysbios_knl_Semaphore_construct)
                  00009bac    00000030     sysbios.aem3 : BIOS.obj (.text:ti_sysbios_knl_Task_processVitalTaskFlag__I)
                  00009bdc    00000030     water_sensor_wireless_comm_pem3.oem3 (.text:ti_uia_loggers_LoggerStopMode_Object__create__S)
                  00009c0c    00000030     sysbios.aem3 : BIOS.obj (.text:xdc_runtime_SysMin_abort__E)
                  00009c3c    00000030                  : BIOS.obj (.text:xdc_runtime_System_processAtExit__E)
                  00009c6c    0000002e     water_sensor_wireless_comm_pem3.oem3 (.text:malloc)
                  00009c9a    0000002e     rtsv7M3_T_le_eabi.lib : i_tofd_t2.obj (.text)
                  00009cc8    0000002e     sysbios.aem3 : BIOS.obj (.text:ti_sysbios_family_arm_m3_TaskSupport_start__E)
                  00009cf6    0000002e                  : BIOS.obj (.text:ti_sysbios_hal_Hwi_initStack)
                  00009d24    0000002c     driverlib.lib : ddi.obj (.text:NOROM_DDI32RegWrite)
                  00009d50    0000002c                   : osc.obj (.text:NOROM_OSCClockSourceGet)
                  00009d7c    0000002c                   : setup_rom.obj (.text:NOROM_SetupGetTrimForRadcExtCfg)
                  00009da8    0000002c     drivers_cc13xxware.aem3 : PINCC26XX.oem3 (.text:PINCC26XX_setMux)
                  00009dd4    0000002c     rf_singleMode_cc13xxware.aem3 : RFCC26XX_singleMode.oem3 (.text:getCmd)
                  00009e00    0000002c     sysbios.aem3 : BIOS.obj (.text:ti_sysbios_knl_Clock_getTicksUntilInterrupt__E)
                  00009e2c    0000002c     water_sensor_wireless_comm_pem3.oem3 (.text:ti_sysbios_knl_Queue_construct)
                  00009e58    0000002c     sysbios.aem3 : BIOS.obj (.text:ti_sysbios_knl_Semaphore_pendTimeout__I)
                  00009e84    0000002c                  : BIOS.obj (.text:ti_sysbios_knl_Task_unblockI__E)
                  00009eb0    0000002c                  : BIOS.obj (.text:xdc_runtime_Text_cordText__E)
                  00009edc    00000028     driverlib.lib : aon_batmon.obj (.text:NOROM_AONBatMonTemperatureGetDegC)
                  00009f04    00000028     drivers_cc13xxware.aem3 : PowerCC26XX.oem3 (.text:Power_registerNotify)
                  00009f2c    00000028     rf_singleMode_cc13xxware.aem3 : RFCC26XX_singleMode.oem3 (.text:Q_end)
                  00009f54    00000028     driverlib.lib : adi.obj (.text:SafeHapiVoid)
                  00009f7c    00000028     sysbios.aem3 : BIOS.obj (.text:ti_sysbios_knl_Clock_addI__E)
                  00009fa4    00000028                  : BIOS.obj (.text:ti_sysbios_knl_Task_restore__E)
                  00009fcc    00000026     drivers_cc13xxware.aem3 : List.oem3 (.text:List_put)
                  00009ff2    00000002     sysbios.aem3 : BIOS.obj (.text:ti_sysbios_gates_GateHwi_Instance_init__E)
                  00009ff4    00000024     drivers_cc13xxware.aem3 : PINCC26XX.oem3 (.text:PINCC26XX_getPinCount)
                  0000a018    00000024                             : PowerCC26XX_calibrateRCOSC.oem3 (.text:getTdcSemaphore)
                  0000a03c    00000024     rf_singleMode_cc13xxware.aem3 : RFCC26XX_singleMode.oem3 (.text:hwiFxnCpe0PowerFsm)
                  0000a060    00000024     water_sensor_wireless_comm_pem3.oem3 (.text:ti_sysbios_BIOS_registerRTSLock__I)
                  0000a084    00000024     water_sensor_wireless_comm_pem3.oem3 (.text:ti_sysbios_BIOS_removeRTSLock__I)
                  0000a0a8    00000024     sysbios.aem3 : BIOS.obj (.text:ti_sysbios_family_arm_cc26xx_Timer_Module_startup__E)
                  0000a0cc    00000024                  : BIOS.obj (.text:ti_sysbios_family_arm_cc26xx_Timer_getMaxTicks__E)
                  0000a0f0    00000024                  : BIOS.obj (.text:ti_sysbios_family_arm_cc26xx_Timer_startup__E)
                  0000a114    00000024     water_sensor_wireless_comm_pem3.oem3 (.text:ti_sysbios_gates_GateMutex_Object__delete__S)
                  0000a138    00000024     sysbios.aem3 : BIOS.obj (.text:ti_sysbios_knl_Semaphore_Instance_init__E)
                  0000a15c    00000024                  : BIOS.obj (.text:ti_sysbios_knl_Swi_Module_startup__E)
                  0000a180    00000024                  : BIOS.obj (.text:ti_sysbios_utils_Load_updateThreadContexts__E)
                  0000a1a4    00000022                  : BIOS.obj (.text:ti_sysbios_family_arm_cc26xx_Timer_postInit__I)
                  0000a1c6    00000022     water_sensor_wireless_comm_pem3.oem3 (.text:xdc_runtime_SysMin_output__I)
                  0000a1e8    00000020     driverlib.lib : rfc.obj (.text:NOROM_RFCAdi3VcoLdoVoltageMode)
                  0000a208    00000020                   : rfc.obj (.text:NOROM_RFCDoorbellSendTo)
                  0000a228    00000020                   : setup_rom.obj (.text:NOROM_SetupGetTrimForXoscHfCtl)
                  0000a248    00000020     drivers_cc13xxware.aem3 : PowerCC26XX.oem3 (.text:Power_unregisterNotify)
                  0000a268    00000020     rf_singleMode_cc13xxware.aem3 : RFCC26XX_singleMode.oem3 (.text:allocCmd)
                  0000a288    00000020     rtsv7M3_T_le_eabi.lib : memchr.obj (.text)
                  0000a2a8    00000020     water_sensor_wireless_comm_pem3.oem3 (.text:ti_sysbios_BIOS_rtsLock__I)
                  0000a2c8    00000020     sysbios.aem3 : BIOS.obj (.text:ti_sysbios_family_arm_cc26xx_Timer_dynamicStub__E)
                  0000a2e8    00000020                  : BIOS.obj (.text:ti_sysbios_family_arm_cc26xx_TimestampProvider_Module_startup__E)
                  0000a308    00000020                  : m3_Hwi_asm.obj (.text:ti_sysbios_family_arm_m3_Hwi_excHandlerAsm__I)
                  0000a328    00000020                  : BIOS.obj (.text:ti_sysbios_family_arm_m3_Hwi_excHandler__I)
                  0000a348    00000020     water_sensor_wireless_comm_pem3.oem3 (.text:ti_sysbios_gates_GateHwi_Object__delete__S)
                  0000a368    00000020     water_sensor_wireless_comm_pem3.oem3 (.text:ti_sysbios_heaps_HeapMem_Object__delete__S)
                  0000a388    00000020     sysbios.aem3 : BIOS.obj (.text:ti_sysbios_knl_Clock_Module_startup__E)
                  0000a3a8    00000020     water_sensor_wireless_comm_pem3.oem3 (.text:ti_sysbios_knl_Clock_Object__destruct__S)
                  0000a3c8    00000020     sysbios.aem3 : BIOS.obj (.text:ti_sysbios_knl_Clock_getTicks__E)
                  0000a3e8    00000020                  : BIOS.obj (.text:ti_sysbios_knl_Clock_stop__E)
                  0000a408    00000020                  : BIOS.obj (.text:ti_sysbios_knl_Idle_run__E)
                  0000a428    00000020     water_sensor_wireless_comm_pem3.oem3 (.text:ti_sysbios_knl_Semaphore_Object__destruct__S)
                  0000a448    00000020     sysbios.aem3 : BIOS.obj (.text:ti_sysbios_knl_Task_restoreHwi__E)
                  0000a468    00000020     water_sensor_wireless_comm_pem3.oem3 (.text:ti_uia_loggers_LoggerStopMode_Object__delete__S)
                  0000a488    00000020     sysbios.aem3 : BIOS.obj (.text:xdc_runtime_SysMin_Module_startup__E)
                  0000a4a8    0000001e     drivers_cc13xxware.aem3 : PINCC26XX.oem3 (.text:PIN_close)
                  0000a4c6    0000001e                             : PowerCC26XX.oem3 (.text:Power_getTransitionLatency)
                  0000a4e4    0000001e     sysbios.aem3 : m3_Hwi_asm_switch.obj (.text:ti_sysbios_family_xxx_Hwi_switchAndRunFunc)
                  0000a502    00000002                  : BIOS.obj (.text:ti_sysbios_knl_Clock_logTick__E)
                  0000a504    0000001c     driverlib.lib : setup_rom.obj (.text:NOROM_SetupGetTrimForAmpcompTh2)
                  0000a520    0000001c                   : setup_rom.obj (.text:NOROM_SetupGetTrimForRcOscLfRtuneCtuneTrim)
                  0000a53c    0000001c     drivers_cc13xxware.aem3 : PINCC26XX.oem3 (.text:PINCC26XX_setIoCfgMux)
                  0000a558    0000001c                             : PINCC26XX.oem3 (.text:PIN_hwi)
                  0000a574    0000001c     smartrf_settings.obj (.text:enterGenfskCpePatch)
                  0000a590    0000001c     smartrf_settings_predefined.obj (.text:enterGenfskCpePatch)
                  0000a5ac    0000001c     smartrf_settings_predefined.obj (.text:enterGenookCpePatch)
                  0000a5c8    0000001c     smartrf_settings_predefined.obj (.text:enterLrmCpePatch)
                  0000a5e4    0000001c     water_sensor_wireless_comm_pem3.oem3 (.text:ti_sysbios_family_arm_m3_Hwi_Object__destruct__S)
                  0000a600    0000001c     sysbios.aem3 : BIOS.obj (.text:ti_sysbios_family_arm_m3_Hwi_setPriority__E)
                  0000a61c    0000001c                  : BIOS.obj (.text:ti_sysbios_gates_GateMutex_Instance_init__E)
                  0000a638    0000001c                  : BIOS.obj (.text:ti_sysbios_knl_Clock_scheduleNextTick__E)
                  0000a654    0000001c     water_sensor_wireless_comm_pem3.oem3 (.text:ti_sysbios_knl_Queue_Object__destruct__S)
                  0000a670    0000001c     sysbios.aem3 : BIOS.obj (.text:ti_sysbios_knl_Queue_put__E)
                  0000a68c    0000001c     water_sensor_wireless_comm_pem3.oem3 (.text:ti_sysbios_knl_Swi_Object__destruct__S)
                  0000a6a8    0000001c     sysbios.aem3 : BIOS.obj (.text:ti_sysbios_knl_Task_enter__I)
                  0000a6c4    0000001c     ti.uia.loggers.aem3 : LoggerStopMode.oem3 (.text:ti_uia_loggers_LoggerStopMode_Instance_init__E)
                  0000a6e0    0000001c     sysbios.aem3 : BIOS.obj (.text:xdc_runtime_Error_check__E)
                  0000a6fc    0000001c                  : BIOS.obj (.text:xdc_runtime_Error_raiseX__E)
                  0000a718    0000001c                  : BIOS.obj (.text:xdc_runtime_Memory_valloc__E)
                  0000a734    0000001c                  : BIOS.obj (.text:xdc_runtime_SysMin_exit__E)
                  0000a750    0000001c                  : BIOS.obj (.text:xdc_runtime_System_abort__E)
                  0000a76c    0000001a     drivers_cc13xxware.aem3 : List.oem3 (.text:List_remove)
                  0000a786    0000001a     rtsv7M3_T_le_eabi.lib : memccpy.obj (.text)
                  0000a7a0    0000001a     sysbios.aem3 : m3_Hwi_asm.obj (.text:ti_sysbios_family_arm_m3_Hwi_pendSV__I)
                  0000a7ba    00000002                  : BIOS.obj (.text:ti_sysbios_knl_Clock_triggerFunc__I)
                  0000a7bc    00000018     driverlib.lib : aon_rtc.obj (.text:NOROM_AONRTCCurrentCompareValueGet)
                  0000a7d4    00000018                   : chipinfo.obj (.text:NOROM_ChipInfo_GetPackageType)
                  0000a7ec    00000018                   : osc.obj (.text:NOROM_OSCHF_TurnOnXosc)
                  0000a804    00000018                   : rfc.obj (.text:NOROM_RFCCpeIntGetAndClear)
                  0000a81c    00000018                   : setup_rom.obj (.text:NOROM_SetupGetTrimForAdcShModeEn)
                  0000a834    00000018                   : setup_rom.obj (.text:NOROM_SetupGetTrimForAdcShVbufEn)
                  0000a84c    00000018                   : setup_rom.obj (.text:NOROM_SetupGetTrimForAmpcompTh1)
                  0000a864    00000018                   : setup_rom.obj (.text:NOROM_SetupGetTrimForDblrLoopFilterResetVoltage)
                  0000a87c    00000018                   : setup_rom.obj (.text:NOROM_SetupGetTrimForRcOscLfIBiasTrim)
                  0000a894    00000018                   : setup_rom.obj (.text:NOROM_SetupGetTrimForXoscLfRegulatorAndCmirrwrRatio)
                  0000a8ac    00000018     drivers_cc13xxware.aem3 : PowerCC26XX.oem3 (.text:Power_idleFunc)
                  0000a8c4    00000018     rf_singleMode_cc13xxware.aem3 : RFCC26XX_singleMode.oem3 (.text:Q_pop)
                  0000a8dc    00000018     drivers_cc13xxware.aem3 : UARTCC26XX.oem3 (.text:UARTCC26XX_init)
                  0000a8f4    00000018                             : UART.oem3 (.text:UART_Params_init)
                  0000a90c    00000018                             : PowerCC26XX.oem3 (.text:configureRFCoreClocks)
                  0000a924    00000018     water_sensor_wireless_comm_pem3.oem3 (.text:free)
                  0000a93c    00000018     rtsv7M3_T_le_eabi.lib : args_main.obj (.text)
                  0000a954    00000018                           : ll_mul_t2.obj (.text)
                  0000a96c    00000018                           : strcmp.obj (.text)
                  0000a984    00000018     rf_singleMode_cc13xxware.aem3 : RFCC26XX_singleMode.oem3 (.text:swiFxnFsm)
                  0000a99c    00000018     water_sensor_wireless_comm_pem3.oem3 (.text:ti_sysbios_BIOS_rtsUnlock__I)
                  0000a9b4    00000018     water_sensor_wireless_comm_pem3.oem3 (.text:ti_sysbios_family_arm_cc26xx_Timer_Module__startupDone__F)
                  0000a9cc    00000018     sysbios.aem3 : BIOS.obj (.text:ti_sysbios_family_arm_cc26xx_TimestampProvider_get64__E)
                  0000a9e4    00000018     water_sensor_wireless_comm_pem3.oem3 (.text:ti_sysbios_family_arm_m3_Hwi_Module__startupDone__F)
                  0000a9fc    00000018     sysbios.aem3 : BIOS.obj (.text:ti_sysbios_family_arm_m3_Hwi_plug__E)
                  0000aa14    00000018     water_sensor_wireless_comm_pem3.oem3 (.text:ti_sysbios_gates_GateHwi_Handle__label__S)
                  0000aa2c    00000018     water_sensor_wireless_comm_pem3.oem3 (.text:ti_sysbios_gates_GateMutex_Handle__label__S)
                  0000aa44    00000018     sysbios.aem3 : BIOS.obj (.text:ti_sysbios_gates_GateMutex_leave__E)
                  0000aa5c    00000018     water_sensor_wireless_comm_pem3.oem3 (.text:ti_sysbios_heaps_HeapMem_Handle__label__S)
                  0000aa74    00000018     sysbios.aem3 : BIOS.obj (.text:ti_sysbios_knl_Swi_or__E)
                  0000aa8c    00000018                  : BIOS.obj (.text:ti_sysbios_knl_Task_unblock__E)
                  0000aaa4    00000018     water_sensor_wireless_comm_pem3.oem3 (.text:ti_uia_loggers_LoggerStopMode_Handle__label__S)
                  0000aabc    00000018     sysbios.aem3 : BIOS.obj (.text:xdc_runtime_System_exit__E)
                  0000aad4    00000018                  : BIOS.obj (.text:xdc_runtime_Text_ropeText__E)
                  0000aaec    00000016     driverlib.lib : chipinfo.obj (.text:NOROM_ThisCodeIsBuiltForCC13xxHwRev20AndLater_HaltIfViolated)
                  0000ab02    00000016     rtsv7M3_T_le_eabi.lib : strchr.obj (.text)
                  0000ab18    00000016                           : strcpy.obj (.text)
                  0000ab2e    00000016     water_sensor_wireless_comm_pem3.oem3 (.text:ti_sysbios_BIOS_exitFunc__I)
                  0000ab44    00000016     sysbios.aem3 : BIOS.obj (.text:ti_sysbios_knl_Clock_Instance_finalize__E)
                  0000ab5a    00000016                  : BIOS.obj (.text:ti_sysbios_knl_Clock_start__E)
                  0000ab70    00000016     EasyLink.obj (.text:ti_sysbios_knl_Semaphore_Params_init)
                  0000ab86    00000016     main.obj (.text:ti_sysbios_knl_Task_Params_init)
                  0000ab9c    00000016     ti.uia.loggers.aem3 : LoggerStopMode.oem3 (.text:ti_uia_loggers_LoggerStopMode_disable__E)
                  0000abb2    00000016                         : LoggerStopMode.oem3 (.text:ti_uia_loggers_LoggerStopMode_enable__E)
                  0000abc8    00000014     driverlib.lib : aon_rtc.obj (.text:NOROM_AONRTCCurrent64BitValueGet)
                  0000abdc    00000014     rf_singleMode_cc13xxware.aem3 : RFCC26XX_singleMode.oem3 (.text:RF_Params_init)
                  0000abf0    00000014     rtsv7M3_T_le_eabi.lib : _lock.obj (.text)
                  0000ac04    00000014                           : strlen.obj (.text)
                  0000ac18    00000014     water_sensor_wireless_comm_pem3.oem3 (.text:ti_sysbios_family_arm_m3_Hwi_Object__get__S)
                  0000ac2c    00000014     sysbios.aem3 : BIOS.obj (.text:ti_sysbios_family_arm_m3_Hwi_switchFromBootStack__E)
                  0000ac40    00000014     water_sensor_wireless_comm_pem3.oem3 (.text:ti_sysbios_heaps_HeapMem_Object__get__S)
                  0000ac54    00000014     water_sensor_wireless_comm_pem3.oem3 (.text:ti_sysbios_knl_Clock_doTick__I)
                  0000ac68    00000014     water_sensor_wireless_comm_pem3.oem3 (.text:ti_sysbios_knl_Swi_Object__get__S)
                  0000ac7c    00000012     drivers_cc13xxware.aem3 : RingBuf.oem3 (.text:RingBuf_construct)
                  0000ac8e    00000012     sysbios.aem3 : BIOS.obj (.text:ti_sysbios_hal_Hwi_Module_startup__E)
                  0000aca0    00000012     water_sensor_wireless_comm_pem3.oem3 (.text:xdc_runtime_Startup_exec__I)
                  0000acb2    00000002     sysbios.aem3 : BIOS.obj (.text:ti_sysbios_knl_Swi_Instance_finalize__E)
                  0000acb4    00000010     rf_singleMode_cc13xxware.aem3 : RFCC26XX_singleMode.oem3 (.text:FsmDispatch)
                  0000acc4    00000010     driverlib.lib : rfc.obj (.text:NOROM_RFCRfTrimSet)
                  0000acd4    00000010                   : setup_rom.obj (.text:NOROM_SetupGetTrimForXoscHfFastStart)
                  0000ace4    00000010                   : setup_rom.obj (.text:NOROM_SetupGetTrimForXoscHfIbiastherm)
                  0000acf4    00000010     smartrf_settings.obj (.text:applyGenfskPatch)
                  0000ad04    00000010     smartrf_settings_predefined.obj (.text:applyGenfskPatch)
                  0000ad14    00000010     smartrf_settings_predefined.obj (.text:applyGenookPatch)
                  0000ad24    00000010     smartrf_settings_predefined.obj (.text:applyLrmPatch)
                  0000ad34    00000010     sysbios.aem3 : BIOS.obj (.text:ti_sysbios_BIOS_exit__E)
                  0000ad44    00000010                  : BIOS.obj (.text:ti_sysbios_BIOS_getCpuFreq__E)
                  0000ad54    00000010                  : BIOS.obj (.text:ti_sysbios_BIOS_setThreadType__E)
                  0000ad64    00000010                  : BIOS.obj (.text:ti_sysbios_BIOS_start__E)
                  0000ad74    00000010                  : BIOS.obj (.text:ti_sysbios_family_arm_m3_Hwi_post__E)
                  0000ad84    00000010                  : m3_TaskSupport_asm.obj (.text:ti_sysbios_family_arm_m3_TaskSupport_glue)
                  0000ad94    00000010                  : m3_TaskSupport_asm.obj (.text:ti_sysbios_family_arm_m3_TaskSupport_swap__E)
                  0000ada4    00000010                  : BIOS.obj (.text:ti_sysbios_gates_GateMutex_Instance_finalize__E)
                  0000adb4    00000010                  : BIOS.obj (.text:ti_sysbios_knl_Semaphore_Instance_finalize__E)
                  0000adc4    00000010                  : BIOS.obj (.text:ti_sysbios_knl_Swi_disable__E)
                  0000add4    00000010                  : BIOS.obj (.text:ti_sysbios_knl_Swi_enabled__E)
                  0000ade4    00000010     water_sensor_wireless_comm_pem3.oem3 (.text:ti_sysbios_knl_Task_Object__get__S)
                  0000adf4    00000010     sysbios.aem3 : BIOS.obj (.text:ti_sysbios_knl_Task_disable__E)
                  0000ae04    00000010     water_sensor_wireless_comm_pem3.oem3 (.text:ti_uia_loggers_LoggerStopMode_Object__get__S)
                  0000ae14    00000010     ti.uia.loggers.aem3 : LoggerStopMode.oem3 (.text:ti_uia_loggers_LoggerStopMode_isEmpty__E)
                  0000ae24    00000010     drivers_cc13xxware.aem3 : UARTCC26XX.oem3 (.text:uartPostNotify)
                  0000ae34    00000010     sysbios.aem3 : BIOS.obj (.text:xdc_runtime_Gate_leaveSystem__E)
                  0000ae44    00000010                  : BIOS.obj (.text:xdc_runtime_Memory_free__E)
                  0000ae54    0000000e     driverlib.lib : vims.obj (.text:NOROM_VIMSModeGet)
                  0000ae62    0000000e     rtsv7M3_T_le_eabi.lib : copy_decompress_none.obj (.text:decompress:none)
                  0000ae70    0000000e     sysbios.aem3 : BIOS.obj (.text:ti_sysbios_family_arm_cc26xx_TimestampProvider_get32__E)
                  0000ae7e    0000000e                  : BIOS.obj (.text:ti_sysbios_family_arm_m3_TaskSupport_checkStack__E)
                  0000ae8c    0000000e                  : BIOS.obj (.text:ti_sysbios_heaps_HeapMem_restore__E)
                  0000ae9a    0000000e                  : BIOS.obj (.text:ti_sysbios_knl_Queue_empty__E)
                  0000aea8    0000000e                  : BIOS.obj (.text:ti_sysbios_knl_Queue_remove__E)
                  0000aeb6    00000002     water_sensor_wireless_comm_pem3.oem3 (.text:ti_uia_loggers_LoggerStopMode_setFilterLevel__E)
                  0000aeb8    0000000c     rf_singleMode_cc13xxware.aem3 : RFCC26XX_singleMode.oem3 (.text:FsmNextState)
                  0000aec4    0000000c     driverlib.lib : cpu.obj (.text:NOROM_CPUcpsid)
                  0000aed0    0000000c                   : cpu.obj (.text:NOROM_CPUcpsie)
                  0000aedc    0000000c     drivers_cc13xxware.aem3 : PowerCC26XX.oem3 (.text:Power_getConstraintMask)
                  0000aee8    0000000c                             : PowerCC26XX.oem3 (.text:Power_getDependencyCount)
                  0000aef4    0000000c     rtsv7M3_T_le_eabi.lib : copy_zero_init.obj (.text:decompress:ZI)
                  0000af00    0000000c     sysbios.aem3 : BIOS.obj (.text:ti_sysbios_BIOS_getThreadType__E)
                  0000af0c    0000000c                  : BIOS.obj (.text:ti_sysbios_family_arm_cc26xx_TimestampProvider_getFreq__E)
                  0000af18    0000000c     water_sensor_wireless_comm_pem3.oem3 (.text:ti_sysbios_family_arm_m3_Hwi_Params__init__S)
                  0000af24    0000000c     sysbios.aem3 : BIOS.obj (.text:ti_sysbios_family_arm_m3_Hwi_disableFxn__E)
                  0000af30    0000000c                  : BIOS.obj (.text:ti_sysbios_family_arm_m3_TaskSupport_getStackAlignment__E)
                  0000af3c    0000000c                  : BIOS.obj (.text:ti_sysbios_gates_GateHwi_enter__E)
                  0000af48    0000000c     water_sensor_wireless_comm_pem3.oem3 (.text:ti_sysbios_knl_Clock_Params__init__S)
                  0000af54    0000000c     sysbios.aem3 : BIOS.obj (.text:ti_sysbios_knl_Clock_getTimerHandle__E)
                  0000af60    0000000c     water_sensor_wireless_comm_pem3.oem3 (.text:ti_sysbios_knl_Queue_Object__get__S)
                  0000af6c    0000000c     sysbios.aem3 : BIOS.obj (.text:ti_sysbios_knl_Queue_dequeue__E)
                  0000af78    0000000c                  : BIOS.obj (.text:ti_sysbios_knl_Queue_enqueue__E)
                  0000af84    0000000c     water_sensor_wireless_comm_pem3.oem3 (.text:ti_sysbios_knl_Semaphore_Params__init__S)
                  0000af90    0000000c     water_sensor_wireless_comm_pem3.oem3 (.text:ti_sysbios_knl_Swi_Params__init__S)
                  0000af9c    0000000c     sysbios.aem3 : BIOS.obj (.text:ti_sysbios_knl_Swi_getTrigger__E)
                  0000afa8    0000000c     water_sensor_wireless_comm_pem3.oem3 (.text:ti_sysbios_knl_Task_Params__init__S)
                  0000afb4    0000000c     sysbios.aem3 : BIOS.obj (.text:ti_sysbios_knl_Task_self__E)
                  0000afc0    0000000c                  : BIOS.obj (.text:xdc_runtime_Error_init__E)
                  0000afcc    0000000c                  : BIOS.obj (.text:xdc_runtime_Gate_enterSystem__E)
                  0000afd8    0000000c                  : BIOS.obj (.text:xdc_runtime_Memory_calloc__E)
                  0000afe4    0000000c                  : BIOS.obj (.text:xdc_runtime_Memory_getMaxDefaultTypeAlign__E)
                  0000aff0    0000000c                  : BIOS.obj (.text:xdc_runtime_Startup_rtsDone__E)
                  0000affc    0000000a     drivers_cc13xxware.aem3 : List.oem3 (.text:List_empty)
                  0000b006    0000000a                             : UART.oem3 (.text:UART_write)
                  0000b010    0000000a     water_sensor_wireless_comm_pem3.oem3 (.text:xdc_runtime_IHeap_alloc)
                  0000b01a    0000000a     water_sensor_wireless_comm_pem3.oem3 (.text:xdc_runtime_IHeap_free)
                  0000b024    00000008     drivers_cc13xxware.aem3 : UARTCC26XX.oem3 (.text:readSemCallback)
                  0000b02c    00000008     smartrf_settings.obj (.text:rf_patch_cpe_genfsk)
                  0000b034    00000008     smartrf_settings_predefined.obj (.text:rf_patch_cpe_genfsk)
                  0000b03c    00000008     smartrf_settings_predefined.obj (.text:rf_patch_cpe_genook)
                  0000b044    00000008     smartrf_settings_predefined.obj (.text:rf_patch_cpe_lrm)
                  0000b04c    00000008     rtsv7M3_T_le_eabi.lib : s_copysign.obj (.text)
                  0000b054    00000008     sysbios.aem3 : BIOS.obj (.text:ti_sysbios_family_arm_m3_Hwi_doSwiRestore__I)
                  0000b05c    00000008                  : BIOS.obj (.text:ti_sysbios_family_arm_m3_Hwi_startup__E)
                  0000b064    00000008                  : BIOS.obj (.text:ti_sysbios_knl_Idle_loop__E)
                  0000b06c    00000008     drivers_cc13xxware.aem3 : UARTCC26XX.oem3 (.text:writeSemCallback)
                  0000b074    00000006                             : UARTCC26XX.oem3 (.text:UARTCC26XX_readPolling)
                  0000b07a    00000006                             : UARTCC26XX.oem3 (.text:UARTCC26XX_writePolling)
                  0000b080    00000006     rf_singleMode_cc13xxware.aem3 : RFCC26XX_singleMode.oem3 (.text:clkInactivityFxn)
                  0000b086    00000006     sysbios.aem3 : BIOS.obj (.text:ti_sysbios_family_arm_m3_Hwi_doTaskRestore__I)
                  0000b08c    00000006                  : BIOS.obj (.text:ti_sysbios_family_arm_m3_Hwi_restoreFxn__E)
                  0000b092    00000006                  : BIOS.obj (.text:ti_sysbios_family_arm_m3_Hwi_setFunc__E)
                  0000b098    00000006                  : BIOS.obj (.text:ti_sysbios_gates_GateHwi_leave__E)
                  0000b09e    00000006                  : BIOS.obj (.text:ti_sysbios_heaps_HeapMem_isBlocking__E)
                  0000b0a4    00000006                  : BIOS.obj (.text:ti_sysbios_knl_Queue_Instance_init__E)
                  0000b0aa    00000006                  : BIOS.obj (.text:ti_sysbios_knl_Queue_elemClear__E)
                  0000b0b0    00000006                  : BIOS.obj (.text:ti_sysbios_knl_Swi_startup__E)
                  0000b0b6    00000006                  : BIOS.obj (.text:xdc_runtime_System_Module_startup__E)
                  0000b0bc    00000004     tirtosport.aem3 : HwiP_tirtos.oem3 (.text:HwiP_disable)
                  0000b0c0    00000004     drivers_cc13xxware.aem3 : List.oem3 (.text:List_head)
                  0000b0c4    00000004                             : List.oem3 (.text:List_next)
                  0000b0c8    00000004     rf_singleMode_cc13xxware.aem3 : RFCC26XX_singleMode.oem3 (.text:Q_peek)
                  0000b0cc    00000004     drivers_cc13xxware.aem3 : PowerCC26XX.oem3 (.text:nopResourceHandler)
                  0000b0d0    00000004     water_sensor_wireless_comm_pem3.oem3 (.text:ti_sysbios_BIOS_RtsGateProxy_enter__E)
                  0000b0d4    00000004     water_sensor_wireless_comm_pem3.oem3 (.text:ti_sysbios_BIOS_RtsGateProxy_leave__E)
                  0000b0d8    00000004     sysbios.aem3 : BIOS.obj (.text:ti_sysbios_family_arm_cc26xx_Timer_getCount64__E)
                  0000b0dc    00000004                  : BIOS.obj (.text:ti_sysbios_family_arm_cc26xx_Timer_setPeriod__E)
                  0000b0e0    00000004     water_sensor_wireless_comm_pem3.oem3 (.text:ti_sysbios_family_arm_m3_Hwi_destruct)
                  0000b0e4    00000004     water_sensor_wireless_comm_pem3.oem3 (.text:ti_sysbios_family_arm_m3_TaskSupport_Module__startupDone__S)
                  0000b0e8    00000004     sysbios.aem3 : BIOS.obj (.text:ti_sysbios_gates_GateHwi_query__E)
                  0000b0ec    00000004                  : BIOS.obj (.text:ti_sysbios_gates_GateMutex_query__E)
                  0000b0f0    00000004     water_sensor_wireless_comm_pem3.oem3 (.text:ti_sysbios_heaps_HeapMem_Module_GateProxy_enter__E)
                  0000b0f4    00000004     water_sensor_wireless_comm_pem3.oem3 (.text:ti_sysbios_heaps_HeapMem_Module_GateProxy_leave__E)
                  0000b0f8    00000004     water_sensor_wireless_comm_pem3.oem3 (.text:ti_sysbios_knl_Clock_TimerProxy_getCurrentTick__E)
                  0000b0fc    00000004     water_sensor_wireless_comm_pem3.oem3 (.text:ti_sysbios_knl_Clock_TimerProxy_getMaxTicks__E)
                  0000b100    00000004     water_sensor_wireless_comm_pem3.oem3 (.text:ti_sysbios_knl_Clock_TimerProxy_setNextTick__E)
                  0000b104    00000004     water_sensor_wireless_comm_pem3.oem3 (.text:ti_sysbios_knl_Clock_destruct)
                  0000b108    00000004     sysbios.aem3 : BIOS.obj (.text:ti_sysbios_knl_Clock_removeI__E)
                  0000b10c    00000004                  : BIOS.obj (.text:ti_sysbios_knl_Clock_setTimeout__E)
                  0000b110    00000004     water_sensor_wireless_comm_pem3.oem3 (.text:ti_sysbios_knl_Queue_destruct)
                  0000b114    00000004     sysbios.aem3 : BIOS.obj (.text:ti_sysbios_knl_Queue_head__E)
                  0000b118    00000004                  : BIOS.obj (.text:ti_sysbios_knl_Queue_next__E)
                  0000b11c    00000004     water_sensor_wireless_comm_pem3.oem3 (.text:ti_sysbios_knl_Semaphore_destruct)
                  0000b120    00000004     water_sensor_wireless_comm_pem3.oem3 (.text:ti_sysbios_knl_Swi_destruct)
                  0000b124    00000004     sysbios.aem3 : BIOS.obj (.text:ti_sysbios_knl_Swi_postInit__I)
                  0000b128    00000004                  : BIOS.obj (.text:ti_sysbios_knl_Task_startup__E)
                  0000b12c    00000004     ti.uia.loggers.aem3 : LoggerStopMode.oem3 (.text:ti_uia_loggers_LoggerStopMode_getContents__E)
                  0000b130    00000004     water_sensor_wireless_comm_pem3.oem3 (.text:ti_uia_loggers_LoggerStopMode_getFilterLevel__E)
                  0000b134    00000004     ti.uia.loggers.aem3 : LoggerStopMode.oem3 (.text:ti_uia_loggers_LoggerStopMode_getInstanceId__E)
                  0000b138    00000004                         : LoggerStopMode.oem3 (.text:ti_uia_loggers_LoggerStopMode_getMaxLength__E)
                  0000b13c    00000004                         : LoggerStopMode.oem3 (.text:ti_uia_loggers_LoggerStopMode_getPriority__E)
                  0000b140    00000004                         : LoggerStopMode.oem3 (.text:ti_uia_loggers_LoggerStopMode_getTransferType__E)
                  0000b144    00000004     water_sensor_wireless_comm_pem3.oem3 (.text:xdc_runtime_System_Module_GateProxy_enter__E)
                  0000b148    00000004     water_sensor_wireless_comm_pem3.oem3 (.text:xdc_runtime_System_Module_GateProxy_leave__E)
                  0000b14c    00000002     ti.uia.loggers.aem3 : LoggerStopMode.oem3 (.text:ti_uia_loggers_LoggerStopMode_setPriority__E)
                  0000b14e    00000002     sysbios.aem3 : BIOS.obj (.text:xdc_runtime_Error_policySpin__E)
                  0000b150    00000002                  : BIOS.obj (.text:xdc_runtime_System_abortSpin__E)
                  0000b152    00000002                  : BIOS.obj (.text:xdc_runtime_System_exitSpin__E)

.const     0    0000b154    00003dd2     
                  0000b154    0000073c     smartrf_settings_predefined.obj (.const:patchGenookMce)
                  0000b890    000006b4     smartrf_settings.obj (.const:patchGenfskRfe)
                  0000bf44    000006b4     smartrf_settings_predefined.obj (.const:patchGenfskRfe)
                  0000c5f8    000006b4     smartrf_settings_predefined.obj (.const:patchLrmRfe)
                  0000ccac    000006a4     smartrf_settings_predefined.obj (.const:patchGenookRfe)
                  0000d350    00000504     smartrf_settings_predefined.obj (.const:patchHsp4mbpsRfe)
                  0000d854    000003f0     smartrf_settings_predefined.obj (.const:patchHsp4mbpsMce)
                  0000dc44    0000028c     smartrf_settings.obj (.const:patchImageGenfsk)
                  0000ded0    0000028c     smartrf_settings_predefined.obj (.const:patchImageGenfsk)
                  0000e15c    0000028c     smartrf_settings_predefined.obj (.const:patchImageGenook)
                  0000e3e8    0000028c     smartrf_settings_predefined.obj (.const:patchImageLrm)
                  0000e674    00000101     rtsv7M3_T_le_eabi.lib : ctype.obj (.const:.string:_ctypes_)
                  0000e775    00000001     smartrf_settings_predefined.obj (.const)
                  0000e776    00000002     water_sensor_wireless_comm_pem3.oem3 (.const:ti_sysbios_family_arm_cc26xx_TimestampProvider_useClockTimer__C)
                  0000e778    00000098     RF_Com.obj (.const:$P$T1$2)
                  0000e810    00000060     water_sensor_wireless_comm_pem3.oem3 (.const:ti_uia_loggers_LoggerStopMode_Module__FXNS__C)
                  0000e870    0000004c     CC1310DK_7XD.obj (.const:BoardGpioInitTable)
                  0000e8bc    0000004c     drivers_cc13xxware.aem3 : PowerCC26XX.oem3 (.const:resourceDB)
                  0000e908    00000048     water_sensor_wireless_comm_pem3.oem3 (.const:.string)
                  0000e950    00000040     drivers_cc13xxware.aem3 : UARTCC26XX.oem3 (.const)
                  0000e990    00000040     smartrf_settings_predefined.obj (.const:rfPowerTable)
                  0000e9d0    0000003c     water_sensor_wireless_comm_pem3.oem3 (.const:ti_sysbios_knl_Task_Object__PARAMS__C)
                  0000ea0c    00000030     water_sensor_wireless_comm_pem3.oem3 (.const:ti_sysbios_family_arm_m3_Hwi_Object__PARAMS__C)
                  0000ea3c    00000028     drivers_cc13xxware.aem3 : UARTCC26XX.oem3 (.const:UARTCC26XX_fxnTable)
                  0000ea64    00000028     water_sensor_wireless_comm_pem3.oem3 (.const:ti_sysbios_heaps_HeapMem_Module__FXNS__C)
                  0000ea8c    00000028     water_sensor_wireless_comm_pem3.oem3 (.const:ti_sysbios_knl_Swi_Object__PARAMS__C)
                  0000eab4    00000028     water_sensor_wireless_comm_pem3.oem3 (.const:ti_uia_loggers_LoggerStopMode_Object__PARAMS__C)
                  0000eadc    00000028     water_sensor_wireless_comm_pem3.oem3 (.const:xdc_runtime_Startup_sfxnTab__A)
                  0000eb04    00000024     drivers_cc13xxware.aem3 : UART.oem3 (.const:UART_defaultParams)
                  0000eb28    00000024     water_sensor_wireless_comm_pem3.oem3 (.const:ti_sysbios_gates_GateHwi_Module__FXNS__C)
                  0000eb4c    00000024     water_sensor_wireless_comm_pem3.oem3 (.const:ti_sysbios_gates_GateMutex_Module__FXNS__C)
                  0000eb70    00000024     water_sensor_wireless_comm_pem3.oem3 (.const:ti_sysbios_heaps_HeapMem_Object__PARAMS__C)
                  0000eb94    00000024     water_sensor_wireless_comm_pem3.oem3 (.const:ti_sysbios_knl_Clock_Object__PARAMS__C)
                  0000ebb8    00000024     water_sensor_wireless_comm_pem3.oem3 (.const:ti_sysbios_knl_Semaphore_Object__PARAMS__C)
                  0000ebdc    00000020     water_sensor_wireless_comm_pem3.oem3 (.const:ti_sysbios_family_arm_m3_Hwi_Object__DESC__C)
                  0000ebfc    00000020     water_sensor_wireless_comm_pem3.oem3 (.const:ti_sysbios_gates_GateHwi_Object__DESC__C)
                  0000ec1c    00000020     water_sensor_wireless_comm_pem3.oem3 (.const:ti_sysbios_gates_GateMutex_Object__DESC__C)
                  0000ec3c    00000020     water_sensor_wireless_comm_pem3.oem3 (.const:ti_sysbios_heaps_HeapMem_Object__DESC__C)
                  0000ec5c    00000020     water_sensor_wireless_comm_pem3.oem3 (.const:ti_sysbios_knl_Clock_Object__DESC__C)
                  0000ec7c    00000020     water_sensor_wireless_comm_pem3.oem3 (.const:ti_sysbios_knl_Queue_Object__DESC__C)
                  0000ec9c    00000020     water_sensor_wireless_comm_pem3.oem3 (.const:ti_sysbios_knl_Semaphore_Object__DESC__C)
                  0000ecbc    00000020     water_sensor_wireless_comm_pem3.oem3 (.const:ti_sysbios_knl_Swi_Object__DESC__C)
                  0000ecdc    00000020     water_sensor_wireless_comm_pem3.oem3 (.const:ti_sysbios_knl_Task_Object__DESC__C)
                  0000ecfc    00000020     water_sensor_wireless_comm_pem3.oem3 (.const:ti_uia_loggers_LoggerStopMode_Object__DESC__C)
                  0000ed1c    00000020     CC1310DK_7XD.obj (.const:uartCC26XXHWAttrs)
                  0000ed3c    00000018     EasyLink.obj (.const:$P$T0$3)
                  0000ed54    00000018     CC1310DK_7XD.obj (.const:UART_config)
                  0000ed6c    00000018     water_sensor_wireless_comm_pem3.oem3 (.const:ti_sysbios_gates_GateHwi_Object__PARAMS__C)
                  0000ed84    00000018     water_sensor_wireless_comm_pem3.oem3 (.const:ti_sysbios_gates_GateMutex_Object__PARAMS__C)
                  0000ed9c    00000018     water_sensor_wireless_comm_pem3.oem3 (.const:ti_sysbios_knl_Queue_Object__PARAMS__C)
                  0000edb4    00000014     rf_singleMode_cc13xxware.aem3 : RFCC26XX_singleMode.oem3 (.const)
                  0000edc8    00000014     water_sensor_wireless_comm_pem3.oem3 (.const:xdc_runtime_Startup_sfxnRts__A)
                  0000eddc    00000010     CC1310DK_7XD.obj (.const:PowerCC26XX_config)
                  0000edec    0000000c     water_sensor_wireless_comm_pem3.oem3 (.const:xdc_runtime_Startup_firstFxns__A)
                  0000edf8    00000008     CC1310DK_7XD.obj (.const:PINCC26XX_hwAttrs)
                  0000ee00    00000008     water_sensor_wireless_comm_pem3.oem3 (.const:ti_sysbios_knl_Idle_funcList__A)
                  0000ee08    00000008     water_sensor_wireless_comm_pem3.oem3 (.const:ti_sysbios_knl_Idle_funcList__C)
                  0000ee10    00000008     water_sensor_wireless_comm_pem3.oem3 (.const:xdc_runtime_Startup_firstFxns__C)
                  0000ee18    00000008     water_sensor_wireless_comm_pem3.oem3 (.const:xdc_runtime_Startup_lastFxns__C)
                  0000ee20    00000004     EasyLink.obj (.const:$P$T1$4)
                  0000ee24    00000004     CC1310DK_7XD.obj (.const:RFCC26XX_hwAttrs)
                  0000ee28    00000004     water_sensor_wireless_comm_pem3.oem3 (.const:ti_sysbios_family_arm_cc26xx_Timer_startupNeeded__C)
                  0000ee2c    00000004     water_sensor_wireless_comm_pem3.oem3 (.const:ti_sysbios_family_arm_m3_Hwi_E_alreadyDefined__C)
                  0000ee30    00000004     water_sensor_wireless_comm_pem3.oem3 (.const:ti_sysbios_family_arm_m3_Hwi_NUM_INTERRUPTS__C)
                  0000ee34    00000004     water_sensor_wireless_comm_pem3.oem3 (.const:ti_sysbios_family_arm_m3_Hwi_Object__count__C)
                  0000ee38    00000004     water_sensor_wireless_comm_pem3.oem3 (.const:ti_sysbios_family_arm_m3_Hwi_ccr__C)
                  0000ee3c    00000004     water_sensor_wireless_comm_pem3.oem3 (.const:ti_sysbios_family_arm_m3_Hwi_excHandlerFunc__C)
                  0000ee40    00000004     water_sensor_wireless_comm_pem3.oem3 (.const:ti_sysbios_family_arm_m3_Hwi_nullIsrFunc__C)
                  0000ee44    00000004     water_sensor_wireless_comm_pem3.oem3 (.const:ti_sysbios_family_arm_m3_Hwi_priGroup__C)
                  0000ee48    00000004     water_sensor_wireless_comm_pem3.oem3 (.const:ti_sysbios_family_arm_m3_TaskSupport_stackAlignment__C)
                  0000ee4c    00000004     water_sensor_wireless_comm_pem3.oem3 (.const:ti_sysbios_gates_GateMutex_Instance_State_sem__O)
                  0000ee50    00000004     water_sensor_wireless_comm_pem3.oem3 (.const:ti_sysbios_heaps_HeapMem_E_memory__C)
                  0000ee54    00000004     water_sensor_wireless_comm_pem3.oem3 (.const:ti_sysbios_heaps_HeapMem_Module__gateObj__C)
                  0000ee58    00000004     water_sensor_wireless_comm_pem3.oem3 (.const:ti_sysbios_heaps_HeapMem_Object__count__C)
                  0000ee5c    00000004     water_sensor_wireless_comm_pem3.oem3 (.const:ti_sysbios_heaps_HeapMem_reqAlign__C)
                  0000ee60    00000004     water_sensor_wireless_comm_pem3.oem3 (.const:ti_sysbios_knl_Clock_Module_State_clockQ__O)
                  0000ee64    00000004     water_sensor_wireless_comm_pem3.oem3 (.const:ti_sysbios_knl_Clock_tickPeriod__C)
                  0000ee68    00000004     water_sensor_wireless_comm_pem3.oem3 (.const:ti_sysbios_knl_Clock_triggerClock__C)
                  0000ee6c    00000004     water_sensor_wireless_comm_pem3.oem3 (.const:ti_sysbios_knl_Semaphore_Instance_State_pendQ__O)
                  0000ee70    00000004     water_sensor_wireless_comm_pem3.oem3 (.const:ti_sysbios_knl_Swi_Object__count__C)
                  0000ee74    00000004     water_sensor_wireless_comm_pem3.oem3 (.const:ti_sysbios_knl_Task_E_spOutOfBounds__C)
                  0000ee78    00000004     water_sensor_wireless_comm_pem3.oem3 (.const:ti_sysbios_knl_Task_E_stackOverflow__C)
                  0000ee7c    00000004     water_sensor_wireless_comm_pem3.oem3 (.const:ti_sysbios_knl_Task_Module_State_inactiveQ__O)
                  0000ee80    00000004     water_sensor_wireless_comm_pem3.oem3 (.const:ti_sysbios_knl_Task_Object__count__C)
                  0000ee84    00000004     water_sensor_wireless_comm_pem3.oem3 (.const:ti_sysbios_knl_Task_allBlockedFunc__C)
                  0000ee88    00000004     water_sensor_wireless_comm_pem3.oem3 (.const:ti_sysbios_knl_Task_defaultStackHeap__C)
                  0000ee8c    00000004     water_sensor_wireless_comm_pem3.oem3 (.const:ti_sysbios_knl_Task_defaultStackSize__C)
                  0000ee90    00000004     water_sensor_wireless_comm_pem3.oem3 (.const:ti_sysbios_knl_Task_numConstructedTasks__C)
                  0000ee94    00000004     water_sensor_wireless_comm_pem3.oem3 (.const:ti_sysbios_utils_Load_postUpdate__C)
                  0000ee98    00000004     water_sensor_wireless_comm_pem3.oem3 (.const:ti_sysbios_utils_Load_windowInMs__C)
                  0000ee9c    00000004     water_sensor_wireless_comm_pem3.oem3 (.const:ti_uia_loggers_LoggerStopMode_Module__diagsEnabled__C)
                  0000eea0    00000004     water_sensor_wireless_comm_pem3.oem3 (.const:ti_uia_loggers_LoggerStopMode_Module__diagsIncluded__C)
                  0000eea4    00000004     water_sensor_wireless_comm_pem3.oem3 (.const:ti_uia_loggers_LoggerStopMode_Module__diagsMask__C)
                  0000eea8    00000004     water_sensor_wireless_comm_pem3.oem3 (.const:ti_uia_loggers_LoggerStopMode_Object__count__C)
                  0000eeac    00000004     water_sensor_wireless_comm_pem3.oem3 (.const:ti_uia_runtime_ILoggerSnapshot_Interface__BASE__C)
                  0000eeb0    00000004     water_sensor_wireless_comm_pem3.oem3 (.const:ti_uia_runtime_IUIATransfer_Interface__BASE__C)
                  0000eeb4    00000004     water_sensor_wireless_comm_pem3.oem3 (.const:xdc_runtime_Assert_E_assertFailed__C)
                  0000eeb8    00000004     water_sensor_wireless_comm_pem3.oem3 (.const:xdc_runtime_Error_E_memory__C)
                  0000eebc    00000004     water_sensor_wireless_comm_pem3.oem3 (.const:xdc_runtime_Error_policyFxn__C)
                  0000eec0    00000004     water_sensor_wireless_comm_pem3.oem3 (.const:xdc_runtime_IFilterLogger_Interface__BASE__C)
                  0000eec4    00000004     water_sensor_wireless_comm_pem3.oem3 (.const:xdc_runtime_IGateProvider_Interface__BASE__C)
                  0000eec8    00000004     water_sensor_wireless_comm_pem3.oem3 (.const:xdc_runtime_IHeap_Interface__BASE__C)
                  0000eecc    00000004     water_sensor_wireless_comm_pem3.oem3 (.const:xdc_runtime_ILogger_Interface__BASE__C)
                  0000eed0    00000004     water_sensor_wireless_comm_pem3.oem3 (.const:xdc_runtime_IModule_Interface__BASE__C)
                  0000eed4    00000004     water_sensor_wireless_comm_pem3.oem3 (.const:xdc_runtime_Memory_defaultHeapInstance__C)
                  0000eed8    00000004     water_sensor_wireless_comm_pem3.oem3 (.const:xdc_runtime_Startup_execImpl__C)
                  0000eedc    00000004     water_sensor_wireless_comm_pem3.oem3 (.const:xdc_runtime_Startup_maxPasses__C)
                  0000eee0    00000004     water_sensor_wireless_comm_pem3.oem3 (.const:xdc_runtime_Startup_sfxnRts__C)
                  0000eee4    00000004     water_sensor_wireless_comm_pem3.oem3 (.const:xdc_runtime_Startup_sfxnTab__C)
                  0000eee8    00000004     water_sensor_wireless_comm_pem3.oem3 (.const:xdc_runtime_SysMin_bufSize__C)
                  0000eeec    00000004     water_sensor_wireless_comm_pem3.oem3 (.const:xdc_runtime_SysMin_outputFunc__C)
                  0000eef0    00000004     water_sensor_wireless_comm_pem3.oem3 (.const:xdc_runtime_System_Module__gateObj__C)
                  0000eef4    00000004     water_sensor_wireless_comm_pem3.oem3 (.const:xdc_runtime_System_abortFxn__C)
                  0000eef8    00000004     water_sensor_wireless_comm_pem3.oem3 (.const:xdc_runtime_System_exitFxn__C)
                  0000eefc    00000004     water_sensor_wireless_comm_pem3.oem3 (.const:xdc_runtime_System_maxAtexitHandlers__C)
                  0000ef00    00000004     water_sensor_wireless_comm_pem3.oem3 (.const:xdc_runtime_Text_charTab__C)
                  0000ef04    00000004     water_sensor_wireless_comm_pem3.oem3 (.const:xdc_runtime_Text_nameEmpty__C)
                  0000ef08    00000004     water_sensor_wireless_comm_pem3.oem3 (.const:xdc_runtime_Text_nameStatic__C)
                  0000ef0c    00000004     water_sensor_wireless_comm_pem3.oem3 (.const:xdc_runtime_Text_nameUnknown__C)
                  0000ef10    00000002     water_sensor_wireless_comm_pem3.oem3 (.const:ti_sysbios_family_arm_m3_Hwi_Module__id__C)
                  0000ef12    00000002     water_sensor_wireless_comm_pem3.oem3 (.const:ti_sysbios_heaps_HeapMem_Module__id__C)
                  0000ef14    00000002     water_sensor_wireless_comm_pem3.oem3 (.const:ti_sysbios_knl_Task_Module__id__C)
                  0000ef16    00000002     water_sensor_wireless_comm_pem3.oem3 (.const:ti_sysbios_utils_Load_updateInIdle__C)
                  0000ef18    00000002     water_sensor_wireless_comm_pem3.oem3 (.const:ti_uia_loggers_LoggerStopMode_Module__id__C)
                  0000ef1a    00000002     water_sensor_wireless_comm_pem3.oem3 (.const:ti_uia_loggers_LoggerStopMode_isTimestampEnabled__C)
                  0000ef1c    00000002     water_sensor_wireless_comm_pem3.oem3 (.const:xdc_runtime_Memory_Module__id__C)
                  0000ef1e    00000002     water_sensor_wireless_comm_pem3.oem3 (.const:xdc_runtime_SysMin_flushAtExit__C)
                  0000ef20    00000002     water_sensor_wireless_comm_pem3.oem3 (.const:xdc_runtime_Text_charCnt__C)
                  0000ef22    00000002     water_sensor_wireless_comm_pem3.oem3 (.const:xdc_runtime_Text_isLoaded__C)
                  0000ef24    00000001     water_sensor_wireless_comm_pem3.oem3 (.const:xdc_runtime_Error_policy__C)
                  0000ef25    00000001     water_sensor_wireless_comm_pem3.oem3 (.const:xdc_runtime_Text_charTab__A)

.cinit     0    0000ef28    00000410     
                  0000ef28    000003e5     (.cinit..data.load) [load image, compression = lzss]
                  0000f30d    00000003     --HOLE-- [fill = 0]
                  0000f310    0000000c     (__TI_handler_table)
                  0000f31c    00000004     --HOLE-- [fill = 0]
                  0000f320    00000008     (.cinit..bss.load) [load image, compression = zero_init]
                  0000f328    00000010     (__TI_cinit_table)

.init_array 
*          0    00000000    00000000     UNINITIALIZED

.ccfg      0    0001ffa8    00000058     
                  0001ffa8    00000058     ccfg.obj (.ccfg:retain)

.bss       0    20000100    00002471     UNINITIALIZED
                  20000100    00000800     water_sensor_wireless_comm_pem3.oem3 (.bss:taskStackSection)
                  20000900    00000400     main.obj (.bss:taskRxStack)
                  20000d00    00000400     (.common:ti_sysbios_heaps_HeapMem_Instance_State_0_buf__A)
                  20001100    00000400     (.common:ti_uia_loggers_LoggerStopMode_Instance_State_1_packetArray__A)
                  20001500    00000400     (.common:ti_uia_loggers_LoggerStopMode_Instance_State_2_packetArray__A)
                  20001900    00000200     (.common:ti_uia_loggers_LoggerStopMode_Instance_State_0_packetArray__A)
                  20001b00    0000012c     (.common:uartCC26XXObjects)
                  20001c2c    00000120     rtsv7M3_T_le_eabi.lib : trgmsg.obj (.bss:_CIOBUF_)
                  20001d4c    00000004     ToServer_Com.obj (.bss)
                  20001d50    00000100     rf_singleMode_cc13xxware.aem3 : RFCC26XX_singleMode.oem3 (.bss:aCmdPool)
                  20001e50    000000c8     (.common:ti_sysbios_family_arm_m3_Hwi_dispatchTable)
                  20001f18    000000c0     EasyLink.obj (.bss:rfObject)
                  20001fd8    000000a0     (.common:__TI_tmpnams)
                  20002078    00000098     EasyLink.obj (.bss:rxBuffer)
                  20002110    00000080     (.common:xdc_runtime_SysMin_Module_State_0_outbuf__A)
                  20002190    0000007c     drivers_cc13xxware.aem3 : PINCC26XX.oem3 (.bss:PIN_HandleTable)
                  2000220c    00000034                             : PINCC26XX.oem3 (.bss:PinSwi)
                  20002240    00000034     rf_singleMode_cc13xxware.aem3 : RFCC26XX_singleMode.oem3 (.bss:swiFsm)
                  20002274    00000034                                   : RFCC26XX_singleMode.oem3 (.bss:swiHw)
                  200022a8    00000030     EasyLink.obj (.bss:EasyLink_cmdPropRxAdv)
                  200022d8    00000028     EasyLink.obj (.bss:EasyLink_cmdPropRadioSetup)
                  20002300    00000030     (.common:ti_uia_loggers_LoggerStopMode_Instance_State_0_hdr__A)
                  20002330    00000024     rf_singleMode_cc13xxware.aem3 : RFCC26XX_singleMode.oem3 (.bss:clkPowerUp)
                  20002354    00000020     (.common:PinGpioConfigTable)
                  20002374    0000000c     EasyLink.obj (.bss:rxStatistics)
                  20002380    00000030     (.common:ti_uia_loggers_LoggerStopMode_Instance_State_1_hdr__A)
                  200023b0    00000020     (.common:uartCC26XXRingBuffer)
                  200023d0    0000001c     (.common:PinHwi)
                  200023ec    00000014     driverlib.lib : osc.obj (.bss:oscHfGlobals)
                  20002400    00000030     (.common:ti_uia_loggers_LoggerStopMode_Instance_State_2_hdr__A)
                  20002430    0000001c     (.common:PinSem)
                  2000244c    0000001c     (.common:hwiCpe0)
                  20002468    0000001c     (.common:hwiHw)
                  20002484    00000018     EasyLink.obj (.bss:EasyLink_cmdFs)
                  2000249c    00000018     EasyLink.obj (.bss:EasyLink_cmdPropTx)
                  200024b4    00000018     (.common:cmdDirImm)
                  200024cc    00000014     EasyLink.obj (.bss:rfParams)
                  200024e0    00000014     (.common:cmdQ)
                  200024f4    00000014     (.common:opRatSync)
                  20002508    00000010     EasyLink.obj (.bss)
                  20002518    00000010     EasyLink.obj (.bss:EasyLink_RF_prop)
                  20002528    00000008     EasyLink.obj (.bss:dataQueue)
                  20002530    00000008     rtsv7M3_T_le_eabi.lib : trgdrv.obj (.bss:parmbuf)
                  20002538    00000008     driverlib.lib : sys_ctrl.obj (.bss:powerQualGlobals)
[...]
0000b101  ti_sysbios_knl_Clock_TimerProxy_setNextTick__E                  
0000b105  ti_sysbios_knl_Clock_destruct                                   
0000b109  ti_sysbios_knl_Clock_removeI__E                                 
0000b10d  ti_sysbios_knl_Clock_setTimeout__E                              
0000b111  ti_sysbios_knl_Queue_destruct                                   
0000b115  ti_sysbios_knl_Queue_head__E                                    
0000b119  ti_sysbios_knl_Queue_next__E                                    
0000b11d  ti_sysbios_knl_Semaphore_destruct                               
0000b121  ti_sysbios_knl_Swi_destruct                                     
0000b125  ti_sysbios_knl_Swi_postInit__I                                  
0000b129  ti_sysbios_knl_Task_startup__E                                  
0000b12d  ti_uia_loggers_LoggerStopMode_getContents__E                    
0000b131  ti_uia_loggers_LoggerStopMode_getFilterLevel__E                 
0000b135  ti_uia_loggers_LoggerStopMode_getInstanceId__E                  
0000b139  ti_uia_loggers_LoggerStopMode_getMaxLength__E                   
0000b13d  ti_uia_loggers_LoggerStopMode_getPriority__E                    
0000b141  ti_uia_loggers_LoggerStopMode_getTransferType__E                
0000b145  xdc_runtime_System_Module_GateProxy_enter__E                    
0000b149  xdc_runtime_System_Module_GateProxy_leave__E                    
0000b14d  ti_uia_loggers_LoggerStopMode_setPriority__E                    
0000b14f  xdc_runtime_Error_policySpin__E                                 
0000b151  xdc_runtime_System_abortSpin__E                                 
0000b153  xdc_runtime_System_exitSpin__E                                  
0000e674  _ctypes_                                                        
0000e775  rfPowerTableSize                                                
0000e776  ti_sysbios_family_arm_cc26xx_TimestampProvider_useClockTimer__C 
0000e810  ti_uia_loggers_LoggerStopMode_Module__FXNS__C                   
0000e870  BoardGpioInitTable                                              
0000e8bc  resourceDB                                                      
0000e990  rfPowerTable                                                    
0000e9d0  ti_sysbios_knl_Task_Object__PARAMS__C                           
0000ea0c  ti_sysbios_family_arm_m3_Hwi_Object__PARAMS__C                  
0000ea3c  UARTCC26XX_fxnTable                                             
0000ea64  ti_sysbios_heaps_HeapMem_Module__FXNS__C                        
0000ea8c  ti_sysbios_knl_Swi_Object__PARAMS__C                            
0000eab4  ti_uia_loggers_LoggerStopMode_Object__PARAMS__C                 
0000eadc  xdc_runtime_Startup_sfxnTab__A                                  
0000eb04  UART_defaultParams                                              
0000eb28  ti_sysbios_gates_GateHwi_Module__FXNS__C                        
0000eb4c  ti_sysbios_gates_GateMutex_Module__FXNS__C                      
0000eb70  ti_sysbios_heaps_HeapMem_Object__PARAMS__C                      
0000eb94  ti_sysbios_knl_Clock_Object__PARAMS__C                          
0000ebb8  ti_sysbios_knl_Semaphore_Object__PARAMS__C                      
0000ebdc  ti_sysbios_family_arm_m3_Hwi_Object__DESC__C                    
0000ebfc  ti_sysbios_gates_GateHwi_Object__DESC__C                        
0000ec1c  ti_sysbios_gates_GateMutex_Object__DESC__C                      
0000ec3c  ti_sysbios_heaps_HeapMem_Object__DESC__C                        
0000ec5c  ti_sysbios_knl_Clock_Object__DESC__C                            
0000ec7c  ti_sysbios_knl_Queue_Object__DESC__C                            
0000ec9c  ti_sysbios_knl_Semaphore_Object__DESC__C                        
0000ecbc  ti_sysbios_knl_Swi_Object__DESC__C                              
0000ecdc  ti_sysbios_knl_Task_Object__DESC__C                             
0000ecfc  ti_uia_loggers_LoggerStopMode_Object__DESC__C                   
0000ed1c  uartCC26XXHWAttrs                                               
0000ed54  UART_config                                                     
0000ed6c  ti_sysbios_gates_GateHwi_Object__PARAMS__C                      
0000ed84  ti_sysbios_gates_GateMutex_Object__PARAMS__C                    
0000ed9c  ti_sysbios_knl_Queue_Object__PARAMS__C                          
0000edc8  xdc_runtime_Startup_sfxnRts__A                                  
0000eddc  PowerCC26XX_config                                              
0000edec  xdc_runtime_Startup_firstFxns__A                                
0000edf8  PINCC26XX_hwAttrs                                               
0000ee00  ti_sysbios_knl_Idle_funcList__A                                 
0000ee08  ti_sysbios_knl_Idle_funcList__C                                 
0000ee10  xdc_runtime_Startup_firstFxns__C                                
0000ee18  xdc_runtime_Startup_lastFxns__C                                 
0000ee24  RFCC26XX_hwAttrs                                                
0000ee28  ti_sysbios_family_arm_cc26xx_Timer_startupNeeded__C             
0000ee2c  ti_sysbios_family_arm_m3_Hwi_E_alreadyDefined__C                
0000ee30  ti_sysbios_family_arm_m3_Hwi_NUM_INTERRUPTS__C                  
0000ee34  ti_sysbios_family_arm_m3_Hwi_Object__count__C                   
0000ee38  ti_sysbios_family_arm_m3_Hwi_ccr__C                             
0000ee3c  ti_sysbios_family_arm_m3_Hwi_excHandlerFunc__C                  
0000ee40  ti_sysbios_family_arm_m3_Hwi_nullIsrFunc__C                     
0000ee44  ti_sysbios_family_arm_m3_Hwi_priGroup__C                        
0000ee48  ti_sysbios_family_arm_m3_TaskSupport_stackAlignment__C          
0000ee4c  ti_sysbios_gates_GateMutex_Instance_State_sem__O                
0000ee50  ti_sysbios_heaps_HeapMem_E_memory__C                            
0000ee54  ti_sysbios_heaps_HeapMem_Module__gateObj__C                     
0000ee58  ti_sysbios_heaps_HeapMem_Object__count__C                       
0000ee5c  ti_sysbios_heaps_HeapMem_reqAlign__C                            
0000ee60  ti_sysbios_knl_Clock_Module_State_clockQ__O                     
0000ee64  ti_sysbios_knl_Clock_tickPeriod__C                              
0000ee68  ti_sysbios_knl_Clock_triggerClock__C                            
0000ee6c  ti_sysbios_knl_Semaphore_Instance_State_pendQ__O                
0000ee70  ti_sysbios_knl_Swi_Object__count__C                             
0000ee74  ti_sysbios_knl_Task_E_spOutOfBounds__C                          
0000ee78  ti_sysbios_knl_Task_E_stackOverflow__C                          
0000ee7c  ti_sysbios_knl_Task_Module_State_inactiveQ__O                   
0000ee80  ti_sysbios_knl_Task_Object__count__C                            
0000ee84  ti_sysbios_knl_Task_allBlockedFunc__C                           
0000ee88  ti_sysbios_knl_Task_defaultStackHeap__C                         
0000ee8c  ti_sysbios_knl_Task_defaultStackSize__C                         
0000ee90  ti_sysbios_knl_Task_numConstructedTasks__C                      
0000ee94  ti_sysbios_utils_Load_postUpdate__C                             
0000ee98  ti_sysbios_utils_Load_windowInMs__C                             
0000ee9c  ti_uia_loggers_LoggerStopMode_Module__diagsEnabled__C           
0000eea0  ti_uia_loggers_LoggerStopMode_Module__diagsIncluded__C          
0000eea4  ti_uia_loggers_LoggerStopMode_Module__diagsMask__C              
0000eea8  ti_uia_loggers_LoggerStopMode_Object__count__C                  
0000eeac  ti_uia_runtime_ILoggerSnapshot_Interface__BASE__C               
0000eeb0  ti_uia_runtime_IUIATransfer_Interface__BASE__C                  
0000eeb4  xdc_runtime_Assert_E_assertFailed__C                            
0000eeb8  xdc_runtime_Error_E_memory__C                                   
0000eebc  xdc_runtime_Error_policyFxn__C                                  
0000eec0  xdc_runtime_IFilterLogger_Interface__BASE__C                    
0000eec4  xdc_runtime_IGateProvider_Interface__BASE__C                    
0000eec8  xdc_runtime_IHeap_Interface__BASE__C                            
0000eecc  xdc_runtime_ILogger_Interface__BASE__C                          
0000eed0  xdc_runtime_IModule_Interface__BASE__C                          
0000eed4  xdc_runtime_Memory_defaultHeapInstance__C                       
0000eed8  xdc_runtime_Startup_execImpl__C                                 
0000eedc  xdc_runtime_Startup_maxPasses__C                                
0000eee0  xdc_runtime_Startup_sfxnRts__C                                  
0000eee4  xdc_runtime_Startup_sfxnTab__C                                  
0000eee8  xdc_runtime_SysMin_bufSize__C                                   
0000eeec  xdc_runtime_SysMin_outputFunc__C                                
0000eef0  xdc_runtime_System_Module__gateObj__C                           
0000eef4  xdc_runtime_System_abortFxn__C                                  
0000eef8  xdc_runtime_System_exitFxn__C                                   
0000eefc  xdc_runtime_System_maxAtexitHandlers__C                         
0000ef00  xdc_runtime_Text_charTab__C                                     
0000ef04  xdc_runtime_Text_nameEmpty__C                                   
0000ef08  xdc_runtime_Text_nameStatic__C                                  
0000ef0c  xdc_runtime_Text_nameUnknown__C                                 
0000ef10  ti_sysbios_family_arm_m3_Hwi_Module__id__C                      
0000ef12  ti_sysbios_heaps_HeapMem_Module__id__C                          
0000ef14  ti_sysbios_knl_Task_Module__id__C                               
0000ef16  ti_sysbios_utils_Load_updateInIdle__C                           
0000ef18  ti_uia_loggers_LoggerStopMode_Module__id__C                     
0000ef1a  ti_uia_loggers_LoggerStopMode_isTimestampEnabled__C             
0000ef1c  xdc_runtime_Memory_Module__id__C                                
0000ef1e  xdc_runtime_SysMin_flushAtExit__C                               
0000ef20  xdc_runtime_Text_charCnt__C                                     
0000ef22  xdc_runtime_Text_isLoaded__C                                    
0000ef24  xdc_runtime_Error_policy__C                                     
0000ef25  xdc_runtime_Text_charTab__A                                     
0000ef28  __TI_static_base__                                              
0000f310  __TI_Handler_Table_Base                                         
0000f31c  __TI_Handler_Table_Limit                                        
0000f328  __TI_CINIT_Base                                                 
0000f338  __TI_CINIT_Limit                                                
0001ffa8  __ccfg                                                          
20000000  ti_sysbios_family_arm_m3_Hwi_ramVectors                         
20000100  ti_sysbios_knl_Task_Instance_State_0_stack__A                   
20000d00  ti_sysbios_heaps_HeapMem_Instance_State_0_buf__A                
20001100  ti_uia_loggers_LoggerStopMode_Instance_State_1_packetArray__A   
20001500  ti_uia_loggers_LoggerStopMode_Instance_State_2_packetArray__A   
20001900  ti_uia_loggers_LoggerStopMode_Instance_State_0_packetArray__A   
20001b00  uartCC26XXObjects                                               
20001c2c  __CIOBUF_                                                       
20001e50  ti_sysbios_family_arm_m3_Hwi_dispatchTable                      
20001fd8  __TI_tmpnams                                                    
20002110  xdc_runtime_SysMin_Module_State_0_outbuf__A                     
20002190  PIN_HandleTable                                                 
20002300  ti_uia_loggers_LoggerStopMode_Instance_State_0_hdr__A           
20002380  ti_uia_loggers_LoggerStopMode_Instance_State_1_hdr__A           
200023b0  uartCC26XXRingBuffer                                            
20002400  ti_uia_loggers_LoggerStopMode_Instance_State_2_hdr__A           
20002540  PIN_NumPins                                                     
20002560  taskHandle                                                      
2000256c  driverlib_release_0_47020                                       
20002578  PowerCC26XX_module                                              
20002688  _ftable                                                         
20002848  ti_uia_loggers_LoggerStopMode_Object__table__V                  
200028e4  ti_sysbios_utils_Load_Module__state__V                          
2000297c  ti_sysbios_knl_Task_Module_State_0_readyQ__A                    
200029fc  pOverrides_hsm                                                  
20002a5c  pOverrides_lrm                                                  
20002ab8  pOverrides_ook                                                  
20002b6c  pOverrides_fsk                                                  
20002bc4  ti_sysbios_knl_Task_Object__table__V                            
20002c10  ti_sysbios_family_arm_cc26xx_Timer_Object__table__V             
20002c58  ti_sysbios_knl_Task_Module__state__V                            
20002c9c  RF_pProp_fsk                                                    
20002ca0  RF_pProp_lrm                                                    
20002ca4  RF_pProp_ook                                                    
20002ca8  RF_pProp_hsm                                                    
20002cac  RF_pProp_2_4G_fsk                                               
20002cb0  RF_pCmdPropRadioDivSetup_fsk                                    
20002cb4  RF_pCmdPropRadioDivSetup_lrm                                    
20002cb8  RF_pCmdPropRadioDivSetup_ook                                    
20002cbc  RF_pCmdRadioSetup_hsm                                           
20002cc0  RF_pCmdPropRadioSetup_2_4G_fsk                                  
20002cc4  RF_pCmdTxHS                                                     
20002cc8  RF_pCmdRxHS                                                     
20002ccc  RF_pCmdFs_preDef                                                
20002cd0  RF_pCmdPropTx_preDef                                            
20002cd4  RF_pCmdPropRxAdv_preDef                                         
20002cd8  ti_sysbios_gates_GateMutex_Object__table__V                     
20002d10  ti_sysbios_family_arm_m3_Hwi_Module__state__V                   
20002d44  RF_cmdPropRxAdv_preDef                                          
20002d74  ti_sysbios_knl_Swi_Module_State_0_readyQ__A                     
20002da4  ti_sysbios_knl_Swi_Object__table__V                             
20002dd4  ti_sysbios_knl_Clock_Module__state__V                           
20002e00  RF_cmdPropRadioDivSetup                                         
20002e28  RF_cmdPropRadioDivSetup_fsk                                     
20002e50  RF_cmdPropRadioDivSetup_lrm                                     
20002e78  RF_cmdPropRadioDivSetup_ook                                     
20002ea0  RF_cmdRxHS                                                      
20002ec4  ti_sysbios_BIOS_Module__state__V                                
20002ee8  ti_sysbios_knl_Clock_Object__table__V                           
20002f08  ti_sysbios_knl_Swi_Module__state__V                             
20002f24  RF_cmdFs                                                        
20002f3c  RF_cmdFs_preDef                                                 
20002f54  RF_cmdPropTx                                                    
20002f6c  RF_cmdPropTx_preDef                                             
20002f84  RF_cmdRadioSetup_hsm                                            
20002fb4  shapeovr                                                        
20002fcc  ti_sysbios_family_arm_m3_Hwi_Object__table__V                   
20002fe4  ti_sysbios_heaps_HeapMem_Object__table__V                       
20002ffc  RF_cmdTxHS                                                      
20003010  RF_prop                                                         
20003020  RF_prop_fsk                                                     
20003030  RF_prop_hsm                                                     
20003040  RF_prop_lrm                                                     
20003050  RF_prop_ook                                                     
20003060  __TI_ft_end                                                     
20003064  __aeabi_stdin                                                   
20003068  __aeabi_stdout                                                  
2000306c  __aeabi_stderr                                                  
20003080  __TI_cleanup_ptr                                                
20003084  __TI_dtors_ptr                                                  
20003088  __TI_enable_exit_profile_output                                 
2000308c  ti_sysbios_knl_Task_Module__root__V                             
20003098  ti_uia_runtime_QueueDescriptor_Module__state__V                 
200030a4  xdc_runtime_SysMin_Module__state__V                             
200030b0  _lock                                                           
200030b4  _unlock                                                         
200030b8  ti_uia_runtime_QueueDescriptor_gPtrToFirstDescriptor            
200030bc  ti_uia_runtime_QueueDescriptor_gUpdateCount                     
200030c0  ti_sysbios_family_arm_cc26xx_Timer_Module__state__V             
200030c8  ti_sysbios_family_arm_m3_Hwi_Module__root__V                    
200030d0  ti_sysbios_gates_GateHwi_Module__root__V                        
200030d8  ti_sysbios_gates_GateMutex_Module__root__V                      
200030e0  ti_sysbios_heaps_HeapMem_Module__root__V                        
200030e8  ti_sysbios_knl_Clock_Module__root__V                            
200030f0  ti_sysbios_knl_Queue_Module__root__V                            
200030f8  ti_sysbios_knl_Semaphore_Module__root__V                        
20003100  ti_sysbios_knl_Swi_Module__root__V                              
20003108  ti_uia_loggers_LoggerStopMode_Module__root__V                   
20003110  xdc_runtime_Startup_Module__state__V                            
20003118  xdc_runtime_System_Module_State_0_atexitHandlers__A             
20003120  xdc_runtime_System_Module__state__V                             
2000312c  errno                                                           
20003134  main_func_sp                                                    
20003138  ti_sysbios_family_arm_cc26xx_TimestampProvider_Module__state__V 
2000313c  ti_sysbios_family_arm_m3_Hwi_Module_State_0_excContext__A       
20003140  ti_sysbios_family_arm_m3_Hwi_Module_State_0_excStack__A         
20003144  ti_sysbios_gates_GateHwi_Object__table__V                       
20003148  ti_sysbios_knl_Task_Module_State_0_idleTask__A                  
2000314c  ti_sysbios_utils_Load_Module_State_0_runningTask__A             
20003150  ti_sysbios_utils_Load_Module_State_0_taskStartTime__A           
20003154  xdc_runtime_Memory_Module__state__V                             
20003158  ti_sysbios_family_arm_m3_Hwi_Module_State_0_excActive__A        
20004d00  __stack                                                         
20005000  __STACK_END                                                     
e000e000  ti_sysbios_family_arm_m3_Hwi_nvic                               
ffffffff  __TI_pprof_out_hndl                                             
ffffffff  __TI_prof_data_size                                             
ffffffff  __TI_prof_data_start                                            
ffffffff  __binit__                                                       
ffffffff  __c_args__                                                      
ffffffff  binit                                                           
UNDEFED   SHT$$INIT_ARRAY$$Base                                           
UNDEFED   SHT$$INIT_ARRAY$$Limit                                          

[777 symbols]
