******************************************************************************
                  TI ARM Linker Unix v16.9.1                   
******************************************************************************
>> Linked Mon Jul 31 12:42:04 2017

OUTPUT FILE NAME:   <water_sensor_wireless_comm.out>
ENTRY POINT SYMBOL: "ResetISR"  address: 00008dc9


MEMORY CONFIGURATION

         name            origin    length      used     unused   attr    fill
----------------------  --------  ---------  --------  --------  ----  --------
  FLASH                 00000000   00020000  0000f1b8  00010e48  R  X
  SRAM                  20000000   00005000  0000381b  000017e5  RW X


SEGMENT ALLOCATION MAP

run origin  load origin   length   init length attrs members
----------  ----------- ---------- ----------- ----- -------
00000000    00000000    0000f168   0000f168    r-x
  00000000    00000000    0000003c   0000003c    r-- .resetVecs
  0000003c    0000003c    0000af42   0000af42    r-x .text
  0000af80    0000af80    00003dd2   00003dd2    r-- .const
  0000ed58    0000ed58    00000410   00000410    r-- .cinit
0001ffa8    0001ffa8    00000058   00000058    r--
  0001ffa8    0001ffa8    00000058   00000058    r-- .ccfg
20000100    20000100    0000345a   00000000    rw-
  20000100    20000100    00002871   00000000    rw- .bss
  20002978    20002978    00000be2   00000000    rw- .data
20004d00    20004d00    00000300   00000000    rw-
  20004d00    20004d00    00000300   00000000    rw- .stack


SECTION ALLOCATION MAP

 output                                  attributes/
section   page    origin      length       input sections
--------  ----  ----------  ----------   ----------------
.text      0    0000003c    0000af42     
                  0000003c    00001102     rtsv7M3_T_le_eabi.lib : _printfi.obj (.text)
                  0000113e    00000002     rf_singleMode_cc13xxware.aem3 : RFCC26XX_singleMode.oem3 (.text:defaultErrCb)
                  00001140    000003b8                                   : RFCC26XX_singleMode.oem3 (.text:fsmActiveState)
                  000014f8    00000348     EasyLink.obj (.text:EasyLink_init)
                  00001840    00000324     rtsv7M3_T_le_eabi.lib : trgdrv.obj (.text)
                  00001b64    0000030c                           : lowlev.obj (.text)
                  00001e70    00000258     EasyLink.obj (.text:EasyLink_receive)
                  000020c8    00000228     driverlib.lib : sys_ctrl.obj (.text:NOROM_SysCtrlSetRechargeBeforePowerDown)
                  000022f0    00000228     drivers_cc13xxware.aem3 : PowerCC26XX.oem3 (.text:Power_sleep)
                  00002518    000001f4     rtsv7M3_T_le_eabi.lib : ull_div_t2.obj (.text)
                  0000270c    000001ec     drivers_cc13xxware.aem3 : PowerCC26XX_calibrateRCOSC.oem3 (.text:calibrateRcoscHf1)
                  000028f8    000001dc     rf_singleMode_cc13xxware.aem3 : RFCC26XX_singleMode.oem3 (.text:RF_postCmd)
                  00002ad4    000001c4     drivers_cc13xxware.aem3 : PINCC26XX.oem3 (.text:PIN_init)
                  00002c98    000001c4     rtsv7M3_T_le_eabi.lib : fopen.obj (.text)
                  00002e5c    000001b6                           : fd_add_t2.obj (.text)
                  00003012    00000002     drivers_cc13xxware.aem3 : PowerCC26XX.oem3 (.text:emptyClockFunc)
                  00003014    000001a4     EasyLink.obj (.text:EasyLink_setRfPwr)
                  000031b8    000001a0     drivers_cc13xxware.aem3 : PowerCC26XX_calibrateRCOSC.oem3 (.text:PowerCC26XX_doCalibrate)
                  00003358    000001a0                             : UARTCC26XX.oem3 (.text:UARTCC26XX_open)
                  000034f8    00000168     rf_singleMode_cc13xxware.aem3 : RFCC26XX_singleMode.oem3 (.text:fsmSetupState)
                  00003660    00000150     smartrf_settings_predefined.obj (.text:rf_patch_mce_genook)
                  000037b0    00000138     water_sensor_wireless_comm_pem3.oem3 (.text:ti_uia_loggers_LoggerStopMode_writeMemoryRange__E)
                  000038e8    00000136     rtsv7M3_T_le_eabi.lib : fd_div_t2.obj (.text)
                  00003a1e    00000002     smartrf_settings.obj (.text:enterGenfskSysPatch)
                  00003a20    00000134     rtsv7M3_T_le_eabi.lib : fputs.obj (.text)
                  00003b54    00000130     driverlib.lib : setup_rom.obj (.text:NOROM_SetupAfterColdResetWakeupFromShutDownCfg3)
                  00003c84    0000012c     drivers_cc13xxware.aem3 : PowerCC26XX.oem3 (.text:Power_init)
                  00003db0    00000128     rf_singleMode_cc13xxware.aem3 : RFCC26XX_singleMode.oem3 (.text:rf_init)
                  00003ed8    00000128     smartrf_settings.obj (.text:rf_patch_rfe_genfsk)
                  00004000    00000128     smartrf_settings_predefined.obj (.text:rf_patch_rfe_genfsk)
                  00004128    00000128     smartrf_settings_predefined.obj (.text:rf_patch_rfe_lrm)
                  00004250    0000011c     drivers_cc13xxware.aem3 : UARTCC26XX.oem3 (.text:UARTCC26XX_read)
                  0000436c    00000118     rf_singleMode_cc13xxware.aem3 : RFCC26XX_singleMode.oem3 (.text:hwiFxnCpe0Active)
                  00004484    00000114     smartrf_settings_predefined.obj (.text:rf_patch_mce_hsp_4mbps)
                  00004598    00000110     drivers_cc13xxware.aem3 : UARTCC26XX.oem3 (.text:UARTCC26XX_hwiIntFxn)
                  000046a8    0000010c     water_sensor_wireless_comm_pem3.oem3 (.text:ti_uia_loggers_LoggerStopMode_write8__E)
                  000047b4    00000108     rf_singleMode_cc13xxware.aem3 : RFCC26XX_singleMode.oem3 (.text:RF_close)
                  000048bc    000000fc     drivers_cc13xxware.aem3 : UARTCC26XX.oem3 (.text:UARTCC26XX_write)
                  000049b8    000000fc     rtsv7M3_T_le_eabi.lib : fd_mul_t2.obj (.text)
                  00004ab4    000000f8     sysbios.aem3 : BIOS.obj (.text:xdc_runtime_Startup_startMods__I)
                  00004bac    000000f4     water_sensor_wireless_comm_pem3.oem3 (.text:ti_uia_loggers_LoggerStopMode_write4__E)
                  00004ca0    000000f0     driverlib.lib : setup_rom.obj (.text:NOROM_SetupAfterColdResetWakeupFromShutDownCfg2)
                  00004d90    000000e8     water_sensor_wireless_comm_pem3.oem3 (.text:ti_uia_loggers_LoggerStopMode_write1__E)
                  00004e78    000000e8     water_sensor_wireless_comm_pem3.oem3 (.text:ti_uia_loggers_LoggerStopMode_write2__E)
                  00004f60    000000e0     drivers_cc13xxware.aem3 : PINCC26XX.oem3 (.text:PINCC26XX_setIoCfg)
                  00005040    000000dc     rtsv7M3_T_le_eabi.lib : setvbuf.obj (.text)
                  0000511c    000000d8     driverlib.lib : rfc.obj (.text:NOROM_RFCRTrim)
                  000051f4    000000d8     smartrf_settings_predefined.obj (.text:rf_patch_rfe_genook)
                  000052cc    000000d8     smartrf_settings_predefined.obj (.text:rf_patch_rfe_hsp_4mbps)
                  000053a4    000000d8     water_sensor_wireless_comm_pem3.oem3 (.text:ti_uia_loggers_LoggerStopMode_write0__E)
                  0000547c    000000d4     driverlib.lib : rfc.obj (.text:NOROM_RFCRfTrimRead)
                  00005550    000000d4     power_cc13xx_tirtos.aem3 : PowerCC26XX_tirtos.oem3 (.text:PowerCC26XX_standbyPolicy)
                  00005624    000000d4     drivers_cc13xxware.aem3 : PowerCC26XX.oem3 (.text:Power_releaseDependency)
                  000056f8    000000d0                             : PowerCC26XX.oem3 (.text:Power_setDependency)
                  000057c8    000000d0     rtsv7M3_T_le_eabi.lib : s_scalbn.obj (.text)
                  00005898    000000cc     rf_singleMode_cc13xxware.aem3 : RFCC26XX_singleMode.oem3 (.text:RF_open)
                  00005964    000000cc     sysbios.aem3 : BIOS.obj (.text:ti_sysbios_knl_Semaphore_pend__E)
                  00005a30    000000cc                  : BIOS.obj (.text:ti_sysbios_knl_Task_Instance_init__E)
                  00005afc    000000c8     drivers_cc13xxware.aem3 : UARTCC26XX.oem3 (.text:UARTCC26XX_initHw)
                  00005bc4    000000c8     rtsv7M3_T_le_eabi.lib : fflush.obj (.text)
                  00005c8c    000000c8     sysbios.aem3 : m3_Hwi_asm.obj (.text:ti_sysbios_family_arm_m3_Hwi_dispatch__I)
                  00005d54    000000c4     rf_singleMode_cc13xxware.aem3 : RFCC26XX_singleMode.oem3 (.text:fsmPowerUpState)
                  00005e18    000000c0     driverlib.lib : setup.obj (.text:TrimAfterColdResetWakeupFromShutDown)
                  00005ed8    000000b4     sysbios.aem3 : BIOS.obj (.text:ti_sysbios_knl_Task_checkStacks__E)
                  00005f8c    000000ac     rtsv7M3_T_le_eabi.lib : _io_perm.obj (.text)
                  00006038    000000a8     driverlib.lib : setup.obj (.text:NOROM_SetupTrimDevice)
                  000060e0    000000a4                   : setup_rom.obj (.text:NOROM_SetupAfterColdResetWakeupFromShutDownCfg1)
                  00006184    000000a0     auto_init.aem3 : auto_init.oem3 (.text)
                  00006224    0000009c     rtsv7M3_T_le_eabi.lib : memcpy_t2.obj (.text)
                  000062c0    00000098     main.obj (.text:main)
                  00006358    00000098     rtsv7M3_T_le_eabi.lib : fclose.obj (.text)
                  000063f0    00000098                           : fputc.obj (.text)
                  00006488    00000098     sysbios.aem3 : BIOS.obj (.text:ti_sysbios_knl_Clock_workFuncDynamic__E)
                  00006520    00000094     drivers_cc13xxware.aem3 : PINCC26XX.oem3 (.text:PIN_open)
                  000065b4    00000094     sysbios.aem3 : BIOS.obj (.text:ti_sysbios_family_arm_m3_Hwi_Instance_init__E)
                  00006648    00000094                  : BIOS.obj (.text:ti_sysbios_knl_Task_Instance_finalize__E)
                  000066dc    00000094     drivers_cc13xxware.aem3 : UARTCC26XX.oem3 (.text:writeFinishedDoCallback)
                  00006770    00000090                             : PowerCC26XX.oem3 (.text:switchXOSCHFclockFunc)
                  00006800    00000090     ti.uia.loggers.aem3 : LoggerStopMode.oem3 (.text:ti_uia_loggers_LoggerStopMode_initQueueDescriptor__E)
                  00006890    0000008c     drivers_cc13xxware.aem3 : UARTCC26XX.oem3 (.text:UARTCC26XX_initIO)
                  0000691c    0000008c                             : UARTCC26XX.oem3 (.text:UARTCC26XX_writeCancel)
                  000069a8    0000008c                             : PowerCC26XX.oem3 (.text:disableLFClockQualifiers)
                  00006a34    00000088                             : PowerCC26XX_calibrateRCOSC.oem3 (.text:calibrateRcoscHf2)
                  00006abc    00000086     rtsv7M3_T_le_eabi.lib : fd_cmp_t2.obj (.text:__aeabi_cdcmple)
                  00006b42    00000086                           : fd_cmp_t2.obj (.text:__aeabi_cdrcmple)
                  00006bc8    00000084     rf_singleMode_cc13xxware.aem3 : RFCC26XX_singleMode.oem3 (.text:swiFxnHw)
                  00006c4c    00000080                                   : RFCC26XX_singleMode.oem3 (.text:RF_pendCmd)
                  00006ccc    00000080     sysbios.aem3 : BIOS.obj (.text:ti_sysbios_family_arm_m3_Hwi_initNVIC__E)
                  00006d4c    00000080                  : BIOS.obj (.text:ti_sysbios_knl_Task_postInit__I)
                  00006dcc    00000080                  : BIOS.obj (.text:ti_sysbios_utils_Load_updateLoads__E)
                  00006e4c    00000080                  : BIOS.obj (.text:xdc_runtime_Core_createObject__I)
                  00006ecc    0000007a     rtsv7M3_T_le_eabi.lib : memset_t2.obj (.text)
                  00006f46    00000002     smartrf_settings_predefined.obj (.text:enterGenfskSysPatch)
                  00006f48    00000078     drivers_cc13xxware.aem3 : UARTCC26XX.oem3 (.text:UARTCC26XX_close)
                  00006fc0    00000078     sysbios.aem3 : BIOS.obj (.text:ti_sysbios_knl_Clock_walkQueueDynamic__E)
                  00007038    00000074     driverlib.lib : setup_rom.obj (.text:NOROM_SetupSetVddrLevel)
                  000070ac    00000074     drivers_cc13xxware.aem3 : PowerCC26XX_calibrateRCOSC.oem3 (.text:PowerCC26XX_auxISR)
                  00007120    00000074     rf_singleMode_cc13xxware.aem3 : RFCC26XX_singleMode.oem3 (.text:decActiveClientCnt)
                  00007194    00000074                                   : RFCC26XX_singleMode.oem3 (.text:fsmPowerDownState)
                  00007208    00000074     sysbios.aem3 : BIOS.obj (.text:ti_sysbios_family_arm_cc26xx_Timer_start__E)
                  0000727c    00000074                  : BIOS.obj (.text:ti_sysbios_heaps_HeapMem_allocUnprotected__E)
                  000072f0    00000074     ti.uia.runtime.aem3 : QueueDescriptor.oem3 (.text:ti_uia_runtime_QueueDescriptor_addToList__E)
                  00007364    00000074     drivers_cc13xxware.aem3 : UARTCC26XX.oem3 (.text:writeTxFifoFlush)
                  000073d8    00000070     driverlib.lib : chipinfo.obj (.text:NOROM_ChipInfo_GetHwRevision)
                  00007448    00000070     rtsv7M3_T_le_eabi.lib : printf.obj (.text)
                  000074b8    0000006c     driverlib.lib : setup_rom.obj (.text:NOROM_SetupGetTrimForAmpcompCtrl)
                  00007524    0000006c     drivers_cc13xxware.aem3 : PowerCC26XX.oem3 (.text:PowerCC26XX_calibrate)
                  00007590    0000006c                             : UARTCC26XX.oem3 (.text:UARTCC26XX_readCancel)
                  000075fc    0000006c     sysbios.aem3 : BIOS.obj (.text:xdc_runtime_Memory_alloc__E)
                  00007668    00000068     driverlib.lib : setup_rom.obj (.text:NOROM_SetupGetTrimForAnabypassValue1)
                  000076d0    00000068                   : sys_ctrl.obj (.text:NOROM_SysCtrl_DCDC_VoltageConditionalControl)
                  00007738    00000068     rf_singleMode_cc13xxware.aem3 : RFCC26XX_singleMode.oem3 (.text:RF_getCurrentTime)
                  000077a0    00000068     rtsv7M3_T_le_eabi.lib : copy_decompress_lzss.obj (.text:decompress:lzss)
                  00007808    00000068                           : trgmsg.obj (.text)
                  00007870    00000068     sysbios.aem3 : BIOS.obj (.text:ti_sysbios_knl_Clock_startI__E)
                  000078d8    00000068                  : BIOS.obj (.text:ti_sysbios_knl_Swi_restoreHwi__E)
                  00007940    00000066     ti.uia.loggers.aem3 : LoggerStopMode.oem3 (.text:ti_uia_loggers_LoggerStopMode_flush__E)
                  000079a6    00000066     sysbios.aem3 : BIOS.obj (.text:xdc_runtime_Core_deleteObject__I)
                  00007a0c    00000064     driverlib.lib : osc.obj (.text:NOROM_OSCHF_AttemptToSwitchToXosc)
                  00007a70    00000064     drivers_cc13xxware.aem3 : UARTCC26XX.oem3 (.text:UARTCC26XX_control)
                  00007ad4    00000064     rtsv7M3_T_le_eabi.lib : fseek.obj (.text)
                  00007b38    00000064     sysbios.aem3 : BIOS.obj (.text:ti_sysbios_knl_Semaphore_post__E)
                  00007b9c    00000064                  : BIOS.obj (.text:ti_sysbios_knl_Task_startCore__E)
                  00007c00    00000064                  : BIOS.obj (.text:ti_sysbios_utils_Load_idleFxn__E)
                  00007c64    00000060     driverlib.lib : osc.obj (.text:NOROM_OSCClockSourceSet)
                  00007cc4    00000060     drivers_cc13xxware.aem3 : PowerCC26XX_calibrateRCOSC.oem3 (.text:PowerCC26XX_RCOSC_clockFunc)
                  00007d24    00000060     rf_singleMode_cc13xxware.aem3 : RFCC26XX_singleMode.oem3 (.text:fsmXOSCState)
                  00007d84    00000060     sysbios.aem3 : BIOS.obj (.text:ti_sysbios_knl_Task_schedule__I)
                  00007de4    00000060     drivers_cc13xxware.aem3 : PowerCC26XX_calibrateRCOSC.oem3 (.text:updateSubSecInc)
                  00007e44    0000005c     driverlib.lib : sys_ctrl.obj (.text:NOROM_SysCtrlAdjustRechargeAfterPowerDown)
                  00007ea0    0000005c     drivers_cc13xxware.aem3 : PINCC26XX.oem3 (.text:PIN_remove)
                  00007efc    0000005c     smartrf_settings.obj (.text:configureGenfskPatch)
                  00007f58    0000005c     smartrf_settings_predefined.obj (.text:configureGenfskPatch)
                  00007fb4    0000005c     smartrf_settings_predefined.obj (.text:configureGenookPatch)
                  00008010    0000005c     smartrf_settings_predefined.obj (.text:configureLrmPatch)
                  0000806c    0000005c     rtsv7M3_T_le_eabi.lib : s_frexp.obj (.text)
                  000080c8    0000005c     sysbios.aem3 : BIOS.obj (.text:ti_sysbios_knl_Task_Module_startup__E)
                  00008124    0000005c     water_sensor_wireless_comm_pem3.oem3 (.text:ti_sysbios_knl_Task_create)
                  00008180    00000058     drivers_cc13xxware.aem3 : PowerCC26XX_calibrateRCOSC.oem3 (.text:PowerCC26XX_initiateCalibration)
                  000081d8    00000058     water_sensor_wireless_comm_pem3.oem3 (.text:ti_sysbios_family_arm_m3_Hwi_construct)
                  00008230    00000058     sysbios.aem3 : BIOS.obj (.text:ti_sysbios_family_arm_m3_Hwi_postInit__I)
                  00008288    00000058                  : BIOS.obj (.text:ti_sysbios_heaps_HeapMem_alloc__E)
                  000082e0    00000058                  : BIOS.obj (.text:ti_sysbios_heaps_HeapMem_freeUnprotected__E)
                  00008338    00000058                  : BIOS.obj (.text:ti_sysbios_knl_Swi_Instance_init__E)
                  00008390    00000058                  : BIOS.obj (.text:ti_sysbios_knl_Swi_run__I)
                  000083e8    00000054     drivers_cc13xxware.aem3 : PowerCC26XX.oem3 (.text:configureXOSCHF)
                  0000843c    00000054     rf_singleMode_cc13xxware.aem3 : RFCC26XX_singleMode.oem3 (.text:hwiFxnHw)
                  00008490    00000054                                   : RFCC26XX_singleMode.oem3 (.text:ratChanFree)
                  000084e4    00000054     rtsv7M3_T_le_eabi.lib : ltoa.obj (.text)
                  00008538    00000054     sysbios.aem3 : BIOS.obj (.text:ti_sysbios_family_arm_m3_Hwi_dispatchC__I)
                  0000858c    00000054     water_sensor_wireless_comm_pem3.oem3 (.text:ti_sysbios_knl_Swi_construct)
                  000085e0    00000054     sysbios.aem3 : BIOS.obj (.text:ti_sysbios_knl_Swi_schedule__I)
                  00008634    00000050     driverlib.lib : setup_rom.obj (.text:NOROM_SetupSetCacheModeAccordingToCcfgSetting)
                  00008684    00000050     rf_singleMode_cc13xxware.aem3 : RFCC26XX_singleMode.oem3 (.text:dispatchOpWhen)
                  000086d4    00000050                                   : RFCC26XX_singleMode.oem3 (.text:syncCb)
                  00008724    00000050     sysbios.aem3 : BIOS.obj (.text:ti_sysbios_knl_Swi_runLoop__I)
                  00008774    00000050                  : BIOS.obj (.text:xdc_runtime_Startup_exec__E)
                  000087c4    0000004c     ToServer_Com.obj (.text:ToServerCom_init)
                  00008810    0000004c     rf_singleMode_cc13xxware.aem3 : RFCC26XX_singleMode.oem3 (.text:applyRfCorePatch)
                  0000885c    0000004c     rtsv7M3_T_le_eabi.lib : atoi.obj (.text)
                  000088a8    0000004c                           : cpy_tbl.obj (.text)
                  000088f4    0000004c     drivers_cc13xxware.aem3 : UARTCC26XX.oem3 (.text:startTxFifoEmptyClk)
                  00008940    0000004c     sysbios.aem3 : m3_TaskSupport_asm.obj (.text:ti_sysbios_family_arm_m3_TaskSupport_buildTaskStack)
                  0000898c    0000004c     ti.uia.loggers.aem3 : LoggerStopMode.oem3 (.text:ti_uia_loggers_LoggerStopMode_Module_startup__E)
                  000089d8    00000048     driverlib.lib : chipinfo.obj (.text:NOROM_ChipInfo_GetChipFamily)
                  00008a20    00000048     drivers_cc13xxware.aem3 : PINCC26XX.oem3 (.text:PIN_setOutputEnable)
                  00008a68    00000048                             : PINCC26XX.oem3 (.text:PIN_swi)
                  00008ab0    00000048     RF_Com.obj (.text:RFCom_receivePacket)
                  00008af8    00000048     rf_singleMode_cc13xxware.aem3 : RFCC26XX_singleMode.oem3 (.text:RF_runCmd)
                  00008b40    00000048     drivers_cc13xxware.aem3 : PowerCC26XX.oem3 (.text:notify)
                  00008b88    00000048     rtsv7M3_T_le_eabi.lib : fd_toi_t2.obj (.text)
                  00008bd0    00000048     sysbios.aem3 : BIOS.obj (.text:ti_sysbios_family_arm_m3_Hwi_Module_startup__E)
                  00008c18    00000048                  : m3_Hwi_asm_switch.obj (.text:ti_sysbios_family_arm_m3_Hwi_initStacks__E)
                  00008c60    00000048                  : BIOS.obj (.text:ti_sysbios_heaps_HeapMem_getStats__E)
                  00008ca8    00000048                  : BIOS.obj (.text:xdc_runtime_Assert_raise__I)
                  00008cf0    00000048                  : BIOS.obj (.text:xdc_runtime_Core_assignParams__I)
                  00008d38    00000048                  : BIOS.obj (.text:xdc_runtime_Core_constructObject__I)
                  00008d80    00000046     drivers_cc13xxware.aem3 : RingBuf.oem3 (.text:RingBuf_put)
                  00008dc6    00000002     smartrf_settings_predefined.obj (.text:enterGenookSysPatch)
                  00008dc8    00000044     boot.aem3 : boot.oem3 (.text)
                  00008e0c    00000044     sysbios.aem3 : BIOS.obj (.text:ti_sysbios_family_arm_m3_Hwi_disableInterrupt__E)
                  00008e50    00000044                  : BIOS.obj (.text:ti_sysbios_family_arm_m3_Hwi_enableInterrupt__E)
                  00008e94    00000044                  : BIOS.obj (.text:ti_sysbios_knl_Swi_post__E)
                  00008ed8    00000044                  : BIOS.obj (.text:ti_sysbios_knl_Task_allBlockedFunction__I)
                  00008f1c    00000044     ti.uia.loggers.aem3 : LoggerStopMode.oem3 (.text:ti_uia_loggers_LoggerStopMode_initBuffer__I)
                  00008f60    00000044     sysbios.aem3 : BIOS.obj (.text:xdc_runtime_SysMin_flush__E)
                  00008fa4    00000040     drivers_cc13xxware.aem3 : RingBuf.oem3 (.text:RingBuf_get)
                  00008fe4    00000040     sysbios.aem3 : BIOS.obj (.text:ti_sysbios_family_arm_m3_Hwi_getStackInfo__E)
                  00009024    0000003c     driverlib.lib : osc.obj (.text:NOROM_OSC_HPOSCRelativeFrequencyOffsetGet)
                  00009060    0000003c                   : rfc.obj (.text:NOROM_RFCSynthPowerDown)
                  0000909c    0000003c     drivers_cc13xxware.aem3 : PINCC26XX.oem3 (.text:PIN_setOutputValue)
                  000090d8    0000003c                             : UARTCC26XX.oem3 (.text:UARTCC26XX_swiIntFxn)
                  00009114    0000003a     sysbios.aem3 : BIOS.obj (.text:ti_sysbios_knl_Task_exit__E)
                  0000914e    00000002     smartrf_settings_predefined.obj (.text:enterLrmSysPatch)
                  00009150    00000038     drivers_cc13xxware.aem3 : UART.oem3 (.text:UART_init)
                  00009188    00000038                             : UARTCC26XX.oem3 (.text:readData)
                  000091c0    00000038     sysbios.aem3 : BIOS.obj (.text:ti_sysbios_family_arm_cc26xx_Timer_getCurrentTick__E)
                  000091f8    00000038                  : BIOS.obj (.text:ti_sysbios_family_arm_m3_Hwi_Instance_finalize__E)
                  00009230    00000038                  : BIOS.obj (.text:ti_sysbios_heaps_HeapMem_Instance_init__E)
                  00009268    00000038                  : BIOS.obj (.text:ti_sysbios_knl_Clock_Instance_init__E)
                  000092a0    00000038     drivers_cc13xxware.aem3 : UARTCC26XX.oem3 (.text:writeData)
                  000092d8    00000038     sysbios.aem3 : BIOS.obj (.text:xdc_runtime_SysMin_putch__E)
                  00009310    00000038                  : BIOS.obj (.text:xdc_runtime_System_atexit__E)
                  00009348    00000036     rtsv7M3_T_le_eabi.lib : strncpy.obj (.text)
                  0000937e    00000036     rf_singleMode_cc13xxware.aem3 : RFCC26XX_singleMode.oem3 (.text:updateImplicitState)
                  000093b4    00000034     driverlib.lib : osc.obj (.text:NOROM_OSCHF_SwitchToRcOscTurnOffXosc)
                  000093e8    00000034     drivers_cc13xxware.aem3 : PINCC26XX.oem3 (.text:PIN_setConfig)
                  0000941c    00000034     rf_singleMode_cc13xxware.aem3 : RFCC26XX_singleMode.oem3 (.text:Q_push)
                  00009450    00000034     drivers_cc13xxware.aem3 : UARTCC26XX.oem3 (.text:readData2RingBuf)
                  00009484    00000034     sysbios.aem3 : BIOS.obj (.text:ti_sysbios_family_arm_cc26xx_Timer_initDevice__I)
                  000094b8    00000034                  : BIOS.obj (.text:ti_sysbios_heaps_HeapMem_init__I)
                  000094ec    00000034     water_sensor_wireless_comm_pem3.oem3 (.text:ti_sysbios_knl_Clock_construct)
                  00009520    00000034     water_sensor_wireless_comm_pem3.oem3 (.text:ti_sysbios_knl_Semaphore_create)
                  00009554    00000034     sysbios.aem3 : BIOS.obj (.text:ti_sysbios_knl_Swi_restore__E)
                  00009588    00000034                  : BIOS.obj (.text:ti_sysbios_knl_Task_blockI__E)
                  000095bc    00000034                  : BIOS.obj (.text:ti_sysbios_utils_Load_updateCurrentThreadTime__E)
                  000095f0    00000034     ti.uia.loggers.aem3 : LoggerStopMode.oem3 (.text:ti_uia_loggers_LoggerStopMode_reset__E)
                  00009624    00000034     sysbios.aem3 : BIOS.obj (.text:xdc_runtime_Core_assignLabel__I)
                  00009658    00000032                  : BIOS.obj (.text:ti_sysbios_family_arm_cc26xx_Timer_setNextTick__E)
                  0000968a    00000002                  : BIOS.obj (.text:ti_sysbios_BIOS_linkedWithIncorrectBootLibrary__E)
                  0000968c    00000030     driverlib.lib : chipinfo.obj (.text:NOROM_ChipInfo_GetChipType)
                  000096bc    00000030                   : setup_rom.obj (.text:NOROM_SetupSetAonRtcSubSecInc)
                  000096ec    00000030     drivers_cc13xxware.aem3 : PowerCC26XX.oem3 (.text:Power_releaseConstraint)
                  0000971c    00000030                             : PowerCC26XX.oem3 (.text:Power_setConstraint)
                  0000974c    00000030                             : UART.oem3 (.text:UART_open)
                  0000977c    00000030     rf_singleMode_cc13xxware.aem3 : RFCC26XX_singleMode.oem3 (.text:clkPowerUpFxn)
                  000097ac    00000030     receptor.obj (.text:doReception)
                  000097dc    00000030     water_sensor_wireless_comm_pem3.oem3 (.text:ti_sysbios_BIOS_atExitFunc__I)
                  0000980c    00000030     water_sensor_wireless_comm_pem3.oem3 (.text:ti_sysbios_BIOS_startFunc__I)
                  0000983c    00000030     sysbios.aem3 : BIOS.obj (.text:ti_sysbios_family_arm_cc26xx_Timer_setThreshold__I)
                  0000986c    00000030     water_sensor_wireless_comm_pem3.oem3 (.text:ti_sysbios_gates_GateHwi_Object__create__S)
                  0000989c    00000030     water_sensor_wireless_comm_pem3.oem3 (.text:ti_sysbios_gates_GateMutex_Object__create__S)
                  000098cc    00000030     sysbios.aem3 : BIOS.obj (.text:ti_sysbios_gates_GateMutex_enter__E)
                  000098fc    00000030     water_sensor_wireless_comm_pem3.oem3 (.text:ti_sysbios_heaps_HeapMem_Object__create__S)
                  0000992c    00000030     sysbios.aem3 : BIOS.obj (.text:ti_sysbios_heaps_HeapMem_free__E)
                  0000995c    00000030     water_sensor_wireless_comm_pem3.oem3 (.text:ti_sysbios_knl_Semaphore_construct)
                  0000998c    00000030     sysbios.aem3 : BIOS.obj (.text:ti_sysbios_knl_Task_processVitalTaskFlag__I)
                  000099bc    00000030     water_sensor_wireless_comm_pem3.oem3 (.text:ti_uia_loggers_LoggerStopMode_Object__create__S)
                  000099ec    00000030     sysbios.aem3 : BIOS.obj (.text:xdc_runtime_SysMin_abort__E)
                  00009a1c    00000030                  : BIOS.obj (.text:xdc_runtime_System_processAtExit__E)
                  00009a4c    0000002e     water_sensor_wireless_comm_pem3.oem3 (.text:malloc)
                  00009a7a    0000002e     rtsv7M3_T_le_eabi.lib : i_tofd_t2.obj (.text)
                  00009aa8    0000002e     sysbios.aem3 : BIOS.obj (.text:ti_sysbios_family_arm_m3_TaskSupport_start__E)
                  00009ad6    0000002e                  : BIOS.obj (.text:ti_sysbios_hal_Hwi_initStack)
                  00009b04    0000002c     driverlib.lib : ddi.obj (.text:NOROM_DDI32RegWrite)
                  00009b30    0000002c                   : osc.obj (.text:NOROM_OSCClockSourceGet)
                  00009b5c    0000002c                   : setup_rom.obj (.text:NOROM_SetupGetTrimForRadcExtCfg)
                  00009b88    0000002c     drivers_cc13xxware.aem3 : PINCC26XX.oem3 (.text:PINCC26XX_setMux)
                  00009bb4    0000002c     ToServer_Com.obj (.text:ToServerCom_write)
                  00009be0    0000002c     rf_singleMode_cc13xxware.aem3 : RFCC26XX_singleMode.oem3 (.text:getCmd)
                  00009c0c    0000002c     sysbios.aem3 : BIOS.obj (.text:ti_sysbios_knl_Clock_getTicksUntilInterrupt__E)
                  00009c38    0000002c     water_sensor_wireless_comm_pem3.oem3 (.text:ti_sysbios_knl_Queue_construct)
                  00009c64    0000002c     sysbios.aem3 : BIOS.obj (.text:ti_sysbios_knl_Semaphore_pendTimeout__I)
                  00009c90    0000002c                  : BIOS.obj (.text:ti_sysbios_knl_Task_unblockI__E)
                  00009cbc    0000002c                  : BIOS.obj (.text:xdc_runtime_Text_cordText__E)
                  00009ce8    00000028     driverlib.lib : aon_batmon.obj (.text:NOROM_AONBatMonTemperatureGetDegC)
                  00009d10    00000028     drivers_cc13xxware.aem3 : PowerCC26XX.oem3 (.text:Power_registerNotify)
                  00009d38    00000028     rf_singleMode_cc13xxware.aem3 : RFCC26XX_singleMode.oem3 (.text:Q_end)
                  00009d60    00000028     driverlib.lib : adi.obj (.text:SafeHapiVoid)
                  00009d88    00000028     sysbios.aem3 : BIOS.obj (.text:ti_sysbios_knl_Clock_addI__E)
                  00009db0    00000028                  : BIOS.obj (.text:ti_sysbios_knl_Task_restore__E)
                  00009dd8    00000026     drivers_cc13xxware.aem3 : List.oem3 (.text:List_put)
                  00009dfe    00000002     water_sensor_wireless_comm_pem3.oem3 (.text:ti_sysbios_BIOS_nullFunc__I)
                  00009e00    00000024     drivers_cc13xxware.aem3 : PINCC26XX.oem3 (.text:PINCC26XX_getPinCount)
                  00009e24    00000024                             : PowerCC26XX_calibrateRCOSC.oem3 (.text:getTdcSemaphore)
                  00009e48    00000024     rf_singleMode_cc13xxware.aem3 : RFCC26XX_singleMode.oem3 (.text:hwiFxnCpe0PowerFsm)
                  00009e6c    00000024     water_sensor_wireless_comm_pem3.oem3 (.text:ti_sysbios_BIOS_registerRTSLock__I)
                  00009e90    00000024     water_sensor_wireless_comm_pem3.oem3 (.text:ti_sysbios_BIOS_removeRTSLock__I)
                  00009eb4    00000024     sysbios.aem3 : BIOS.obj (.text:ti_sysbios_family_arm_cc26xx_Timer_Module_startup__E)
                  00009ed8    00000024                  : BIOS.obj (.text:ti_sysbios_family_arm_cc26xx_Timer_getMaxTicks__E)
                  00009efc    00000024                  : BIOS.obj (.text:ti_sysbios_family_arm_cc26xx_Timer_startup__E)
                  00009f20    00000024     water_sensor_wireless_comm_pem3.oem3 (.text:ti_sysbios_gates_GateMutex_Object__delete__S)
                  00009f44    00000024     sysbios.aem3 : BIOS.obj (.text:ti_sysbios_knl_Semaphore_Instance_init__E)
                  00009f68    00000024                  : BIOS.obj (.text:ti_sysbios_knl_Swi_Module_startup__E)
                  00009f8c    00000024                  : BIOS.obj (.text:ti_sysbios_utils_Load_updateThreadContexts__E)
                  00009fb0    00000022                  : BIOS.obj (.text:ti_sysbios_family_arm_cc26xx_Timer_postInit__I)
                  00009fd2    00000022     water_sensor_wireless_comm_pem3.oem3 (.text:xdc_runtime_SysMin_output__I)
                  00009ff4    00000020     driverlib.lib : rfc.obj (.text:NOROM_RFCAdi3VcoLdoVoltageMode)
                  0000a014    00000020                   : rfc.obj (.text:NOROM_RFCDoorbellSendTo)
                  0000a034    00000020                   : setup_rom.obj (.text:NOROM_SetupGetTrimForXoscHfCtl)
                  0000a054    00000020     drivers_cc13xxware.aem3 : PowerCC26XX.oem3 (.text:Power_unregisterNotify)
                  0000a074    00000020     rf_singleMode_cc13xxware.aem3 : RFCC26XX_singleMode.oem3 (.text:allocCmd)
                  0000a094    00000020     rtsv7M3_T_le_eabi.lib : memchr.obj (.text)
                  0000a0b4    00000020     water_sensor_wireless_comm_pem3.oem3 (.text:ti_sysbios_BIOS_rtsLock__I)
                  0000a0d4    00000020     sysbios.aem3 : BIOS.obj (.text:ti_sysbios_family_arm_cc26xx_Timer_dynamicStub__E)
                  0000a0f4    00000020                  : BIOS.obj (.text:ti_sysbios_family_arm_cc26xx_TimestampProvider_Module_startup__E)
                  0000a114    00000020                  : m3_Hwi_asm.obj (.text:ti_sysbios_family_arm_m3_Hwi_excHandlerAsm__I)
                  0000a134    00000020                  : BIOS.obj (.text:ti_sysbios_family_arm_m3_Hwi_excHandler__I)
                  0000a154    00000020     water_sensor_wireless_comm_pem3.oem3 (.text:ti_sysbios_gates_GateHwi_Object__delete__S)
                  0000a174    00000020     water_sensor_wireless_comm_pem3.oem3 (.text:ti_sysbios_heaps_HeapMem_Object__delete__S)
                  0000a194    00000020     sysbios.aem3 : BIOS.obj (.text:ti_sysbios_knl_Clock_Module_startup__E)
                  0000a1b4    00000020     water_sensor_wireless_comm_pem3.oem3 (.text:ti_sysbios_knl_Clock_Object__destruct__S)
                  0000a1d4    00000020     sysbios.aem3 : BIOS.obj (.text:ti_sysbios_knl_Clock_getTicks__E)
                  0000a1f4    00000020                  : BIOS.obj (.text:ti_sysbios_knl_Clock_stop__E)
                  0000a214    00000020                  : BIOS.obj (.text:ti_sysbios_knl_Idle_run__E)
                  0000a234    00000020     water_sensor_wireless_comm_pem3.oem3 (.text:ti_sysbios_knl_Semaphore_Object__destruct__S)
                  0000a254    00000020     sysbios.aem3 : BIOS.obj (.text:ti_sysbios_knl_Task_restoreHwi__E)
                  0000a274    00000020     water_sensor_wireless_comm_pem3.oem3 (.text:ti_uia_loggers_LoggerStopMode_Object__delete__S)
                  0000a294    00000020     sysbios.aem3 : BIOS.obj (.text:xdc_runtime_SysMin_Module_startup__E)
                  0000a2b4    0000001e     drivers_cc13xxware.aem3 : PINCC26XX.oem3 (.text:PIN_close)
                  0000a2d2    0000001e                             : PowerCC26XX.oem3 (.text:Power_getTransitionLatency)
                  0000a2f0    0000001e     sysbios.aem3 : m3_Hwi_asm_switch.obj (.text:ti_sysbios_family_xxx_Hwi_switchAndRunFunc)
                  0000a30e    00000002                  : BIOS.obj (.text:ti_sysbios_gates_GateHwi_Instance_init__E)
                  0000a310    0000001c     driverlib.lib : setup_rom.obj (.text:NOROM_SetupGetTrimForAmpcompTh2)
                  0000a32c    0000001c                   : setup_rom.obj (.text:NOROM_SetupGetTrimForRcOscLfRtuneCtuneTrim)
                  0000a348    0000001c     drivers_cc13xxware.aem3 : PINCC26XX.oem3 (.text:PINCC26XX_setIoCfgMux)
                  0000a364    0000001c                             : PINCC26XX.oem3 (.text:PIN_hwi)
                  0000a380    0000001c     smartrf_settings.obj (.text:enterGenfskCpePatch)
                  0000a39c    0000001c     smartrf_settings_predefined.obj (.text:enterGenfskCpePatch)
                  0000a3b8    0000001c     smartrf_settings_predefined.obj (.text:enterGenookCpePatch)
                  0000a3d4    0000001c     smartrf_settings_predefined.obj (.text:enterLrmCpePatch)
                  0000a3f0    0000001c     water_sensor_wireless_comm_pem3.oem3 (.text:ti_sysbios_family_arm_m3_Hwi_Object__destruct__S)
                  0000a40c    0000001c     sysbios.aem3 : BIOS.obj (.text:ti_sysbios_family_arm_m3_Hwi_setPriority__E)
                  0000a428    0000001c                  : BIOS.obj (.text:ti_sysbios_gates_GateMutex_Instance_init__E)
                  0000a444    0000001c                  : BIOS.obj (.text:ti_sysbios_knl_Clock_scheduleNextTick__E)
                  0000a460    0000001c     water_sensor_wireless_comm_pem3.oem3 (.text:ti_sysbios_knl_Queue_Object__destruct__S)
                  0000a47c    0000001c     sysbios.aem3 : BIOS.obj (.text:ti_sysbios_knl_Queue_put__E)
                  0000a498    0000001c     water_sensor_wireless_comm_pem3.oem3 (.text:ti_sysbios_knl_Swi_Object__destruct__S)
                  0000a4b4    0000001c     sysbios.aem3 : BIOS.obj (.text:ti_sysbios_knl_Task_enter__I)
                  0000a4d0    0000001c     ti.uia.loggers.aem3 : LoggerStopMode.oem3 (.text:ti_uia_loggers_LoggerStopMode_Instance_init__E)
                  0000a4ec    0000001c     sysbios.aem3 : BIOS.obj (.text:xdc_runtime_Error_check__E)
                  0000a508    0000001c                  : BIOS.obj (.text:xdc_runtime_Error_raiseX__E)
                  0000a524    0000001c                  : BIOS.obj (.text:xdc_runtime_Memory_valloc__E)
                  0000a540    0000001c                  : BIOS.obj (.text:xdc_runtime_SysMin_exit__E)
                  0000a55c    0000001c                  : BIOS.obj (.text:xdc_runtime_System_abort__E)
                  0000a578    0000001a     drivers_cc13xxware.aem3 : List.oem3 (.text:List_remove)
                  0000a592    0000001a     rtsv7M3_T_le_eabi.lib : memccpy.obj (.text)
                  0000a5ac    0000001a     sysbios.aem3 : m3_Hwi_asm.obj (.text:ti_sysbios_family_arm_m3_Hwi_pendSV__I)
                  0000a5c6    00000002                  : BIOS.obj (.text:ti_sysbios_knl_Clock_logTick__E)
                  0000a5c8    00000018     driverlib.lib : aon_rtc.obj (.text:NOROM_AONRTCCurrentCompareValueGet)
                  0000a5e0    00000018                   : chipinfo.obj (.text:NOROM_ChipInfo_GetPackageType)
                  0000a5f8    00000018                   : osc.obj (.text:NOROM_OSCHF_TurnOnXosc)
                  0000a610    00000018                   : rfc.obj (.text:NOROM_RFCCpeIntGetAndClear)
                  0000a628    00000018                   : setup_rom.obj (.text:NOROM_SetupGetTrimForAdcShModeEn)
                  0000a640    00000018                   : setup_rom.obj (.text:NOROM_SetupGetTrimForAdcShVbufEn)
                  0000a658    00000018                   : setup_rom.obj (.text:NOROM_SetupGetTrimForAmpcompTh1)
                  0000a670    00000018                   : setup_rom.obj (.text:NOROM_SetupGetTrimForDblrLoopFilterResetVoltage)
                  0000a688    00000018                   : setup_rom.obj (.text:NOROM_SetupGetTrimForRcOscLfIBiasTrim)
                  0000a6a0    00000018                   : setup_rom.obj (.text:NOROM_SetupGetTrimForXoscLfRegulatorAndCmirrwrRatio)
                  0000a6b8    00000018     drivers_cc13xxware.aem3 : PowerCC26XX.oem3 (.text:Power_idleFunc)
                  0000a6d0    00000018     rf_singleMode_cc13xxware.aem3 : RFCC26XX_singleMode.oem3 (.text:Q_pop)
                  0000a6e8    00000018     drivers_cc13xxware.aem3 : UARTCC26XX.oem3 (.text:UARTCC26XX_init)
                  0000a700    00000018                             : UART.oem3 (.text:UART_Params_init)
                  0000a718    00000018                             : PowerCC26XX.oem3 (.text:configureRFCoreClocks)
                  0000a730    00000018     water_sensor_wireless_comm_pem3.oem3 (.text:free)
                  0000a748    00000018     rtsv7M3_T_le_eabi.lib : args_main.obj (.text)
                  0000a760    00000018                           : ll_mul_t2.obj (.text)
                  0000a778    00000018                           : strcmp.obj (.text)
                  0000a790    00000018     rf_singleMode_cc13xxware.aem3 : RFCC26XX_singleMode.oem3 (.text:swiFxnFsm)
                  0000a7a8    00000018     water_sensor_wireless_comm_pem3.oem3 (.text:ti_sysbios_BIOS_rtsUnlock__I)
                  0000a7c0    00000018     water_sensor_wireless_comm_pem3.oem3 (.text:ti_sysbios_family_arm_cc26xx_Timer_Module__startupDone__F)
                  0000a7d8    00000018     sysbios.aem3 : BIOS.obj (.text:ti_sysbios_family_arm_cc26xx_TimestampProvider_get64__E)
                  0000a7f0    00000018     water_sensor_wireless_comm_pem3.oem3 (.text:ti_sysbios_family_arm_m3_Hwi_Module__startupDone__F)
                  0000a808    00000018     sysbios.aem3 : BIOS.obj (.text:ti_sysbios_family_arm_m3_Hwi_plug__E)
                  0000a820    00000018     water_sensor_wireless_comm_pem3.oem3 (.text:ti_sysbios_gates_GateHwi_Handle__label__S)
                  0000a838    00000018     water_sensor_wireless_comm_pem3.oem3 (.text:ti_sysbios_gates_GateMutex_Handle__label__S)
                  0000a850    00000018     sysbios.aem3 : BIOS.obj (.text:ti_sysbios_gates_GateMutex_leave__E)
                  0000a868    00000018     water_sensor_wireless_comm_pem3.oem3 (.text:ti_sysbios_heaps_HeapMem_Handle__label__S)
                  0000a880    00000018     sysbios.aem3 : BIOS.obj (.text:ti_sysbios_knl_Swi_or__E)
                  0000a898    00000018                  : BIOS.obj (.text:ti_sysbios_knl_Task_unblock__E)
                  0000a8b0    00000018     water_sensor_wireless_comm_pem3.oem3 (.text:ti_uia_loggers_LoggerStopMode_Handle__label__S)
                  0000a8c8    00000018     sysbios.aem3 : BIOS.obj (.text:xdc_runtime_System_exit__E)
                  0000a8e0    00000018                  : BIOS.obj (.text:xdc_runtime_Text_ropeText__E)
                  0000a8f8    00000016     driverlib.lib : chipinfo.obj (.text:NOROM_ThisCodeIsBuiltForCC13xxHwRev20AndLater_HaltIfViolated)
                  0000a90e    00000016     rtsv7M3_T_le_eabi.lib : strchr.obj (.text)
                  0000a924    00000016                           : strcpy.obj (.text)
                  0000a93a    00000016     water_sensor_wireless_comm_pem3.oem3 (.text:ti_sysbios_BIOS_exitFunc__I)
                  0000a950    00000016     sysbios.aem3 : BIOS.obj (.text:ti_sysbios_knl_Clock_Instance_finalize__E)
                  0000a966    00000016                  : BIOS.obj (.text:ti_sysbios_knl_Clock_start__E)
                  0000a97c    00000016     EasyLink.obj (.text:ti_sysbios_knl_Semaphore_Params_init)
                  0000a992    00000016     main.obj (.text:ti_sysbios_knl_Task_Params_init)
                  0000a9a8    00000016     ti.uia.loggers.aem3 : LoggerStopMode.oem3 (.text:ti_uia_loggers_LoggerStopMode_disable__E)
                  0000a9be    00000016                         : LoggerStopMode.oem3 (.text:ti_uia_loggers_LoggerStopMode_enable__E)
                  0000a9d4    00000014     driverlib.lib : aon_rtc.obj (.text:NOROM_AONRTCCurrent64BitValueGet)
                  0000a9e8    00000014     rf_singleMode_cc13xxware.aem3 : RFCC26XX_singleMode.oem3 (.text:RF_Params_init)
                  0000a9fc    00000014     rtsv7M3_T_le_eabi.lib : _lock.obj (.text)
                  0000aa10    00000014                           : strlen.obj (.text)
                  0000aa24    00000014     water_sensor_wireless_comm_pem3.oem3 (.text:ti_sysbios_family_arm_m3_Hwi_Object__get__S)
                  0000aa38    00000014     sysbios.aem3 : BIOS.obj (.text:ti_sysbios_family_arm_m3_Hwi_switchFromBootStack__E)
                  0000aa4c    00000014     water_sensor_wireless_comm_pem3.oem3 (.text:ti_sysbios_heaps_HeapMem_Object__get__S)
                  0000aa60    00000014     water_sensor_wireless_comm_pem3.oem3 (.text:ti_sysbios_knl_Clock_doTick__I)
                  0000aa74    00000014     water_sensor_wireless_comm_pem3.oem3 (.text:ti_sysbios_knl_Swi_Object__get__S)
                  0000aa88    00000012     drivers_cc13xxware.aem3 : RingBuf.oem3 (.text:RingBuf_construct)
                  0000aa9a    00000012     sysbios.aem3 : BIOS.obj (.text:ti_sysbios_hal_Hwi_Module_startup__E)
                  0000aaac    00000012     water_sensor_wireless_comm_pem3.oem3 (.text:xdc_runtime_Startup_exec__I)
                  0000aabe    00000002     sysbios.aem3 : BIOS.obj (.text:ti_sysbios_knl_Clock_triggerFunc__I)
                  0000aac0    00000010     rf_singleMode_cc13xxware.aem3 : RFCC26XX_singleMode.oem3 (.text:FsmDispatch)
                  0000aad0    00000010     driverlib.lib : rfc.obj (.text:NOROM_RFCRfTrimSet)
                  0000aae0    00000010                   : setup_rom.obj (.text:NOROM_SetupGetTrimForXoscHfFastStart)
                  0000aaf0    00000010                   : setup_rom.obj (.text:NOROM_SetupGetTrimForXoscHfIbiastherm)
                  0000ab00    00000010     RF_Com.obj (.text:RFCom_init)
                  0000ab10    00000010     smartrf_settings.obj (.text:applyGenfskPatch)
                  0000ab20    00000010     smartrf_settings_predefined.obj (.text:applyGenfskPatch)
                  0000ab30    00000010     smartrf_settings_predefined.obj (.text:applyGenookPatch)
                  0000ab40    00000010     smartrf_settings_predefined.obj (.text:applyLrmPatch)
                  0000ab50    00000010     sysbios.aem3 : BIOS.obj (.text:ti_sysbios_BIOS_exit__E)
                  0000ab60    00000010                  : BIOS.obj (.text:ti_sysbios_BIOS_getCpuFreq__E)
                  0000ab70    00000010                  : BIOS.obj (.text:ti_sysbios_BIOS_setThreadType__E)
                  0000ab80    00000010                  : BIOS.obj (.text:ti_sysbios_BIOS_start__E)
                  0000ab90    00000010                  : BIOS.obj (.text:ti_sysbios_family_arm_m3_Hwi_post__E)
                  0000aba0    00000010                  : m3_TaskSupport_asm.obj (.text:ti_sysbios_family_arm_m3_TaskSupport_glue)
                  0000abb0    00000010                  : m3_TaskSupport_asm.obj (.text:ti_sysbios_family_arm_m3_TaskSupport_swap__E)
                  0000abc0    00000010                  : BIOS.obj (.text:ti_sysbios_gates_GateMutex_Instance_finalize__E)
                  0000abd0    00000010                  : BIOS.obj (.text:ti_sysbios_knl_Semaphore_Instance_finalize__E)
                  0000abe0    00000010                  : BIOS.obj (.text:ti_sysbios_knl_Swi_disable__E)
                  0000abf0    00000010                  : BIOS.obj (.text:ti_sysbios_knl_Swi_enabled__E)
                  0000ac00    00000010     water_sensor_wireless_comm_pem3.oem3 (.text:ti_sysbios_knl_Task_Object__get__S)
                  0000ac10    00000010     sysbios.aem3 : BIOS.obj (.text:ti_sysbios_knl_Task_disable__E)
                  0000ac20    00000010     water_sensor_wireless_comm_pem3.oem3 (.text:ti_uia_loggers_LoggerStopMode_Object__get__S)
                  0000ac30    00000010     ti.uia.loggers.aem3 : LoggerStopMode.oem3 (.text:ti_uia_loggers_LoggerStopMode_isEmpty__E)
                  0000ac40    00000010     drivers_cc13xxware.aem3 : UARTCC26XX.oem3 (.text:uartPostNotify)
                  0000ac50    00000010     sysbios.aem3 : BIOS.obj (.text:xdc_runtime_Gate_leaveSystem__E)
                  0000ac60    00000010                  : BIOS.obj (.text:xdc_runtime_Memory_free__E)
                  0000ac70    0000000e     driverlib.lib : vims.obj (.text:NOROM_VIMSModeGet)
                  0000ac7e    0000000e     rtsv7M3_T_le_eabi.lib : copy_decompress_none.obj (.text:decompress:none)
                  0000ac8c    0000000e     sysbios.aem3 : BIOS.obj (.text:ti_sysbios_family_arm_cc26xx_TimestampProvider_get32__E)
                  0000ac9a    0000000e                  : BIOS.obj (.text:ti_sysbios_family_arm_m3_TaskSupport_checkStack__E)
                  0000aca8    0000000e                  : BIOS.obj (.text:ti_sysbios_heaps_HeapMem_restore__E)
                  0000acb6    0000000e                  : BIOS.obj (.text:ti_sysbios_knl_Queue_empty__E)
                  0000acc4    0000000e                  : BIOS.obj (.text:ti_sysbios_knl_Queue_remove__E)
                  0000acd2    00000002                  : BIOS.obj (.text:ti_sysbios_knl_Swi_Instance_finalize__E)
                  0000acd4    0000000c     rf_singleMode_cc13xxware.aem3 : RFCC26XX_singleMode.oem3 (.text:FsmNextState)
                  0000ace0    0000000c     driverlib.lib : cpu.obj (.text:NOROM_CPUcpsid)
                  0000acec    0000000c                   : cpu.obj (.text:NOROM_CPUcpsie)
                  0000acf8    0000000c     drivers_cc13xxware.aem3 : PowerCC26XX.oem3 (.text:Power_getConstraintMask)
                  0000ad04    0000000c                             : PowerCC26XX.oem3 (.text:Power_getDependencyCount)
                  0000ad10    0000000c     rtsv7M3_T_le_eabi.lib : copy_zero_init.obj (.text:decompress:ZI)
                  0000ad1c    0000000c     main.obj (.text:taskRx)
                  0000ad28    0000000c     sysbios.aem3 : BIOS.obj (.text:ti_sysbios_BIOS_getThreadType__E)
                  0000ad34    0000000c                  : BIOS.obj (.text:ti_sysbios_family_arm_cc26xx_TimestampProvider_getFreq__E)
                  0000ad40    0000000c     water_sensor_wireless_comm_pem3.oem3 (.text:ti_sysbios_family_arm_m3_Hwi_Params__init__S)
                  0000ad4c    0000000c     sysbios.aem3 : BIOS.obj (.text:ti_sysbios_family_arm_m3_Hwi_disableFxn__E)
                  0000ad58    0000000c                  : BIOS.obj (.text:ti_sysbios_family_arm_m3_TaskSupport_getStackAlignment__E)
                  0000ad64    0000000c                  : BIOS.obj (.text:ti_sysbios_gates_GateHwi_enter__E)
                  0000ad70    0000000c     water_sensor_wireless_comm_pem3.oem3 (.text:ti_sysbios_knl_Clock_Params__init__S)
                  0000ad7c    0000000c     sysbios.aem3 : BIOS.obj (.text:ti_sysbios_knl_Clock_getTimerHandle__E)
                  0000ad88    0000000c     water_sensor_wireless_comm_pem3.oem3 (.text:ti_sysbios_knl_Queue_Object__get__S)
                  0000ad94    0000000c     sysbios.aem3 : BIOS.obj (.text:ti_sysbios_knl_Queue_dequeue__E)
                  0000ada0    0000000c                  : BIOS.obj (.text:ti_sysbios_knl_Queue_enqueue__E)
                  0000adac    0000000c     water_sensor_wireless_comm_pem3.oem3 (.text:ti_sysbios_knl_Semaphore_Params__init__S)
                  0000adb8    0000000c     water_sensor_wireless_comm_pem3.oem3 (.text:ti_sysbios_knl_Swi_Params__init__S)
                  0000adc4    0000000c     sysbios.aem3 : BIOS.obj (.text:ti_sysbios_knl_Swi_getTrigger__E)
                  0000add0    0000000c     water_sensor_wireless_comm_pem3.oem3 (.text:ti_sysbios_knl_Task_Params__init__S)
                  0000addc    0000000c     sysbios.aem3 : BIOS.obj (.text:ti_sysbios_knl_Task_self__E)
                  0000ade8    0000000c                  : BIOS.obj (.text:xdc_runtime_Error_init__E)
                  0000adf4    0000000c                  : BIOS.obj (.text:xdc_runtime_Gate_enterSystem__E)
                  0000ae00    0000000c                  : BIOS.obj (.text:xdc_runtime_Memory_calloc__E)
                  0000ae0c    0000000c                  : BIOS.obj (.text:xdc_runtime_Memory_getMaxDefaultTypeAlign__E)
                  0000ae18    0000000c                  : BIOS.obj (.text:xdc_runtime_Startup_rtsDone__E)
                  0000ae24    0000000a     drivers_cc13xxware.aem3 : List.oem3 (.text:List_empty)
                  0000ae2e    0000000a                             : UART.oem3 (.text:UART_write)
                  0000ae38    0000000a     water_sensor_wireless_comm_pem3.oem3 (.text:xdc_runtime_IHeap_alloc)
                  0000ae42    0000000a     water_sensor_wireless_comm_pem3.oem3 (.text:xdc_runtime_IHeap_free)
                  0000ae4c    00000008     drivers_cc13xxware.aem3 : UARTCC26XX.oem3 (.text:readSemCallback)
                  0000ae54    00000008     smartrf_settings.obj (.text:rf_patch_cpe_genfsk)
                  0000ae5c    00000008     smartrf_settings_predefined.obj (.text:rf_patch_cpe_genfsk)
                  0000ae64    00000008     smartrf_settings_predefined.obj (.text:rf_patch_cpe_genook)
                  0000ae6c    00000008     smartrf_settings_predefined.obj (.text:rf_patch_cpe_lrm)
                  0000ae74    00000008     rtsv7M3_T_le_eabi.lib : s_copysign.obj (.text)
                  0000ae7c    00000008     sysbios.aem3 : BIOS.obj (.text:ti_sysbios_family_arm_m3_Hwi_doSwiRestore__I)
                  0000ae84    00000008                  : BIOS.obj (.text:ti_sysbios_family_arm_m3_Hwi_startup__E)
                  0000ae8c    00000008                  : BIOS.obj (.text:ti_sysbios_knl_Idle_loop__E)
                  0000ae94    00000008     drivers_cc13xxware.aem3 : UARTCC26XX.oem3 (.text:writeSemCallback)
                  0000ae9c    00000006                             : UARTCC26XX.oem3 (.text:UARTCC26XX_readPolling)
                  0000aea2    00000006                             : UARTCC26XX.oem3 (.text:UARTCC26XX_writePolling)
                  0000aea8    00000006     rf_singleMode_cc13xxware.aem3 : RFCC26XX_singleMode.oem3 (.text:clkInactivityFxn)
                  0000aeae    00000006     sysbios.aem3 : BIOS.obj (.text:ti_sysbios_family_arm_m3_Hwi_doTaskRestore__I)
                  0000aeb4    00000006                  : BIOS.obj (.text:ti_sysbios_family_arm_m3_Hwi_restoreFxn__E)
                  0000aeba    00000006                  : BIOS.obj (.text:ti_sysbios_family_arm_m3_Hwi_setFunc__E)
                  0000aec0    00000006                  : BIOS.obj (.text:ti_sysbios_gates_GateHwi_leave__E)
                  0000aec6    00000006                  : BIOS.obj (.text:ti_sysbios_heaps_HeapMem_isBlocking__E)
                  0000aecc    00000006                  : BIOS.obj (.text:ti_sysbios_knl_Queue_Instance_init__E)
                  0000aed2    00000006                  : BIOS.obj (.text:ti_sysbios_knl_Queue_elemClear__E)
                  0000aed8    00000006                  : BIOS.obj (.text:ti_sysbios_knl_Swi_startup__E)
                  0000aede    00000006                  : BIOS.obj (.text:xdc_runtime_System_Module_startup__E)
                  0000aee4    00000004     tirtosport.aem3 : HwiP_tirtos.oem3 (.text:HwiP_disable)
                  0000aee8    00000004     drivers_cc13xxware.aem3 : List.oem3 (.text:List_head)
                  0000aeec    00000004                             : List.oem3 (.text:List_next)
                  0000aef0    00000004     rf_singleMode_cc13xxware.aem3 : RFCC26XX_singleMode.oem3 (.text:Q_peek)
                  0000aef4    00000004     drivers_cc13xxware.aem3 : PowerCC26XX.oem3 (.text:nopResourceHandler)
                  0000aef8    00000004     water_sensor_wireless_comm_pem3.oem3 (.text:ti_sysbios_BIOS_RtsGateProxy_enter__E)
                  0000aefc    00000004     water_sensor_wireless_comm_pem3.oem3 (.text:ti_sysbios_BIOS_RtsGateProxy_leave__E)
                  0000af00    00000004     sysbios.aem3 : BIOS.obj (.text:ti_sysbios_family_arm_cc26xx_Timer_getCount64__E)
                  0000af04    00000004                  : BIOS.obj (.text:ti_sysbios_family_arm_cc26xx_Timer_setPeriod__E)
                  0000af08    00000004     water_sensor_wireless_comm_pem3.oem3 (.text:ti_sysbios_family_arm_m3_Hwi_destruct)
                  0000af0c    00000004     water_sensor_wireless_comm_pem3.oem3 (.text:ti_sysbios_family_arm_m3_TaskSupport_Module__startupDone__S)
                  0000af10    00000004     sysbios.aem3 : BIOS.obj (.text:ti_sysbios_gates_GateHwi_query__E)
                  0000af14    00000004                  : BIOS.obj (.text:ti_sysbios_gates_GateMutex_query__E)
                  0000af18    00000004     water_sensor_wireless_comm_pem3.oem3 (.text:ti_sysbios_heaps_HeapMem_Module_GateProxy_enter__E)
                  0000af1c    00000004     water_sensor_wireless_comm_pem3.oem3 (.text:ti_sysbios_heaps_HeapMem_Module_GateProxy_leave__E)
                  0000af20    00000004     water_sensor_wireless_comm_pem3.oem3 (.text:ti_sysbios_knl_Clock_TimerProxy_getCurrentTick__E)
                  0000af24    00000004     water_sensor_wireless_comm_pem3.oem3 (.text:ti_sysbios_knl_Clock_TimerProxy_getMaxTicks__E)
                  0000af28    00000004     water_sensor_wireless_comm_pem3.oem3 (.text:ti_sysbios_knl_Clock_TimerProxy_setNextTick__E)
                  0000af2c    00000004     water_sensor_wireless_comm_pem3.oem3 (.text:ti_sysbios_knl_Clock_destruct)
                  0000af30    00000004     sysbios.aem3 : BIOS.obj (.text:ti_sysbios_knl_Clock_removeI__E)
                  0000af34    00000004                  : BIOS.obj (.text:ti_sysbios_knl_Clock_setTimeout__E)
                  0000af38    00000004     water_sensor_wireless_comm_pem3.oem3 (.text:ti_sysbios_knl_Queue_destruct)
                  0000af3c    00000004     sysbios.aem3 : BIOS.obj (.text:ti_sysbios_knl_Queue_head__E)
                  0000af40    00000004                  : BIOS.obj (.text:ti_sysbios_knl_Queue_next__E)
                  0000af44    00000004     water_sensor_wireless_comm_pem3.oem3 (.text:ti_sysbios_knl_Semaphore_destruct)
                  0000af48    00000004     water_sensor_wireless_comm_pem3.oem3 (.text:ti_sysbios_knl_Swi_destruct)
                  0000af4c    00000004     sysbios.aem3 : BIOS.obj (.text:ti_sysbios_knl_Swi_postInit__I)
                  0000af50    00000004                  : BIOS.obj (.text:ti_sysbios_knl_Task_startup__E)
                  0000af54    00000004     ti.uia.loggers.aem3 : LoggerStopMode.oem3 (.text:ti_uia_loggers_LoggerStopMode_getContents__E)
                  0000af58    00000004     water_sensor_wireless_comm_pem3.oem3 (.text:ti_uia_loggers_LoggerStopMode_getFilterLevel__E)
                  0000af5c    00000004     ti.uia.loggers.aem3 : LoggerStopMode.oem3 (.text:ti_uia_loggers_LoggerStopMode_getInstanceId__E)
                  0000af60    00000004                         : LoggerStopMode.oem3 (.text:ti_uia_loggers_LoggerStopMode_getMaxLength__E)
                  0000af64    00000004                         : LoggerStopMode.oem3 (.text:ti_uia_loggers_LoggerStopMode_getPriority__E)
                  0000af68    00000004                         : LoggerStopMode.oem3 (.text:ti_uia_loggers_LoggerStopMode_getTransferType__E)
                  0000af6c    00000004     water_sensor_wireless_comm_pem3.oem3 (.text:xdc_runtime_System_Module_GateProxy_enter__E)
                  0000af70    00000004     water_sensor_wireless_comm_pem3.oem3 (.text:xdc_runtime_System_Module_GateProxy_leave__E)
                  0000af74    00000002     water_sensor_wireless_comm_pem3.oem3 (.text:ti_uia_loggers_LoggerStopMode_setFilterLevel__E)
                  0000af76    00000002     ti.uia.loggers.aem3 : LoggerStopMode.oem3 (.text:ti_uia_loggers_LoggerStopMode_setPriority__E)
                  0000af78    00000002     sysbios.aem3 : BIOS.obj (.text:xdc_runtime_Error_policySpin__E)
                  0000af7a    00000002                  : BIOS.obj (.text:xdc_runtime_System_abortSpin__E)
                  0000af7c    00000002                  : BIOS.obj (.text:xdc_runtime_System_exitSpin__E)

.const     0    0000af80    00003dd2     
                  0000af80    0000073c     smartrf_settings_predefined.obj (.const:patchGenookMce)
                  0000b6bc    000006b4     smartrf_settings.obj (.const:patchGenfskRfe)
                  0000bd70    000006b4     smartrf_settings_predefined.obj (.const:patchGenfskRfe)
                  0000c424    000006b4     smartrf_settings_predefined.obj (.const:patchLrmRfe)
                  0000cad8    000006a4     smartrf_settings_predefined.obj (.const:patchGenookRfe)
                  0000d17c    00000504     smartrf_settings_predefined.obj (.const:patchHsp4mbpsRfe)
                  0000d680    000003f0     smartrf_settings_predefined.obj (.const:patchHsp4mbpsMce)
                  0000da70    0000028c     smartrf_settings.obj (.const:patchImageGenfsk)
                  0000dcfc    0000028c     smartrf_settings_predefined.obj (.const:patchImageGenfsk)
                  0000df88    0000028c     smartrf_settings_predefined.obj (.const:patchImageGenook)
                  0000e214    0000028c     smartrf_settings_predefined.obj (.const:patchImageLrm)
                  0000e4a0    00000101     rtsv7M3_T_le_eabi.lib : ctype.obj (.const:.string:_ctypes_)
                  0000e5a1    00000001     smartrf_settings_predefined.obj (.const)
                  0000e5a2    00000002     water_sensor_wireless_comm_pem3.oem3 (.const:ti_sysbios_family_arm_cc26xx_TimestampProvider_useClockTimer__C)
                  0000e5a4    00000098     RF_Com.obj (.const:$P$T1$2)
                  0000e63c    00000060     water_sensor_wireless_comm_pem3.oem3 (.const:ti_uia_loggers_LoggerStopMode_Module__FXNS__C)
                  0000e69c    0000004c     CC1310DK_7XD.obj (.const:BoardGpioInitTable)
                  0000e6e8    0000004c     drivers_cc13xxware.aem3 : PowerCC26XX.oem3 (.const:resourceDB)
                  0000e734    00000048     water_sensor_wireless_comm_pem3.oem3 (.const:.string)
                  0000e77c    00000040     drivers_cc13xxware.aem3 : UARTCC26XX.oem3 (.const)
                  0000e7bc    00000040     smartrf_settings_predefined.obj (.const:rfPowerTable)
                  0000e7fc    0000003c     water_sensor_wireless_comm_pem3.oem3 (.const:ti_sysbios_knl_Task_Object__PARAMS__C)
                  0000e838    00000030     water_sensor_wireless_comm_pem3.oem3 (.const:ti_sysbios_family_arm_m3_Hwi_Object__PARAMS__C)
                  0000e868    00000028     drivers_cc13xxware.aem3 : UARTCC26XX.oem3 (.const:UARTCC26XX_fxnTable)
                  0000e890    00000028     water_sensor_wireless_comm_pem3.oem3 (.const:ti_sysbios_heaps_HeapMem_Module__FXNS__C)
                  0000e8b8    00000028     water_sensor_wireless_comm_pem3.oem3 (.const:ti_sysbios_knl_Swi_Object__PARAMS__C)
                  0000e8e0    00000028     water_sensor_wireless_comm_pem3.oem3 (.const:ti_uia_loggers_LoggerStopMode_Object__PARAMS__C)
                  0000e908    00000028     water_sensor_wireless_comm_pem3.oem3 (.const:xdc_runtime_Startup_sfxnTab__A)
                  0000e930    00000024     drivers_cc13xxware.aem3 : UART.oem3 (.const:UART_defaultParams)
                  0000e954    00000024     water_sensor_wireless_comm_pem3.oem3 (.const:ti_sysbios_gates_GateHwi_Module__FXNS__C)
                  0000e978    00000024     water_sensor_wireless_comm_pem3.oem3 (.const:ti_sysbios_gates_GateMutex_Module__FXNS__C)
                  0000e99c    00000024     water_sensor_wireless_comm_pem3.oem3 (.const:ti_sysbios_heaps_HeapMem_Object__PARAMS__C)
                  0000e9c0    00000024     water_sensor_wireless_comm_pem3.oem3 (.const:ti_sysbios_knl_Clock_Object__PARAMS__C)
                  0000e9e4    00000024     water_sensor_wireless_comm_pem3.oem3 (.const:ti_sysbios_knl_Semaphore_Object__PARAMS__C)
                  0000ea08    00000020     water_sensor_wireless_comm_pem3.oem3 (.const:ti_sysbios_family_arm_m3_Hwi_Object__DESC__C)
                  0000ea28    00000020     water_sensor_wireless_comm_pem3.oem3 (.const:ti_sysbios_gates_GateHwi_Object__DESC__C)
                  0000ea48    00000020     water_sensor_wireless_comm_pem3.oem3 (.const:ti_sysbios_gates_GateMutex_Object__DESC__C)
                  0000ea68    00000020     water_sensor_wireless_comm_pem3.oem3 (.const:ti_sysbios_heaps_HeapMem_Object__DESC__C)
                  0000ea88    00000020     water_sensor_wireless_comm_pem3.oem3 (.const:ti_sysbios_knl_Clock_Object__DESC__C)
                  0000eaa8    00000020     water_sensor_wireless_comm_pem3.oem3 (.const:ti_sysbios_knl_Queue_Object__DESC__C)
                  0000eac8    00000020     water_sensor_wireless_comm_pem3.oem3 (.const:ti_sysbios_knl_Semaphore_Object__DESC__C)
                  0000eae8    00000020     water_sensor_wireless_comm_pem3.oem3 (.const:ti_sysbios_knl_Swi_Object__DESC__C)
                  0000eb08    00000020     water_sensor_wireless_comm_pem3.oem3 (.const:ti_sysbios_knl_Task_Object__DESC__C)
                  0000eb28    00000020     water_sensor_wireless_comm_pem3.oem3 (.const:ti_uia_loggers_LoggerStopMode_Object__DESC__C)
                  0000eb48    00000020     CC1310DK_7XD.obj (.const:uartCC26XXHWAttrs)
                  0000eb68    00000018     EasyLink.obj (.const:$P$T0$3)
                  0000eb80    00000018     CC1310DK_7XD.obj (.const:UART_config)
                  0000eb98    00000018     water_sensor_wireless_comm_pem3.oem3 (.const:ti_sysbios_gates_GateHwi_Object__PARAMS__C)
                  0000ebb0    00000018     water_sensor_wireless_comm_pem3.oem3 (.const:ti_sysbios_gates_GateMutex_Object__PARAMS__C)
                  0000ebc8    00000018     water_sensor_wireless_comm_pem3.oem3 (.const:ti_sysbios_knl_Queue_Object__PARAMS__C)
                  0000ebe0    00000014     rf_singleMode_cc13xxware.aem3 : RFCC26XX_singleMode.oem3 (.const)
                  0000ebf4    00000014     water_sensor_wireless_comm_pem3.oem3 (.const:xdc_runtime_Startup_sfxnRts__A)
                  0000ec08    00000010     CC1310DK_7XD.obj (.const:PowerCC26XX_config)
                  0000ec18    0000000c     water_sensor_wireless_comm_pem3.oem3 (.const:xdc_runtime_Startup_firstFxns__A)
                  0000ec24    00000008     CC1310DK_7XD.obj (.const:PINCC26XX_hwAttrs)
                  0000ec2c    00000008     water_sensor_wireless_comm_pem3.oem3 (.const:ti_sysbios_knl_Idle_funcList__A)
                  0000ec34    00000008     water_sensor_wireless_comm_pem3.oem3 (.const:ti_sysbios_knl_Idle_funcList__C)
                  0000ec3c    00000008     water_sensor_wireless_comm_pem3.oem3 (.const:xdc_runtime_Startup_firstFxns__C)
                  0000ec44    00000008     water_sensor_wireless_comm_pem3.oem3 (.const:xdc_runtime_Startup_lastFxns__C)
                  0000ec4c    00000004     EasyLink.obj (.const:$P$T1$4)
                  0000ec50    00000004     CC1310DK_7XD.obj (.const:RFCC26XX_hwAttrs)
                  0000ec54    00000004     water_sensor_wireless_comm_pem3.oem3 (.const:ti_sysbios_family_arm_cc26xx_Timer_startupNeeded__C)
                  0000ec58    00000004     water_sensor_wireless_comm_pem3.oem3 (.const:ti_sysbios_family_arm_m3_Hwi_E_alreadyDefined__C)
                  0000ec5c    00000004     water_sensor_wireless_comm_pem3.oem3 (.const:ti_sysbios_family_arm_m3_Hwi_NUM_INTERRUPTS__C)
                  0000ec60    00000004     water_sensor_wireless_comm_pem3.oem3 (.const:ti_sysbios_family_arm_m3_Hwi_Object__count__C)
                  0000ec64    00000004     water_sensor_wireless_comm_pem3.oem3 (.const:ti_sysbios_family_arm_m3_Hwi_ccr__C)
                  0000ec68    00000004     water_sensor_wireless_comm_pem3.oem3 (.const:ti_sysbios_family_arm_m3_Hwi_excHandlerFunc__C)
                  0000ec6c    00000004     water_sensor_wireless_comm_pem3.oem3 (.const:ti_sysbios_family_arm_m3_Hwi_nullIsrFunc__C)
                  0000ec70    00000004     water_sensor_wireless_comm_pem3.oem3 (.const:ti_sysbios_family_arm_m3_Hwi_priGroup__C)
                  0000ec74    00000004     water_sensor_wireless_comm_pem3.oem3 (.const:ti_sysbios_family_arm_m3_TaskSupport_stackAlignment__C)
                  0000ec78    00000004     water_sensor_wireless_comm_pem3.oem3 (.const:ti_sysbios_gates_GateMutex_Instance_State_sem__O)
                  0000ec7c    00000004     water_sensor_wireless_comm_pem3.oem3 (.const:ti_sysbios_heaps_HeapMem_E_memory__C)
                  0000ec80    00000004     water_sensor_wireless_comm_pem3.oem3 (.const:ti_sysbios_heaps_HeapMem_Module__gateObj__C)
                  0000ec84    00000004     water_sensor_wireless_comm_pem3.oem3 (.const:ti_sysbios_heaps_HeapMem_Object__count__C)
                  0000ec88    00000004     water_sensor_wireless_comm_pem3.oem3 (.const:ti_sysbios_heaps_HeapMem_reqAlign__C)
                  0000ec8c    00000004     water_sensor_wireless_comm_pem3.oem3 (.const:ti_sysbios_knl_Clock_Module_State_clockQ__O)
                  0000ec90    00000004     water_sensor_wireless_comm_pem3.oem3 (.const:ti_sysbios_knl_Clock_tickPeriod__C)
                  0000ec94    00000004     water_sensor_wireless_comm_pem3.oem3 (.const:ti_sysbios_knl_Clock_triggerClock__C)
                  0000ec98    00000004     water_sensor_wireless_comm_pem3.oem3 (.const:ti_sysbios_knl_Semaphore_Instance_State_pendQ__O)
                  0000ec9c    00000004     water_sensor_wireless_comm_pem3.oem3 (.const:ti_sysbios_knl_Swi_Object__count__C)
                  0000eca0    00000004     water_sensor_wireless_comm_pem3.oem3 (.const:ti_sysbios_knl_Task_E_spOutOfBounds__C)
                  0000eca4    00000004     water_sensor_wireless_comm_pem3.oem3 (.const:ti_sysbios_knl_Task_E_stackOverflow__C)
                  0000eca8    00000004     water_sensor_wireless_comm_pem3.oem3 (.const:ti_sysbios_knl_Task_Module_State_inactiveQ__O)
                  0000ecac    00000004     water_sensor_wireless_comm_pem3.oem3 (.const:ti_sysbios_knl_Task_Object__count__C)
                  0000ecb0    00000004     water_sensor_wireless_comm_pem3.oem3 (.const:ti_sysbios_knl_Task_allBlockedFunc__C)
                  0000ecb4    00000004     water_sensor_wireless_comm_pem3.oem3 (.const:ti_sysbios_knl_Task_defaultStackHeap__C)
                  0000ecb8    00000004     water_sensor_wireless_comm_pem3.oem3 (.const:ti_sysbios_knl_Task_defaultStackSize__C)
                  0000ecbc    00000004     water_sensor_wireless_comm_pem3.oem3 (.const:ti_sysbios_knl_Task_numConstructedTasks__C)
                  0000ecc0    00000004     water_sensor_wireless_comm_pem3.oem3 (.const:ti_sysbios_utils_Load_postUpdate__C)
                  0000ecc4    00000004     water_sensor_wireless_comm_pem3.oem3 (.const:ti_sysbios_utils_Load_windowInMs__C)
                  0000ecc8    00000004     water_sensor_wireless_comm_pem3.oem3 (.const:ti_uia_loggers_LoggerStopMode_Module__diagsEnabled__C)
                  0000eccc    00000004     water_sensor_wireless_comm_pem3.oem3 (.const:ti_uia_loggers_LoggerStopMode_Module__diagsIncluded__C)
                  0000ecd0    00000004     water_sensor_wireless_comm_pem3.oem3 (.const:ti_uia_loggers_LoggerStopMode_Module__diagsMask__C)
                  0000ecd4    00000004     water_sensor_wireless_comm_pem3.oem3 (.const:ti_uia_loggers_LoggerStopMode_Object__count__C)
                  0000ecd8    00000004     water_sensor_wireless_comm_pem3.oem3 (.const:ti_uia_runtime_ILoggerSnapshot_Interface__BASE__C)
                  0000ecdc    00000004     water_sensor_wireless_comm_pem3.oem3 (.const:ti_uia_runtime_IUIATransfer_Interface__BASE__C)
                  0000ece0    00000004     water_sensor_wireless_comm_pem3.oem3 (.const:xdc_runtime_Assert_E_assertFailed__C)
                  0000ece4    00000004     water_sensor_wireless_comm_pem3.oem3 (.const:xdc_runtime_Error_E_memory__C)
                  0000ece8    00000004     water_sensor_wireless_comm_pem3.oem3 (.const:xdc_runtime_Error_policyFxn__C)
                  0000ecec    00000004     water_sensor_wireless_comm_pem3.oem3 (.const:xdc_runtime_IFilterLogger_Interface__BASE__C)
                  0000ecf0    00000004     water_sensor_wireless_comm_pem3.oem3 (.const:xdc_runtime_IGateProvider_Interface__BASE__C)
                  0000ecf4    00000004     water_sensor_wireless_comm_pem3.oem3 (.const:xdc_runtime_IHeap_Interface__BASE__C)
                  0000ecf8    00000004     water_sensor_wireless_comm_pem3.oem3 (.const:xdc_runtime_ILogger_Interface__BASE__C)
                  0000ecfc    00000004     water_sensor_wireless_comm_pem3.oem3 (.const:xdc_runtime_IModule_Interface__BASE__C)
                  0000ed00    00000004     water_sensor_wireless_comm_pem3.oem3 (.const:xdc_runtime_Memory_defaultHeapInstance__C)
                  0000ed04    00000004     water_sensor_wireless_comm_pem3.oem3 (.const:xdc_runtime_Startup_execImpl__C)
                  0000ed08    00000004     water_sensor_wireless_comm_pem3.oem3 (.const:xdc_runtime_Startup_maxPasses__C)
                  0000ed0c    00000004     water_sensor_wireless_comm_pem3.oem3 (.const:xdc_runtime_Startup_sfxnRts__C)
                  0000ed10    00000004     water_sensor_wireless_comm_pem3.oem3 (.const:xdc_runtime_Startup_sfxnTab__C)
                  0000ed14    00000004     water_sensor_wireless_comm_pem3.oem3 (.const:xdc_runtime_SysMin_bufSize__C)
                  0000ed18    00000004     water_sensor_wireless_comm_pem3.oem3 (.const:xdc_runtime_SysMin_outputFunc__C)
                  0000ed1c    00000004     water_sensor_wireless_comm_pem3.oem3 (.const:xdc_runtime_System_Module__gateObj__C)
                  0000ed20    00000004     water_sensor_wireless_comm_pem3.oem3 (.const:xdc_runtime_System_abortFxn__C)
                  0000ed24    00000004     water_sensor_wireless_comm_pem3.oem3 (.const:xdc_runtime_System_exitFxn__C)
                  0000ed28    00000004     water_sensor_wireless_comm_pem3.oem3 (.const:xdc_runtime_System_maxAtexitHandlers__C)
                  0000ed2c    00000004     water_sensor_wireless_comm_pem3.oem3 (.const:xdc_runtime_Text_charTab__C)
                  0000ed30    00000004     water_sensor_wireless_comm_pem3.oem3 (.const:xdc_runtime_Text_nameEmpty__C)
                  0000ed34    00000004     water_sensor_wireless_comm_pem3.oem3 (.const:xdc_runtime_Text_nameStatic__C)
                  0000ed38    00000004     water_sensor_wireless_comm_pem3.oem3 (.const:xdc_runtime_Text_nameUnknown__C)
                  0000ed3c    00000002     water_sensor_wireless_comm_pem3.oem3 (.const:ti_sysbios_family_arm_m3_Hwi_Module__id__C)
                  0000ed3e    00000002     water_sensor_wireless_comm_pem3.oem3 (.const:ti_sysbios_heaps_HeapMem_Module__id__C)
                  0000ed40    00000002     water_sensor_wireless_comm_pem3.oem3 (.const:ti_sysbios_knl_Task_Module__id__C)
                  0000ed42    00000002     water_sensor_wireless_comm_pem3.oem3 (.const:ti_sysbios_utils_Load_updateInIdle__C)
                  0000ed44    00000002     water_sensor_wireless_comm_pem3.oem3 (.const:ti_uia_loggers_LoggerStopMode_Module__id__C)
                  0000ed46    00000002     water_sensor_wireless_comm_pem3.oem3 (.const:ti_uia_loggers_LoggerStopMode_isTimestampEnabled__C)
                  0000ed48    00000002     water_sensor_wireless_comm_pem3.oem3 (.const:xdc_runtime_Memory_Module__id__C)
                  0000ed4a    00000002     water_sensor_wireless_comm_pem3.oem3 (.const:xdc_runtime_SysMin_flushAtExit__C)
                  0000ed4c    00000002     water_sensor_wireless_comm_pem3.oem3 (.const:xdc_runtime_Text_charCnt__C)
                  0000ed4e    00000002     water_sensor_wireless_comm_pem3.oem3 (.const:xdc_runtime_Text_isLoaded__C)
                  0000ed50    00000001     water_sensor_wireless_comm_pem3.oem3 (.const:xdc_runtime_Error_policy__C)
                  0000ed51    00000001     water_sensor_wireless_comm_pem3.oem3 (.const:xdc_runtime_Text_charTab__A)

.cinit     0    0000ed58    00000410     
                  0000ed58    000003e9     (.cinit..data.load) [load image, compression = lzss]
                  0000f141    00000003     --HOLE-- [fill = 0]
                  0000f144    0000000c     (__TI_handler_table)
                  0000f150    00000008     (.cinit..bss.load) [load image, compression = zero_init]
                  0000f158    00000010     (__TI_cinit_table)

.init_array 
*          0    00000000    00000000     UNINITIALIZED

.ccfg      0    0001ffa8    00000058     
                  0001ffa8    00000058     ccfg.obj (.ccfg:retain)

.bss       0    20000100    00002871     UNINITIALIZED
                  20000100    00000800     main.obj (.bss:taskStack)
                  20000900    00000800     water_sensor_wireless_comm_pem3.oem3 (.bss:taskStackSection)
                  20001100    00000400     (.common:ti_sysbios_heaps_HeapMem_Instance_State_0_buf__A)
                  20001500    00000400     (.common:ti_uia_loggers_LoggerStopMode_Instance_State_1_packetArray__A)
                  20001900    00000400     (.common:ti_uia_loggers_LoggerStopMode_Instance_State_2_packetArray__A)
                  20001d00    00000200     (.common:ti_uia_loggers_LoggerStopMode_Instance_State_0_packetArray__A)
                  20001f00    0000012c     (.common:uartCC26XXObjects)
                  2000202c    00000120     rtsv7M3_T_le_eabi.lib : trgmsg.obj (.bss:_CIOBUF_)
                  2000214c    00000004     ToServer_Com.obj (.bss)
                  20002150    00000100     rf_singleMode_cc13xxware.aem3 : RFCC26XX_singleMode.oem3 (.bss:aCmdPool)
                  20002250    000000c8     (.common:ti_sysbios_family_arm_m3_Hwi_dispatchTable)
                  20002318    000000c0     EasyLink.obj (.bss:rfObject)
                  200023d8    000000a0     (.common:__TI_tmpnams)
                  20002478    00000098     EasyLink.obj (.bss:rxBuffer)
                  20002510    00000080     (.common:xdc_runtime_SysMin_Module_State_0_outbuf__A)
                  20002590    0000007c     drivers_cc13xxware.aem3 : PINCC26XX.oem3 (.bss:PIN_HandleTable)
                  2000260c    00000034                             : PINCC26XX.oem3 (.bss:PinSwi)
                  20002640    00000034     rf_singleMode_cc13xxware.aem3 : RFCC26XX_singleMode.oem3 (.bss:swiFsm)
                  20002674    00000034                                   : RFCC26XX_singleMode.oem3 (.bss:swiHw)
                  200026a8    00000030     EasyLink.obj (.bss:EasyLink_cmdPropRxAdv)
                  200026d8    00000028     EasyLink.obj (.bss:EasyLink_cmdPropRadioSetup)
                  20002700    00000030     (.common:ti_uia_loggers_LoggerStopMode_Instance_State_0_hdr__A)
                  20002730    00000024     rf_singleMode_cc13xxware.aem3 : RFCC26XX_singleMode.oem3 (.bss:clkPowerUp)
                  20002754    00000020     (.common:PinGpioConfigTable)
                  20002774    0000000c     EasyLink.obj (.bss:rxStatistics)
                  20002780    00000030     (.common:ti_uia_loggers_LoggerStopMode_Instance_State_1_hdr__A)
                  200027b0    00000020     (.common:uartCC26XXRingBuffer)
                  200027d0    0000001c     (.common:PinHwi)
                  200027ec    00000014     driverlib.lib : osc.obj (.bss:oscHfGlobals)
                  20002800    00000030     (.common:ti_uia_loggers_LoggerStopMode_Instance_State_2_hdr__A)
                  20002830    0000001c     (.common:PinSem)
                  2000284c    0000001c     (.common:hwiCpe0)
                  20002868    0000001c     (.common:hwiHw)
                  20002884    00000018     EasyLink.obj (.bss:EasyLink_cmdFs)
                  2000289c    00000018     EasyLink.obj (.bss:EasyLink_cmdPropTx)
                  200028b4    00000018     (.common:cmdDirImm)
                  200028cc    00000014     EasyLink.obj (.bss:rfParams)
                  200028e0    00000014     (.common:cmdQ)
                  200028f4    00000014     (.common:opRatSync)
                  20002908    00000010     EasyLink.obj (.bss)
                  20002918    00000010     EasyLink.obj (.bss:EasyLink_RF_prop)
                  20002928    00000008     EasyLink.obj (.bss:dataQueue)
                  20002930    00000008     rtsv7M3_T_le_eabi.lib : trgdrv.obj (.bss:parmbuf)
                  20002938    00000008     driverlib.lib : sys_ctrl.obj (.bss:powerQualGlobals)
[...]
0000af2d  ti_sysbios_knl_Clock_destruct                                   
0000af31  ti_sysbios_knl_Clock_removeI__E                                 
0000af35  ti_sysbios_knl_Clock_setTimeout__E                              
0000af39  ti_sysbios_knl_Queue_destruct                                   
0000af3d  ti_sysbios_knl_Queue_head__E                                    
0000af41  ti_sysbios_knl_Queue_next__E                                    
0000af45  ti_sysbios_knl_Semaphore_destruct                               
0000af49  ti_sysbios_knl_Swi_destruct                                     
0000af4d  ti_sysbios_knl_Swi_postInit__I                                  
0000af51  ti_sysbios_knl_Task_startup__E                                  
0000af55  ti_uia_loggers_LoggerStopMode_getContents__E                    
0000af59  ti_uia_loggers_LoggerStopMode_getFilterLevel__E                 
0000af5d  ti_uia_loggers_LoggerStopMode_getInstanceId__E                  
0000af61  ti_uia_loggers_LoggerStopMode_getMaxLength__E                   
0000af65  ti_uia_loggers_LoggerStopMode_getPriority__E                    
0000af69  ti_uia_loggers_LoggerStopMode_getTransferType__E                
0000af6d  xdc_runtime_System_Module_GateProxy_enter__E                    
0000af71  xdc_runtime_System_Module_GateProxy_leave__E                    
0000af75  ti_uia_loggers_LoggerStopMode_setFilterLevel__E                 
0000af77  ti_uia_loggers_LoggerStopMode_setPriority__E                    
0000af79  xdc_runtime_Error_policySpin__E                                 
0000af7b  xdc_runtime_System_abortSpin__E                                 
0000af7d  xdc_runtime_System_exitSpin__E                                  
0000e4a0  _ctypes_                                                        
0000e5a1  rfPowerTableSize                                                
0000e5a2  ti_sysbios_family_arm_cc26xx_TimestampProvider_useClockTimer__C 
0000e63c  ti_uia_loggers_LoggerStopMode_Module__FXNS__C                   
0000e69c  BoardGpioInitTable                                              
0000e6e8  resourceDB                                                      
0000e7bc  rfPowerTable                                                    
0000e7fc  ti_sysbios_knl_Task_Object__PARAMS__C                           
0000e838  ti_sysbios_family_arm_m3_Hwi_Object__PARAMS__C                  
0000e868  UARTCC26XX_fxnTable                                             
0000e890  ti_sysbios_heaps_HeapMem_Module__FXNS__C                        
0000e8b8  ti_sysbios_knl_Swi_Object__PARAMS__C                            
0000e8e0  ti_uia_loggers_LoggerStopMode_Object__PARAMS__C                 
0000e908  xdc_runtime_Startup_sfxnTab__A                                  
0000e930  UART_defaultParams                                              
0000e954  ti_sysbios_gates_GateHwi_Module__FXNS__C                        
0000e978  ti_sysbios_gates_GateMutex_Module__FXNS__C                      
0000e99c  ti_sysbios_heaps_HeapMem_Object__PARAMS__C                      
0000e9c0  ti_sysbios_knl_Clock_Object__PARAMS__C                          
0000e9e4  ti_sysbios_knl_Semaphore_Object__PARAMS__C                      
0000ea08  ti_sysbios_family_arm_m3_Hwi_Object__DESC__C                    
0000ea28  ti_sysbios_gates_GateHwi_Object__DESC__C                        
0000ea48  ti_sysbios_gates_GateMutex_Object__DESC__C                      
0000ea68  ti_sysbios_heaps_HeapMem_Object__DESC__C                        
0000ea88  ti_sysbios_knl_Clock_Object__DESC__C                            
0000eaa8  ti_sysbios_knl_Queue_Object__DESC__C                            
0000eac8  ti_sysbios_knl_Semaphore_Object__DESC__C                        
0000eae8  ti_sysbios_knl_Swi_Object__DESC__C                              
0000eb08  ti_sysbios_knl_Task_Object__DESC__C                             
0000eb28  ti_uia_loggers_LoggerStopMode_Object__DESC__C                   
0000eb48  uartCC26XXHWAttrs                                               
0000eb80  UART_config                                                     
0000eb98  ti_sysbios_gates_GateHwi_Object__PARAMS__C                      
0000ebb0  ti_sysbios_gates_GateMutex_Object__PARAMS__C                    
0000ebc8  ti_sysbios_knl_Queue_Object__PARAMS__C                          
0000ebf4  xdc_runtime_Startup_sfxnRts__A                                  
0000ec08  PowerCC26XX_config                                              
0000ec18  xdc_runtime_Startup_firstFxns__A                                
0000ec24  PINCC26XX_hwAttrs                                               
0000ec2c  ti_sysbios_knl_Idle_funcList__A                                 
0000ec34  ti_sysbios_knl_Idle_funcList__C                                 
0000ec3c  xdc_runtime_Startup_firstFxns__C                                
0000ec44  xdc_runtime_Startup_lastFxns__C                                 
0000ec50  RFCC26XX_hwAttrs                                                
0000ec54  ti_sysbios_family_arm_cc26xx_Timer_startupNeeded__C             
0000ec58  ti_sysbios_family_arm_m3_Hwi_E_alreadyDefined__C                
0000ec5c  ti_sysbios_family_arm_m3_Hwi_NUM_INTERRUPTS__C                  
0000ec60  ti_sysbios_family_arm_m3_Hwi_Object__count__C                   
0000ec64  ti_sysbios_family_arm_m3_Hwi_ccr__C                             
0000ec68  ti_sysbios_family_arm_m3_Hwi_excHandlerFunc__C                  
0000ec6c  ti_sysbios_family_arm_m3_Hwi_nullIsrFunc__C                     
0000ec70  ti_sysbios_family_arm_m3_Hwi_priGroup__C                        
0000ec74  ti_sysbios_family_arm_m3_TaskSupport_stackAlignment__C          
0000ec78  ti_sysbios_gates_GateMutex_Instance_State_sem__O                
0000ec7c  ti_sysbios_heaps_HeapMem_E_memory__C                            
0000ec80  ti_sysbios_heaps_HeapMem_Module__gateObj__C                     
0000ec84  ti_sysbios_heaps_HeapMem_Object__count__C                       
0000ec88  ti_sysbios_heaps_HeapMem_reqAlign__C                            
0000ec8c  ti_sysbios_knl_Clock_Module_State_clockQ__O                     
0000ec90  ti_sysbios_knl_Clock_tickPeriod__C                              
0000ec94  ti_sysbios_knl_Clock_triggerClock__C                            
0000ec98  ti_sysbios_knl_Semaphore_Instance_State_pendQ__O                
0000ec9c  ti_sysbios_knl_Swi_Object__count__C                             
0000eca0  ti_sysbios_knl_Task_E_spOutOfBounds__C                          
0000eca4  ti_sysbios_knl_Task_E_stackOverflow__C                          
0000eca8  ti_sysbios_knl_Task_Module_State_inactiveQ__O                   
0000ecac  ti_sysbios_knl_Task_Object__count__C                            
0000ecb0  ti_sysbios_knl_Task_allBlockedFunc__C                           
0000ecb4  ti_sysbios_knl_Task_defaultStackHeap__C                         
0000ecb8  ti_sysbios_knl_Task_defaultStackSize__C                         
0000ecbc  ti_sysbios_knl_Task_numConstructedTasks__C                      
0000ecc0  ti_sysbios_utils_Load_postUpdate__C                             
0000ecc4  ti_sysbios_utils_Load_windowInMs__C                             
0000ecc8  ti_uia_loggers_LoggerStopMode_Module__diagsEnabled__C           
0000eccc  ti_uia_loggers_LoggerStopMode_Module__diagsIncluded__C          
0000ecd0  ti_uia_loggers_LoggerStopMode_Module__diagsMask__C              
0000ecd4  ti_uia_loggers_LoggerStopMode_Object__count__C                  
0000ecd8  ti_uia_runtime_ILoggerSnapshot_Interface__BASE__C               
0000ecdc  ti_uia_runtime_IUIATransfer_Interface__BASE__C                  
0000ece0  xdc_runtime_Assert_E_assertFailed__C                            
0000ece4  xdc_runtime_Error_E_memory__C                                   
0000ece8  xdc_runtime_Error_policyFxn__C                                  
0000ecec  xdc_runtime_IFilterLogger_Interface__BASE__C                    
0000ecf0  xdc_runtime_IGateProvider_Interface__BASE__C                    
0000ecf4  xdc_runtime_IHeap_Interface__BASE__C                            
0000ecf8  xdc_runtime_ILogger_Interface__BASE__C                          
0000ecfc  xdc_runtime_IModule_Interface__BASE__C                          
0000ed00  xdc_runtime_Memory_defaultHeapInstance__C                       
0000ed04  xdc_runtime_Startup_execImpl__C                                 
0000ed08  xdc_runtime_Startup_maxPasses__C                                
0000ed0c  xdc_runtime_Startup_sfxnRts__C                                  
0000ed10  xdc_runtime_Startup_sfxnTab__C                                  
0000ed14  xdc_runtime_SysMin_bufSize__C                                   
0000ed18  xdc_runtime_SysMin_outputFunc__C                                
0000ed1c  xdc_runtime_System_Module__gateObj__C                           
0000ed20  xdc_runtime_System_abortFxn__C                                  
0000ed24  xdc_runtime_System_exitFxn__C                                   
0000ed28  xdc_runtime_System_maxAtexitHandlers__C                         
0000ed2c  xdc_runtime_Text_charTab__C                                     
0000ed30  xdc_runtime_Text_nameEmpty__C                                   
0000ed34  xdc_runtime_Text_nameStatic__C                                  
0000ed38  xdc_runtime_Text_nameUnknown__C                                 
0000ed3c  ti_sysbios_family_arm_m3_Hwi_Module__id__C                      
0000ed3e  ti_sysbios_heaps_HeapMem_Module__id__C                          
0000ed40  ti_sysbios_knl_Task_Module__id__C                               
0000ed42  ti_sysbios_utils_Load_updateInIdle__C                           
0000ed44  ti_uia_loggers_LoggerStopMode_Module__id__C                     
0000ed46  ti_uia_loggers_LoggerStopMode_isTimestampEnabled__C             
0000ed48  xdc_runtime_Memory_Module__id__C                                
0000ed4a  xdc_runtime_SysMin_flushAtExit__C                               
0000ed4c  xdc_runtime_Text_charCnt__C                                     
0000ed4e  xdc_runtime_Text_isLoaded__C                                    
0000ed50  xdc_runtime_Error_policy__C                                     
0000ed51  xdc_runtime_Text_charTab__A                                     
0000ed58  __TI_static_base__                                              
0000f144  __TI_Handler_Table_Base                                         
0000f150  __TI_Handler_Table_Limit                                        
0000f158  __TI_CINIT_Base                                                 
0000f168  __TI_CINIT_Limit                                                
0001ffa8  __ccfg                                                          
20000000  ti_sysbios_family_arm_m3_Hwi_ramVectors                         
20000900  ti_sysbios_knl_Task_Instance_State_0_stack__A                   
20001100  ti_sysbios_heaps_HeapMem_Instance_State_0_buf__A                
20001500  ti_uia_loggers_LoggerStopMode_Instance_State_1_packetArray__A   
20001900  ti_uia_loggers_LoggerStopMode_Instance_State_2_packetArray__A   
20001d00  ti_uia_loggers_LoggerStopMode_Instance_State_0_packetArray__A   
20001f00  uartCC26XXObjects                                               
2000202c  __CIOBUF_                                                       
20002250  ti_sysbios_family_arm_m3_Hwi_dispatchTable                      
200023d8  __TI_tmpnams                                                    
20002510  xdc_runtime_SysMin_Module_State_0_outbuf__A                     
20002590  PIN_HandleTable                                                 
20002700  ti_uia_loggers_LoggerStopMode_Instance_State_0_hdr__A           
20002780  ti_uia_loggers_LoggerStopMode_Instance_State_1_hdr__A           
200027b0  uartCC26XXRingBuffer                                            
20002800  ti_uia_loggers_LoggerStopMode_Instance_State_2_hdr__A           
20002940  PIN_NumPins                                                     
20002960  taskHandle                                                      
2000296c  driverlib_release_0_47020                                       
20002978  PowerCC26XX_module                                              
20002a88  _ftable                                                         
20002c48  ti_uia_loggers_LoggerStopMode_Object__table__V                  
20002ce4  ti_sysbios_utils_Load_Module__state__V                          
20002d7c  ti_sysbios_knl_Task_Module_State_0_readyQ__A                    
20002dfc  pOverrides_hsm                                                  
20002e5c  pOverrides_lrm                                                  
20002eb8  pOverrides_ook                                                  
20002f6c  pOverrides_fsk                                                  
20002fc4  ti_sysbios_knl_Task_Object__table__V                            
20003010  ti_sysbios_family_arm_cc26xx_Timer_Object__table__V             
20003058  ti_sysbios_knl_Task_Module__state__V                            
2000309c  RF_pProp_fsk                                                    
200030a0  RF_pProp_lrm                                                    
200030a4  RF_pProp_ook                                                    
200030a8  RF_pProp_hsm                                                    
200030ac  RF_pProp_2_4G_fsk                                               
200030b0  RF_pCmdPropRadioDivSetup_fsk                                    
200030b4  RF_pCmdPropRadioDivSetup_lrm                                    
200030b8  RF_pCmdPropRadioDivSetup_ook                                    
200030bc  RF_pCmdRadioSetup_hsm                                           
200030c0  RF_pCmdPropRadioSetup_2_4G_fsk                                  
200030c4  RF_pCmdTxHS                                                     
200030c8  RF_pCmdRxHS                                                     
200030cc  RF_pCmdFs_preDef                                                
200030d0  RF_pCmdPropTx_preDef                                            
200030d4  RF_pCmdPropRxAdv_preDef                                         
200030d8  ti_sysbios_gates_GateMutex_Object__table__V                     
20003110  ti_sysbios_family_arm_m3_Hwi_Module__state__V                   
20003144  RF_cmdPropRxAdv_preDef                                          
20003174  ti_sysbios_knl_Swi_Module_State_0_readyQ__A                     
200031a4  ti_sysbios_knl_Swi_Object__table__V                             
200031d4  ti_sysbios_knl_Clock_Module__state__V                           
20003200  RF_cmdPropRadioDivSetup                                         
20003228  RF_cmdPropRadioDivSetup_fsk                                     
20003250  RF_cmdPropRadioDivSetup_lrm                                     
20003278  RF_cmdPropRadioDivSetup_ook                                     
200032a0  RF_cmdRxHS                                                      
200032c4  ti_sysbios_BIOS_Module__state__V                                
200032e8  ti_sysbios_knl_Clock_Object__table__V                           
20003308  ti_sysbios_knl_Swi_Module__state__V                             
20003324  RF_cmdFs                                                        
2000333c  RF_cmdFs_preDef                                                 
20003354  RF_cmdPropTx                                                    
2000336c  RF_cmdPropTx_preDef                                             
20003384  RF_cmdRadioSetup_hsm                                            
200033b4  shapeovr                                                        
200033cc  ti_sysbios_family_arm_m3_Hwi_Object__table__V                   
200033e4  ti_sysbios_heaps_HeapMem_Object__table__V                       
200033fc  RF_cmdTxHS                                                      
20003410  RF_prop                                                         
20003420  RF_prop_fsk                                                     
20003430  RF_prop_hsm                                                     
20003440  RF_prop_lrm                                                     
20003450  RF_prop_ook                                                     
20003460  __TI_ft_end                                                     
20003464  __aeabi_stdin                                                   
20003468  __aeabi_stdout                                                  
2000346c  __aeabi_stderr                                                  
20003480  __TI_cleanup_ptr                                                
20003484  __TI_dtors_ptr                                                  
20003488  __TI_enable_exit_profile_output                                 
2000348c  ti_sysbios_knl_Task_Module__root__V                             
20003498  ti_uia_runtime_QueueDescriptor_Module__state__V                 
200034a4  xdc_runtime_SysMin_Module__state__V                             
200034b0  _lock                                                           
200034b4  _unlock                                                         
200034b8  ti_uia_runtime_QueueDescriptor_gPtrToFirstDescriptor            
200034bc  ti_uia_runtime_QueueDescriptor_gUpdateCount                     
200034c0  ti_sysbios_family_arm_cc26xx_Timer_Module__state__V             
200034c8  ti_sysbios_family_arm_m3_Hwi_Module__root__V                    
200034d0  ti_sysbios_gates_GateHwi_Module__root__V                        
200034d8  ti_sysbios_gates_GateMutex_Module__root__V                      
200034e0  ti_sysbios_heaps_HeapMem_Module__root__V                        
200034e8  ti_sysbios_knl_Clock_Module__root__V                            
200034f0  ti_sysbios_knl_Queue_Module__root__V                            
200034f8  ti_sysbios_knl_Semaphore_Module__root__V                        
20003500  ti_sysbios_knl_Swi_Module__root__V                              
20003508  ti_uia_loggers_LoggerStopMode_Module__root__V                   
20003510  xdc_runtime_Startup_Module__state__V                            
20003518  xdc_runtime_System_Module_State_0_atexitHandlers__A             
20003520  xdc_runtime_System_Module__state__V                             
2000352c  errno                                                           
20003534  main_func_sp                                                    
20003538  ti_sysbios_family_arm_cc26xx_TimestampProvider_Module__state__V 
2000353c  ti_sysbios_family_arm_m3_Hwi_Module_State_0_excContext__A       
20003540  ti_sysbios_family_arm_m3_Hwi_Module_State_0_excStack__A         
20003544  ti_sysbios_gates_GateHwi_Object__table__V                       
20003548  ti_sysbios_knl_Task_Module_State_0_idleTask__A                  
2000354c  ti_sysbios_utils_Load_Module_State_0_runningTask__A             
20003550  ti_sysbios_utils_Load_Module_State_0_taskStartTime__A           
20003554  xdc_runtime_Memory_Module__state__V                             
20003558  ti_sysbios_family_arm_m3_Hwi_Module_State_0_excActive__A        
20004d00  __stack                                                         
20005000  __STACK_END                                                     
e000e000  ti_sysbios_family_arm_m3_Hwi_nvic                               
ffffffff  __TI_pprof_out_hndl                                             
ffffffff  __TI_prof_data_size                                             
ffffffff  __TI_prof_data_start                                            
ffffffff  __binit__                                                       
ffffffff  __c_args__                                                      
ffffffff  binit                                                           
UNDEFED   SHT$$INIT_ARRAY$$Base                                           
UNDEFED   SHT$$INIT_ARRAY$$Limit                                          

[778 symbols]
