******************************************************************************
                  TI ARM Linker Unix v16.9.1                   
******************************************************************************
>> Linked Sat Jul 22 11:10:30 2017

OUTPUT FILE NAME:   <water_sensor_wireless_comm.out>
ENTRY POINT SYMBOL: "ResetISR"  address: 00009065


MEMORY CONFIGURATION

         name            origin    length      used     unused   attr    fill
----------------------  --------  ---------  --------  --------  ----  --------
  FLASH                 00000000   00020000  0000f3e4  00010c1c  R  X
  SRAM                  20000000   00005000  0000381b  000017e5  RW X


SEGMENT ALLOCATION MAP

run origin  load origin   length   init length attrs members
----------  ----------- ---------- ----------- ----- -------
00000000    00000000    0000f390   0000f390    r-x
  00000000    00000000    0000003c   0000003c    r-- .resetVecs
  0000003c    0000003c    0000b16e   0000b16e    r-x .text
  0000b1ac    0000b1ac    00003dd2   00003dd2    r-- .const
  0000ef80    0000ef80    00000410   00000410    r-- .cinit
0001ffa8    0001ffa8    00000058   00000058    r--
  0001ffa8    0001ffa8    00000058   00000058    r-- .ccfg
20000100    20000100    0000345a   00000000    rw-
  20000100    20000100    00002871   00000000    rw- .bss
  20002978    20002978    00000be2   00000000    rw- .data
20004d00    20004d00    00000300   00000000    rw-
  20004d00    20004d00    00000300   00000000    rw- .stack


SECTION ALLOCATION MAP

 output                                  attributes/
section   page    origin      length       input sections
--------  ----  ----------  ----------   ----------------
.text      0    0000003c    0000b16e     
                  0000003c    00001102     rtsv7M3_T_le_eabi.lib : _printfi.obj (.text)
                  0000113e    00000002     rf_singleMode_cc13xxware.aem3 : RFCC26XX_singleMode.oem3 (.text:defaultErrCb)
                  00001140    000003b8                                   : RFCC26XX_singleMode.oem3 (.text:fsmActiveState)
                  000014f8    00000348     EasyLink.obj (.text:EasyLink_init)
                  00001840    00000324     rtsv7M3_T_le_eabi.lib : trgdrv.obj (.text)
                  00001b64    0000030c                           : lowlev.obj (.text)
                  00001e70    00000258     EasyLink.obj (.text:EasyLink_receive)
                  000020c8    00000228     driverlib.lib : sys_ctrl.obj (.text:NOROM_SysCtrlSetRechargeBeforePowerDown)
                  000022f0    00000228     drivers_cc13xxware.aem3 : PowerCC26XX.oem3 (.text:Power_sleep)
                  00002518    000001f4     rtsv7M3_T_le_eabi.lib : ull_div_t2.obj (.text)
                  0000270c    000001ec     drivers_cc13xxware.aem3 : PowerCC26XX_calibrateRCOSC.oem3 (.text:calibrateRcoscHf1)
                  000028f8    000001dc     rf_singleMode_cc13xxware.aem3 : RFCC26XX_singleMode.oem3 (.text:RF_postCmd)
                  00002ad4    000001c4     drivers_cc13xxware.aem3 : PINCC26XX.oem3 (.text:PIN_init)
                  00002c98    000001c4     rtsv7M3_T_le_eabi.lib : fopen.obj (.text)
                  00002e5c    000001b6                           : fd_add_t2.obj (.text)
                  00003012    00000002     drivers_cc13xxware.aem3 : PowerCC26XX.oem3 (.text:emptyClockFunc)
                  00003014    000001a4     EasyLink.obj (.text:EasyLink_setRfPwr)
                  000031b8    000001a0     drivers_cc13xxware.aem3 : PowerCC26XX_calibrateRCOSC.oem3 (.text:PowerCC26XX_doCalibrate)
                  00003358    000001a0                             : UARTCC26XX.oem3 (.text:UARTCC26XX_open)
                  000034f8    00000168     rf_singleMode_cc13xxware.aem3 : RFCC26XX_singleMode.oem3 (.text:fsmSetupState)
                  00003660    00000158     RF_Com.obj (.text:RFCom_receivePacket)
                  000037b8    00000150     smartrf_settings_predefined.obj (.text:rf_patch_mce_genook)
                  00003908    00000138     water_sensor_wireless_comm_pem3.oem3 (.text:ti_uia_loggers_LoggerStopMode_writeMemoryRange__E)
                  00003a40    00000136     rtsv7M3_T_le_eabi.lib : fd_div_t2.obj (.text)
                  00003b76    00000002     smartrf_settings.obj (.text:enterGenfskSysPatch)
                  00003b78    00000134     rtsv7M3_T_le_eabi.lib : fputs.obj (.text)
                  00003cac    00000130     driverlib.lib : setup_rom.obj (.text:NOROM_SetupAfterColdResetWakeupFromShutDownCfg3)
                  00003ddc    0000012c     drivers_cc13xxware.aem3 : PowerCC26XX.oem3 (.text:Power_init)
                  00003f08    00000128     rf_singleMode_cc13xxware.aem3 : RFCC26XX_singleMode.oem3 (.text:rf_init)
                  00004030    00000128     smartrf_settings.obj (.text:rf_patch_rfe_genfsk)
                  00004158    00000128     smartrf_settings_predefined.obj (.text:rf_patch_rfe_genfsk)
                  00004280    00000128     smartrf_settings_predefined.obj (.text:rf_patch_rfe_lrm)
                  000043a8    0000011c     drivers_cc13xxware.aem3 : UARTCC26XX.oem3 (.text:UARTCC26XX_read)
                  000044c4    00000118     rf_singleMode_cc13xxware.aem3 : RFCC26XX_singleMode.oem3 (.text:hwiFxnCpe0Active)
                  000045dc    00000114     smartrf_settings_predefined.obj (.text:rf_patch_mce_hsp_4mbps)
                  000046f0    00000110     drivers_cc13xxware.aem3 : UARTCC26XX.oem3 (.text:UARTCC26XX_hwiIntFxn)
                  00004800    0000010c     water_sensor_wireless_comm_pem3.oem3 (.text:ti_uia_loggers_LoggerStopMode_write8__E)
                  0000490c    00000108     rf_singleMode_cc13xxware.aem3 : RFCC26XX_singleMode.oem3 (.text:RF_close)
                  00004a14    000000fc     drivers_cc13xxware.aem3 : UARTCC26XX.oem3 (.text:UARTCC26XX_write)
                  00004b10    000000fc     rtsv7M3_T_le_eabi.lib : fd_mul_t2.obj (.text)
                  00004c0c    000000f8     sysbios.aem3 : BIOS.obj (.text:xdc_runtime_Startup_startMods__I)
                  00004d04    000000f4     water_sensor_wireless_comm_pem3.oem3 (.text:ti_uia_loggers_LoggerStopMode_write4__E)
                  00004df8    000000f0     driverlib.lib : setup_rom.obj (.text:NOROM_SetupAfterColdResetWakeupFromShutDownCfg2)
                  00004ee8    000000e8     water_sensor_wireless_comm_pem3.oem3 (.text:ti_uia_loggers_LoggerStopMode_write1__E)
                  00004fd0    000000e8     water_sensor_wireless_comm_pem3.oem3 (.text:ti_uia_loggers_LoggerStopMode_write2__E)
                  000050b8    000000e0     drivers_cc13xxware.aem3 : PINCC26XX.oem3 (.text:PINCC26XX_setIoCfg)
                  00005198    000000dc     rtsv7M3_T_le_eabi.lib : setvbuf.obj (.text)
                  00005274    000000d8     driverlib.lib : rfc.obj (.text:NOROM_RFCRTrim)
                  0000534c    000000d8     smartrf_settings_predefined.obj (.text:rf_patch_rfe_genook)
                  00005424    000000d8     smartrf_settings_predefined.obj (.text:rf_patch_rfe_hsp_4mbps)
                  000054fc    000000d8     water_sensor_wireless_comm_pem3.oem3 (.text:ti_uia_loggers_LoggerStopMode_write0__E)
                  000055d4    000000d4     driverlib.lib : rfc.obj (.text:NOROM_RFCRfTrimRead)
                  000056a8    000000d4     power_cc13xx_tirtos.aem3 : PowerCC26XX_tirtos.oem3 (.text:PowerCC26XX_standbyPolicy)
                  0000577c    000000d4     drivers_cc13xxware.aem3 : PowerCC26XX.oem3 (.text:Power_releaseDependency)
                  00005850    000000d0                             : PowerCC26XX.oem3 (.text:Power_setDependency)
                  00005920    000000d0     rtsv7M3_T_le_eabi.lib : s_scalbn.obj (.text)
                  000059f0    000000cc     rf_singleMode_cc13xxware.aem3 : RFCC26XX_singleMode.oem3 (.text:RF_open)
                  00005abc    000000cc     sysbios.aem3 : BIOS.obj (.text:ti_sysbios_knl_Semaphore_pend__E)
                  00005b88    000000cc                  : BIOS.obj (.text:ti_sysbios_knl_Task_Instance_init__E)
                  00005c54    000000c8     drivers_cc13xxware.aem3 : UARTCC26XX.oem3 (.text:UARTCC26XX_initHw)
                  00005d1c    000000c8     rtsv7M3_T_le_eabi.lib : fflush.obj (.text)
                  00005de4    000000c8     sysbios.aem3 : m3_Hwi_asm.obj (.text:ti_sysbios_family_arm_m3_Hwi_dispatch__I)
                  00005eac    000000c4     rf_singleMode_cc13xxware.aem3 : RFCC26XX_singleMode.oem3 (.text:fsmPowerUpState)
                  00005f70    000000c0     driverlib.lib : setup.obj (.text:TrimAfterColdResetWakeupFromShutDown)
                  00006030    000000b4     sysbios.aem3 : BIOS.obj (.text:ti_sysbios_knl_Task_checkStacks__E)
                  000060e4    000000ac     rtsv7M3_T_le_eabi.lib : _io_perm.obj (.text)
                  00006190    000000a8     driverlib.lib : setup.obj (.text:NOROM_SetupTrimDevice)
                  00006238    000000a4                   : setup_rom.obj (.text:NOROM_SetupAfterColdResetWakeupFromShutDownCfg1)
                  000062dc    000000a4     ToServer_Com.obj (.text:ToServerCom_write)
                  00006380    000000a0     auto_init.aem3 : auto_init.oem3 (.text)
                  00006420    0000009c     rtsv7M3_T_le_eabi.lib : memcpy_t2.obj (.text)
                  000064bc    00000098     main.obj (.text:main)
                  00006554    00000098     rtsv7M3_T_le_eabi.lib : fclose.obj (.text)
                  000065ec    00000098                           : fputc.obj (.text)
                  00006684    00000098     sysbios.aem3 : BIOS.obj (.text:ti_sysbios_knl_Clock_workFuncDynamic__E)
                  0000671c    00000094     drivers_cc13xxware.aem3 : PINCC26XX.oem3 (.text:PIN_open)
                  000067b0    00000094     sysbios.aem3 : BIOS.obj (.text:ti_sysbios_family_arm_m3_Hwi_Instance_init__E)
                  00006844    00000094                  : BIOS.obj (.text:ti_sysbios_knl_Task_Instance_finalize__E)
                  000068d8    00000094     drivers_cc13xxware.aem3 : UARTCC26XX.oem3 (.text:writeFinishedDoCallback)
                  0000696c    00000090                             : PowerCC26XX.oem3 (.text:switchXOSCHFclockFunc)
                  000069fc    00000090     ti.uia.loggers.aem3 : LoggerStopMode.oem3 (.text:ti_uia_loggers_LoggerStopMode_initQueueDescriptor__E)
                  00006a8c    0000008c     drivers_cc13xxware.aem3 : UARTCC26XX.oem3 (.text:UARTCC26XX_initIO)
                  00006b18    0000008c                             : UARTCC26XX.oem3 (.text:UARTCC26XX_writeCancel)
                  00006ba4    0000008c                             : PowerCC26XX.oem3 (.text:disableLFClockQualifiers)
                  00006c30    00000088                             : PowerCC26XX_calibrateRCOSC.oem3 (.text:calibrateRcoscHf2)
                  00006cb8    00000086     rtsv7M3_T_le_eabi.lib : fd_cmp_t2.obj (.text:__aeabi_cdcmple)
                  00006d3e    00000086                           : fd_cmp_t2.obj (.text:__aeabi_cdrcmple)
                  00006dc4    00000084     rf_singleMode_cc13xxware.aem3 : RFCC26XX_singleMode.oem3 (.text:swiFxnHw)
                  00006e48    00000080                                   : RFCC26XX_singleMode.oem3 (.text:RF_pendCmd)
                  00006ec8    00000080     ToServer_Com.obj (.text:ToServerCom_init)
                  00006f48    00000080     sysbios.aem3 : BIOS.obj (.text:ti_sysbios_family_arm_m3_Hwi_initNVIC__E)
                  00006fc8    00000080                  : BIOS.obj (.text:ti_sysbios_knl_Task_postInit__I)
                  00007048    00000080                  : BIOS.obj (.text:ti_sysbios_utils_Load_updateLoads__E)
                  000070c8    00000080                  : BIOS.obj (.text:xdc_runtime_Core_createObject__I)
                  00007148    0000007a     rtsv7M3_T_le_eabi.lib : memset_t2.obj (.text)
                  000071c2    00000002     smartrf_settings_predefined.obj (.text:enterGenfskSysPatch)
                  000071c4    00000078     drivers_cc13xxware.aem3 : UARTCC26XX.oem3 (.text:UARTCC26XX_close)
                  0000723c    00000078     sysbios.aem3 : BIOS.obj (.text:ti_sysbios_knl_Clock_walkQueueDynamic__E)
                  000072b4    00000074     driverlib.lib : setup_rom.obj (.text:NOROM_SetupSetVddrLevel)
                  00007328    00000074     drivers_cc13xxware.aem3 : PowerCC26XX_calibrateRCOSC.oem3 (.text:PowerCC26XX_auxISR)
                  0000739c    00000074     rf_singleMode_cc13xxware.aem3 : RFCC26XX_singleMode.oem3 (.text:decActiveClientCnt)
                  00007410    00000074                                   : RFCC26XX_singleMode.oem3 (.text:fsmPowerDownState)
                  00007484    00000074     sysbios.aem3 : BIOS.obj (.text:ti_sysbios_family_arm_cc26xx_Timer_start__E)
                  000074f8    00000074                  : BIOS.obj (.text:ti_sysbios_heaps_HeapMem_allocUnprotected__E)
                  0000756c    00000074     ti.uia.runtime.aem3 : QueueDescriptor.oem3 (.text:ti_uia_runtime_QueueDescriptor_addToList__E)
                  000075e0    00000074     drivers_cc13xxware.aem3 : UARTCC26XX.oem3 (.text:writeTxFifoFlush)
                  00007654    00000070     driverlib.lib : chipinfo.obj (.text:NOROM_ChipInfo_GetHwRevision)
                  000076c4    00000070     rtsv7M3_T_le_eabi.lib : printf.obj (.text)
                  00007734    0000006c     driverlib.lib : setup_rom.obj (.text:NOROM_SetupGetTrimForAmpcompCtrl)
                  000077a0    0000006c     drivers_cc13xxware.aem3 : PowerCC26XX.oem3 (.text:PowerCC26XX_calibrate)
                  0000780c    0000006c                             : UARTCC26XX.oem3 (.text:UARTCC26XX_readCancel)
                  00007878    0000006c     sysbios.aem3 : BIOS.obj (.text:xdc_runtime_Memory_alloc__E)
                  000078e4    00000068     driverlib.lib : setup_rom.obj (.text:NOROM_SetupGetTrimForAnabypassValue1)
                  0000794c    00000068                   : sys_ctrl.obj (.text:NOROM_SysCtrl_DCDC_VoltageConditionalControl)
                  000079b4    00000068     rf_singleMode_cc13xxware.aem3 : RFCC26XX_singleMode.oem3 (.text:RF_getCurrentTime)
                  00007a1c    00000068     rtsv7M3_T_le_eabi.lib : copy_decompress_lzss.obj (.text:decompress:lzss)
                  00007a84    00000068                           : trgmsg.obj (.text)
                  00007aec    00000068     sysbios.aem3 : BIOS.obj (.text:ti_sysbios_knl_Clock_startI__E)
                  00007b54    00000068                  : BIOS.obj (.text:ti_sysbios_knl_Swi_restoreHwi__E)
                  00007bbc    00000066     receptor.obj (.text:doReception)
                  00007c22    00000066     ti.uia.loggers.aem3 : LoggerStopMode.oem3 (.text:ti_uia_loggers_LoggerStopMode_flush__E)
                  00007c88    00000066     sysbios.aem3 : BIOS.obj (.text:xdc_runtime_Core_deleteObject__I)
                  00007cee    00000002     smartrf_settings_predefined.obj (.text:enterGenookSysPatch)
                  00007cf0    00000064     driverlib.lib : osc.obj (.text:NOROM_OSCHF_AttemptToSwitchToXosc)
                  00007d54    00000064     drivers_cc13xxware.aem3 : UARTCC26XX.oem3 (.text:UARTCC26XX_control)
                  00007db8    00000064     rtsv7M3_T_le_eabi.lib : fseek.obj (.text)
                  00007e1c    00000064     sysbios.aem3 : BIOS.obj (.text:ti_sysbios_knl_Semaphore_post__E)
                  00007e80    00000064                  : BIOS.obj (.text:ti_sysbios_knl_Task_startCore__E)
                  00007ee4    00000064                  : BIOS.obj (.text:ti_sysbios_utils_Load_idleFxn__E)
                  00007f48    00000060     driverlib.lib : osc.obj (.text:NOROM_OSCClockSourceSet)
                  00007fa8    00000060     drivers_cc13xxware.aem3 : PowerCC26XX_calibrateRCOSC.oem3 (.text:PowerCC26XX_RCOSC_clockFunc)
                  00008008    00000060     rf_singleMode_cc13xxware.aem3 : RFCC26XX_singleMode.oem3 (.text:fsmXOSCState)
                  00008068    00000060     sysbios.aem3 : BIOS.obj (.text:ti_sysbios_knl_Task_schedule__I)
                  000080c8    00000060     drivers_cc13xxware.aem3 : PowerCC26XX_calibrateRCOSC.oem3 (.text:updateSubSecInc)
                  00008128    0000005c     driverlib.lib : sys_ctrl.obj (.text:NOROM_SysCtrlAdjustRechargeAfterPowerDown)
                  00008184    0000005c     drivers_cc13xxware.aem3 : PINCC26XX.oem3 (.text:PIN_remove)
                  000081e0    0000005c     smartrf_settings.obj (.text:configureGenfskPatch)
                  0000823c    0000005c     smartrf_settings_predefined.obj (.text:configureGenfskPatch)
                  00008298    0000005c     smartrf_settings_predefined.obj (.text:configureGenookPatch)
                  000082f4    0000005c     smartrf_settings_predefined.obj (.text:configureLrmPatch)
                  00008350    0000005c     rtsv7M3_T_le_eabi.lib : s_frexp.obj (.text)
                  000083ac    0000005c     sysbios.aem3 : BIOS.obj (.text:ti_sysbios_knl_Task_Module_startup__E)
                  00008408    0000005c     water_sensor_wireless_comm_pem3.oem3 (.text:ti_sysbios_knl_Task_create)
                  00008464    00000058     drivers_cc13xxware.aem3 : PowerCC26XX_calibrateRCOSC.oem3 (.text:PowerCC26XX_initiateCalibration)
                  000084bc    00000058     water_sensor_wireless_comm_pem3.oem3 (.text:ti_sysbios_family_arm_m3_Hwi_construct)
                  00008514    00000058     sysbios.aem3 : BIOS.obj (.text:ti_sysbios_family_arm_m3_Hwi_postInit__I)
                  0000856c    00000058                  : BIOS.obj (.text:ti_sysbios_heaps_HeapMem_alloc__E)
                  000085c4    00000058                  : BIOS.obj (.text:ti_sysbios_heaps_HeapMem_freeUnprotected__E)
                  0000861c    00000058                  : BIOS.obj (.text:ti_sysbios_knl_Swi_Instance_init__E)
                  00008674    00000058                  : BIOS.obj (.text:ti_sysbios_knl_Swi_run__I)
                  000086cc    00000054     drivers_cc13xxware.aem3 : PowerCC26XX.oem3 (.text:configureXOSCHF)
                  00008720    00000054     rf_singleMode_cc13xxware.aem3 : RFCC26XX_singleMode.oem3 (.text:hwiFxnHw)
                  00008774    00000054                                   : RFCC26XX_singleMode.oem3 (.text:ratChanFree)
                  000087c8    00000054     rtsv7M3_T_le_eabi.lib : ltoa.obj (.text)
                  0000881c    00000054     sysbios.aem3 : BIOS.obj (.text:ti_sysbios_family_arm_m3_Hwi_dispatchC__I)
                  00008870    00000054     water_sensor_wireless_comm_pem3.oem3 (.text:ti_sysbios_knl_Swi_construct)
                  000088c4    00000054     sysbios.aem3 : BIOS.obj (.text:ti_sysbios_knl_Swi_schedule__I)
                  00008918    00000050     driverlib.lib : setup_rom.obj (.text:NOROM_SetupSetCacheModeAccordingToCcfgSetting)
                  00008968    00000050     rf_singleMode_cc13xxware.aem3 : RFCC26XX_singleMode.oem3 (.text:dispatchOpWhen)
                  000089b8    00000050                                   : RFCC26XX_singleMode.oem3 (.text:syncCb)
                  00008a08    00000050     sysbios.aem3 : BIOS.obj (.text:ti_sysbios_knl_Swi_runLoop__I)
                  00008a58    00000050                  : BIOS.obj (.text:xdc_runtime_Startup_exec__E)
                  00008aa8    0000004c     rf_singleMode_cc13xxware.aem3 : RFCC26XX_singleMode.oem3 (.text:applyRfCorePatch)
                  00008af4    0000004c     rtsv7M3_T_le_eabi.lib : atoi.obj (.text)
                  00008b40    0000004c                           : cpy_tbl.obj (.text)
                  00008b8c    0000004c     drivers_cc13xxware.aem3 : UARTCC26XX.oem3 (.text:startTxFifoEmptyClk)
                  00008bd8    0000004c     sysbios.aem3 : m3_TaskSupport_asm.obj (.text:ti_sysbios_family_arm_m3_TaskSupport_buildTaskStack)
                  00008c24    0000004c     ti.uia.loggers.aem3 : LoggerStopMode.oem3 (.text:ti_uia_loggers_LoggerStopMode_Module_startup__E)
                  00008c70    00000049     RF_Com.obj (.text:RFCom_init)
                  00008cb9    00000001     --HOLE-- [fill = 0]
                  00008cba    00000002     smartrf_settings_predefined.obj (.text:enterLrmSysPatch)
                  00008cbc    00000048     driverlib.lib : chipinfo.obj (.text:NOROM_ChipInfo_GetChipFamily)
                  00008d04    00000048     drivers_cc13xxware.aem3 : PINCC26XX.oem3 (.text:PIN_setOutputEnable)
                  00008d4c    00000048                             : PINCC26XX.oem3 (.text:PIN_swi)
                  00008d94    00000048     rf_singleMode_cc13xxware.aem3 : RFCC26XX_singleMode.oem3 (.text:RF_runCmd)
                  00008ddc    00000048     drivers_cc13xxware.aem3 : PowerCC26XX.oem3 (.text:notify)
                  00008e24    00000048     rtsv7M3_T_le_eabi.lib : fd_toi_t2.obj (.text)
                  00008e6c    00000048     sysbios.aem3 : BIOS.obj (.text:ti_sysbios_family_arm_m3_Hwi_Module_startup__E)
                  00008eb4    00000048                  : m3_Hwi_asm_switch.obj (.text:ti_sysbios_family_arm_m3_Hwi_initStacks__E)
                  00008efc    00000048                  : BIOS.obj (.text:ti_sysbios_heaps_HeapMem_getStats__E)
                  00008f44    00000048                  : BIOS.obj (.text:xdc_runtime_Assert_raise__I)
                  00008f8c    00000048                  : BIOS.obj (.text:xdc_runtime_Core_assignParams__I)
                  00008fd4    00000048                  : BIOS.obj (.text:xdc_runtime_Core_constructObject__I)
                  0000901c    00000046     drivers_cc13xxware.aem3 : RingBuf.oem3 (.text:RingBuf_put)
                  00009062    00000002     sysbios.aem3 : BIOS.obj (.text:ti_sysbios_BIOS_linkedWithIncorrectBootLibrary__E)
                  00009064    00000044     boot.aem3 : boot.oem3 (.text)
                  000090a8    00000044     sysbios.aem3 : BIOS.obj (.text:ti_sysbios_family_arm_m3_Hwi_disableInterrupt__E)
                  000090ec    00000044                  : BIOS.obj (.text:ti_sysbios_family_arm_m3_Hwi_enableInterrupt__E)
                  00009130    00000044                  : BIOS.obj (.text:ti_sysbios_knl_Swi_post__E)
                  00009174    00000044                  : BIOS.obj (.text:ti_sysbios_knl_Task_allBlockedFunction__I)
                  000091b8    00000044     ti.uia.loggers.aem3 : LoggerStopMode.oem3 (.text:ti_uia_loggers_LoggerStopMode_initBuffer__I)
                  000091fc    00000044     sysbios.aem3 : BIOS.obj (.text:xdc_runtime_SysMin_flush__E)
                  00009240    00000040     drivers_cc13xxware.aem3 : RingBuf.oem3 (.text:RingBuf_get)
                  00009280    00000040     sysbios.aem3 : BIOS.obj (.text:ti_sysbios_family_arm_m3_Hwi_getStackInfo__E)
                  000092c0    0000003c     driverlib.lib : osc.obj (.text:NOROM_OSC_HPOSCRelativeFrequencyOffsetGet)
                  000092fc    0000003c                   : rfc.obj (.text:NOROM_RFCSynthPowerDown)
                  00009338    0000003c     drivers_cc13xxware.aem3 : PINCC26XX.oem3 (.text:PIN_setOutputValue)
                  00009374    0000003c                             : UARTCC26XX.oem3 (.text:UARTCC26XX_swiIntFxn)
                  000093b0    0000003a     sysbios.aem3 : BIOS.obj (.text:ti_sysbios_knl_Task_exit__E)
                  000093ea    00000002     water_sensor_wireless_comm_pem3.oem3 (.text:ti_sysbios_BIOS_nullFunc__I)
                  000093ec    00000038     drivers_cc13xxware.aem3 : UART.oem3 (.text:UART_init)
                  00009424    00000038                             : UARTCC26XX.oem3 (.text:readData)
                  0000945c    00000038     sysbios.aem3 : BIOS.obj (.text:ti_sysbios_family_arm_cc26xx_Timer_getCurrentTick__E)
                  00009494    00000038                  : BIOS.obj (.text:ti_sysbios_family_arm_m3_Hwi_Instance_finalize__E)
                  000094cc    00000038                  : BIOS.obj (.text:ti_sysbios_heaps_HeapMem_Instance_init__E)
                  00009504    00000038                  : BIOS.obj (.text:ti_sysbios_knl_Clock_Instance_init__E)
                  0000953c    00000038     drivers_cc13xxware.aem3 : UARTCC26XX.oem3 (.text:writeData)
                  00009574    00000038     sysbios.aem3 : BIOS.obj (.text:xdc_runtime_SysMin_putch__E)
                  000095ac    00000038                  : BIOS.obj (.text:xdc_runtime_System_atexit__E)
                  000095e4    00000036     rtsv7M3_T_le_eabi.lib : strncpy.obj (.text)
                  0000961a    00000036     rf_singleMode_cc13xxware.aem3 : RFCC26XX_singleMode.oem3 (.text:updateImplicitState)
                  00009650    00000034     driverlib.lib : osc.obj (.text:NOROM_OSCHF_SwitchToRcOscTurnOffXosc)
                  00009684    00000034     drivers_cc13xxware.aem3 : PINCC26XX.oem3 (.text:PIN_setConfig)
                  000096b8    00000034     rf_singleMode_cc13xxware.aem3 : RFCC26XX_singleMode.oem3 (.text:Q_push)
                  000096ec    00000034     drivers_cc13xxware.aem3 : UARTCC26XX.oem3 (.text:readData2RingBuf)
                  00009720    00000034     sysbios.aem3 : BIOS.obj (.text:ti_sysbios_family_arm_cc26xx_Timer_initDevice__I)
                  00009754    00000034                  : BIOS.obj (.text:ti_sysbios_heaps_HeapMem_init__I)
                  00009788    00000034     water_sensor_wireless_comm_pem3.oem3 (.text:ti_sysbios_knl_Clock_construct)
                  000097bc    00000034     water_sensor_wireless_comm_pem3.oem3 (.text:ti_sysbios_knl_Semaphore_create)
                  000097f0    00000034     sysbios.aem3 : BIOS.obj (.text:ti_sysbios_knl_Swi_restore__E)
                  00009824    00000034                  : BIOS.obj (.text:ti_sysbios_knl_Task_blockI__E)
                  00009858    00000034                  : BIOS.obj (.text:ti_sysbios_utils_Load_updateCurrentThreadTime__E)
                  0000988c    00000034     ti.uia.loggers.aem3 : LoggerStopMode.oem3 (.text:ti_uia_loggers_LoggerStopMode_reset__E)
                  000098c0    00000034     sysbios.aem3 : BIOS.obj (.text:xdc_runtime_Core_assignLabel__I)
                  000098f4    00000032                  : BIOS.obj (.text:ti_sysbios_family_arm_cc26xx_Timer_setNextTick__E)
                  00009926    00000002                  : BIOS.obj (.text:ti_sysbios_gates_GateHwi_Instance_init__E)
                  00009928    00000030     driverlib.lib : chipinfo.obj (.text:NOROM_ChipInfo_GetChipType)
                  00009958    00000030                   : setup_rom.obj (.text:NOROM_SetupSetAonRtcSubSecInc)
                  00009988    00000030     drivers_cc13xxware.aem3 : PowerCC26XX.oem3 (.text:Power_releaseConstraint)
                  000099b8    00000030                             : PowerCC26XX.oem3 (.text:Power_setConstraint)
                  000099e8    00000030                             : UART.oem3 (.text:UART_open)
                  00009a18    00000030     rf_singleMode_cc13xxware.aem3 : RFCC26XX_singleMode.oem3 (.text:clkPowerUpFxn)
                  00009a48    00000030     water_sensor_wireless_comm_pem3.oem3 (.text:ti_sysbios_BIOS_atExitFunc__I)
                  00009a78    00000030     water_sensor_wireless_comm_pem3.oem3 (.text:ti_sysbios_BIOS_startFunc__I)
                  00009aa8    00000030     sysbios.aem3 : BIOS.obj (.text:ti_sysbios_family_arm_cc26xx_Timer_setThreshold__I)
                  00009ad8    00000030     water_sensor_wireless_comm_pem3.oem3 (.text:ti_sysbios_gates_GateHwi_Object__create__S)
                  00009b08    00000030     water_sensor_wireless_comm_pem3.oem3 (.text:ti_sysbios_gates_GateMutex_Object__create__S)
                  00009b38    00000030     sysbios.aem3 : BIOS.obj (.text:ti_sysbios_gates_GateMutex_enter__E)
                  00009b68    00000030     water_sensor_wireless_comm_pem3.oem3 (.text:ti_sysbios_heaps_HeapMem_Object__create__S)
                  00009b98    00000030     sysbios.aem3 : BIOS.obj (.text:ti_sysbios_heaps_HeapMem_free__E)
                  00009bc8    00000030     water_sensor_wireless_comm_pem3.oem3 (.text:ti_sysbios_knl_Semaphore_construct)
                  00009bf8    00000030     sysbios.aem3 : BIOS.obj (.text:ti_sysbios_knl_Task_processVitalTaskFlag__I)
                  00009c28    00000030     water_sensor_wireless_comm_pem3.oem3 (.text:ti_uia_loggers_LoggerStopMode_Object__create__S)
                  00009c58    00000030     sysbios.aem3 : BIOS.obj (.text:xdc_runtime_SysMin_abort__E)
                  00009c88    00000030                  : BIOS.obj (.text:xdc_runtime_System_processAtExit__E)
                  00009cb8    0000002e     water_sensor_wireless_comm_pem3.oem3 (.text:malloc)
                  00009ce6    0000002e     rtsv7M3_T_le_eabi.lib : i_tofd_t2.obj (.text)
                  00009d14    0000002e     sysbios.aem3 : BIOS.obj (.text:ti_sysbios_family_arm_m3_TaskSupport_start__E)
                  00009d42    0000002e                  : BIOS.obj (.text:ti_sysbios_hal_Hwi_initStack)
                  00009d70    0000002c     driverlib.lib : ddi.obj (.text:NOROM_DDI32RegWrite)
                  00009d9c    0000002c                   : osc.obj (.text:NOROM_OSCClockSourceGet)
                  00009dc8    0000002c                   : setup_rom.obj (.text:NOROM_SetupGetTrimForRadcExtCfg)
                  00009df4    0000002c     drivers_cc13xxware.aem3 : PINCC26XX.oem3 (.text:PINCC26XX_setMux)
                  00009e20    0000002c     rf_singleMode_cc13xxware.aem3 : RFCC26XX_singleMode.oem3 (.text:getCmd)
                  00009e4c    0000002c     sysbios.aem3 : BIOS.obj (.text:ti_sysbios_knl_Clock_getTicksUntilInterrupt__E)
                  00009e78    0000002c     water_sensor_wireless_comm_pem3.oem3 (.text:ti_sysbios_knl_Queue_construct)
                  00009ea4    0000002c     sysbios.aem3 : BIOS.obj (.text:ti_sysbios_knl_Semaphore_pendTimeout__I)
                  00009ed0    0000002c                  : BIOS.obj (.text:ti_sysbios_knl_Task_unblockI__E)
                  00009efc    0000002c                  : BIOS.obj (.text:xdc_runtime_Text_cordText__E)
                  00009f28    00000028     driverlib.lib : aon_batmon.obj (.text:NOROM_AONBatMonTemperatureGetDegC)
                  00009f50    00000028     drivers_cc13xxware.aem3 : PowerCC26XX.oem3 (.text:Power_registerNotify)
                  00009f78    00000028     rf_singleMode_cc13xxware.aem3 : RFCC26XX_singleMode.oem3 (.text:Q_end)
                  00009fa0    00000028     driverlib.lib : adi.obj (.text:SafeHapiVoid)
                  00009fc8    00000028     sysbios.aem3 : BIOS.obj (.text:ti_sysbios_knl_Clock_addI__E)
                  00009ff0    00000028                  : BIOS.obj (.text:ti_sysbios_knl_Task_restore__E)
                  0000a018    00000026     drivers_cc13xxware.aem3 : List.oem3 (.text:List_put)
                  0000a03e    00000002     sysbios.aem3 : BIOS.obj (.text:ti_sysbios_knl_Clock_logTick__E)
                  0000a040    00000024     drivers_cc13xxware.aem3 : PINCC26XX.oem3 (.text:PINCC26XX_getPinCount)
                  0000a064    00000024                             : PowerCC26XX_calibrateRCOSC.oem3 (.text:getTdcSemaphore)
                  0000a088    00000024     rf_singleMode_cc13xxware.aem3 : RFCC26XX_singleMode.oem3 (.text:hwiFxnCpe0PowerFsm)
                  0000a0ac    00000024     water_sensor_wireless_comm_pem3.oem3 (.text:ti_sysbios_BIOS_registerRTSLock__I)
                  0000a0d0    00000024     water_sensor_wireless_comm_pem3.oem3 (.text:ti_sysbios_BIOS_removeRTSLock__I)
                  0000a0f4    00000024     sysbios.aem3 : BIOS.obj (.text:ti_sysbios_family_arm_cc26xx_Timer_Module_startup__E)
                  0000a118    00000024                  : BIOS.obj (.text:ti_sysbios_family_arm_cc26xx_Timer_getMaxTicks__E)
                  0000a13c    00000024                  : BIOS.obj (.text:ti_sysbios_family_arm_cc26xx_Timer_startup__E)
                  0000a160    00000024     water_sensor_wireless_comm_pem3.oem3 (.text:ti_sysbios_gates_GateMutex_Object__delete__S)
                  0000a184    00000024     sysbios.aem3 : BIOS.obj (.text:ti_sysbios_knl_Semaphore_Instance_init__E)
                  0000a1a8    00000024                  : BIOS.obj (.text:ti_sysbios_knl_Swi_Module_startup__E)
                  0000a1cc    00000024                  : BIOS.obj (.text:ti_sysbios_utils_Load_updateThreadContexts__E)
                  0000a1f0    00000022                  : BIOS.obj (.text:ti_sysbios_family_arm_cc26xx_Timer_postInit__I)
                  0000a212    00000022     water_sensor_wireless_comm_pem3.oem3 (.text:xdc_runtime_SysMin_output__I)
                  0000a234    00000020     driverlib.lib : rfc.obj (.text:NOROM_RFCAdi3VcoLdoVoltageMode)
                  0000a254    00000020                   : rfc.obj (.text:NOROM_RFCDoorbellSendTo)
                  0000a274    00000020                   : setup_rom.obj (.text:NOROM_SetupGetTrimForXoscHfCtl)
                  0000a294    00000020     drivers_cc13xxware.aem3 : PowerCC26XX.oem3 (.text:Power_unregisterNotify)
                  0000a2b4    00000020     rf_singleMode_cc13xxware.aem3 : RFCC26XX_singleMode.oem3 (.text:allocCmd)
                  0000a2d4    00000020     rtsv7M3_T_le_eabi.lib : memchr.obj (.text)
                  0000a2f4    00000020     water_sensor_wireless_comm_pem3.oem3 (.text:ti_sysbios_BIOS_rtsLock__I)
                  0000a314    00000020     sysbios.aem3 : BIOS.obj (.text:ti_sysbios_family_arm_cc26xx_Timer_dynamicStub__E)
                  0000a334    00000020                  : BIOS.obj (.text:ti_sysbios_family_arm_cc26xx_TimestampProvider_Module_startup__E)
                  0000a354    00000020                  : m3_Hwi_asm.obj (.text:ti_sysbios_family_arm_m3_Hwi_excHandlerAsm__I)
                  0000a374    00000020                  : BIOS.obj (.text:ti_sysbios_family_arm_m3_Hwi_excHandler__I)
                  0000a394    00000020     water_sensor_wireless_comm_pem3.oem3 (.text:ti_sysbios_gates_GateHwi_Object__delete__S)
                  0000a3b4    00000020     water_sensor_wireless_comm_pem3.oem3 (.text:ti_sysbios_heaps_HeapMem_Object__delete__S)
                  0000a3d4    00000020     sysbios.aem3 : BIOS.obj (.text:ti_sysbios_knl_Clock_Module_startup__E)
                  0000a3f4    00000020     water_sensor_wireless_comm_pem3.oem3 (.text:ti_sysbios_knl_Clock_Object__destruct__S)
                  0000a414    00000020     sysbios.aem3 : BIOS.obj (.text:ti_sysbios_knl_Clock_getTicks__E)
                  0000a434    00000020                  : BIOS.obj (.text:ti_sysbios_knl_Clock_stop__E)
                  0000a454    00000020                  : BIOS.obj (.text:ti_sysbios_knl_Idle_run__E)
                  0000a474    00000020     water_sensor_wireless_comm_pem3.oem3 (.text:ti_sysbios_knl_Semaphore_Object__destruct__S)
                  0000a494    00000020     sysbios.aem3 : BIOS.obj (.text:ti_sysbios_knl_Task_restoreHwi__E)
                  0000a4b4    00000020     water_sensor_wireless_comm_pem3.oem3 (.text:ti_uia_loggers_LoggerStopMode_Object__delete__S)
                  0000a4d4    00000020     sysbios.aem3 : BIOS.obj (.text:xdc_runtime_SysMin_Module_startup__E)
                  0000a4f4    0000001e     drivers_cc13xxware.aem3 : PINCC26XX.oem3 (.text:PIN_close)
                  0000a512    0000001e                             : PowerCC26XX.oem3 (.text:Power_getTransitionLatency)
                  0000a530    0000001e     sysbios.aem3 : m3_Hwi_asm_switch.obj (.text:ti_sysbios_family_xxx_Hwi_switchAndRunFunc)
                  0000a54e    00000002                  : BIOS.obj (.text:ti_sysbios_knl_Clock_triggerFunc__I)
                  0000a550    0000001c     driverlib.lib : setup_rom.obj (.text:NOROM_SetupGetTrimForAmpcompTh2)
                  0000a56c    0000001c                   : setup_rom.obj (.text:NOROM_SetupGetTrimForRcOscLfRtuneCtuneTrim)
                  0000a588    0000001c     drivers_cc13xxware.aem3 : PINCC26XX.oem3 (.text:PINCC26XX_setIoCfgMux)
                  0000a5a4    0000001c                             : PINCC26XX.oem3 (.text:PIN_hwi)
                  0000a5c0    0000001c     smartrf_settings.obj (.text:enterGenfskCpePatch)
                  0000a5dc    0000001c     smartrf_settings_predefined.obj (.text:enterGenfskCpePatch)
                  0000a5f8    0000001c     smartrf_settings_predefined.obj (.text:enterGenookCpePatch)
                  0000a614    0000001c     smartrf_settings_predefined.obj (.text:enterLrmCpePatch)
                  0000a630    0000001c     water_sensor_wireless_comm_pem3.oem3 (.text:ti_sysbios_family_arm_m3_Hwi_Object__destruct__S)
                  0000a64c    0000001c     sysbios.aem3 : BIOS.obj (.text:ti_sysbios_family_arm_m3_Hwi_setPriority__E)
                  0000a668    0000001c                  : BIOS.obj (.text:ti_sysbios_gates_GateMutex_Instance_init__E)
                  0000a684    0000001c                  : BIOS.obj (.text:ti_sysbios_knl_Clock_scheduleNextTick__E)
                  0000a6a0    0000001c     water_sensor_wireless_comm_pem3.oem3 (.text:ti_sysbios_knl_Queue_Object__destruct__S)
                  0000a6bc    0000001c     sysbios.aem3 : BIOS.obj (.text:ti_sysbios_knl_Queue_put__E)
                  0000a6d8    0000001c     water_sensor_wireless_comm_pem3.oem3 (.text:ti_sysbios_knl_Swi_Object__destruct__S)
                  0000a6f4    0000001c     sysbios.aem3 : BIOS.obj (.text:ti_sysbios_knl_Task_enter__I)
                  0000a710    0000001c     ti.uia.loggers.aem3 : LoggerStopMode.oem3 (.text:ti_uia_loggers_LoggerStopMode_Instance_init__E)
                  0000a72c    0000001c     sysbios.aem3 : BIOS.obj (.text:xdc_runtime_Error_check__E)
                  0000a748    0000001c                  : BIOS.obj (.text:xdc_runtime_Error_raiseX__E)
                  0000a764    0000001c                  : BIOS.obj (.text:xdc_runtime_Memory_valloc__E)
                  0000a780    0000001c                  : BIOS.obj (.text:xdc_runtime_SysMin_exit__E)
                  0000a79c    0000001c                  : BIOS.obj (.text:xdc_runtime_System_abort__E)
                  0000a7b8    0000001a     drivers_cc13xxware.aem3 : List.oem3 (.text:List_remove)
                  0000a7d2    0000001a     rtsv7M3_T_le_eabi.lib : memccpy.obj (.text)
                  0000a7ec    0000001a     sysbios.aem3 : m3_Hwi_asm.obj (.text:ti_sysbios_family_arm_m3_Hwi_pendSV__I)
                  0000a806    00000002                  : BIOS.obj (.text:ti_sysbios_knl_Swi_Instance_finalize__E)
                  0000a808    00000018     driverlib.lib : aon_rtc.obj (.text:NOROM_AONRTCCurrentCompareValueGet)
                  0000a820    00000018                   : chipinfo.obj (.text:NOROM_ChipInfo_GetPackageType)
                  0000a838    00000018                   : osc.obj (.text:NOROM_OSCHF_TurnOnXosc)
                  0000a850    00000018                   : rfc.obj (.text:NOROM_RFCCpeIntGetAndClear)
                  0000a868    00000018                   : setup_rom.obj (.text:NOROM_SetupGetTrimForAdcShModeEn)
                  0000a880    00000018                   : setup_rom.obj (.text:NOROM_SetupGetTrimForAdcShVbufEn)
                  0000a898    00000018                   : setup_rom.obj (.text:NOROM_SetupGetTrimForAmpcompTh1)
                  0000a8b0    00000018                   : setup_rom.obj (.text:NOROM_SetupGetTrimForDblrLoopFilterResetVoltage)
                  0000a8c8    00000018                   : setup_rom.obj (.text:NOROM_SetupGetTrimForRcOscLfIBiasTrim)
                  0000a8e0    00000018                   : setup_rom.obj (.text:NOROM_SetupGetTrimForXoscLfRegulatorAndCmirrwrRatio)
                  0000a8f8    00000018     drivers_cc13xxware.aem3 : PowerCC26XX.oem3 (.text:Power_idleFunc)
                  0000a910    00000018     rf_singleMode_cc13xxware.aem3 : RFCC26XX_singleMode.oem3 (.text:Q_pop)
                  0000a928    00000018     drivers_cc13xxware.aem3 : UARTCC26XX.oem3 (.text:UARTCC26XX_init)
                  0000a940    00000018                             : UART.oem3 (.text:UART_Params_init)
                  0000a958    00000018                             : PowerCC26XX.oem3 (.text:configureRFCoreClocks)
                  0000a970    00000018     water_sensor_wireless_comm_pem3.oem3 (.text:free)
                  0000a988    00000018     rtsv7M3_T_le_eabi.lib : args_main.obj (.text)
                  0000a9a0    00000018                           : ll_mul_t2.obj (.text)
                  0000a9b8    00000018                           : strcmp.obj (.text)
                  0000a9d0    00000018     rf_singleMode_cc13xxware.aem3 : RFCC26XX_singleMode.oem3 (.text:swiFxnFsm)
                  0000a9e8    00000018     water_sensor_wireless_comm_pem3.oem3 (.text:ti_sysbios_BIOS_rtsUnlock__I)
                  0000aa00    00000018     water_sensor_wireless_comm_pem3.oem3 (.text:ti_sysbios_family_arm_cc26xx_Timer_Module__startupDone__F)
                  0000aa18    00000018     sysbios.aem3 : BIOS.obj (.text:ti_sysbios_family_arm_cc26xx_TimestampProvider_get64__E)
                  0000aa30    00000018     water_sensor_wireless_comm_pem3.oem3 (.text:ti_sysbios_family_arm_m3_Hwi_Module__startupDone__F)
                  0000aa48    00000018     sysbios.aem3 : BIOS.obj (.text:ti_sysbios_family_arm_m3_Hwi_plug__E)
                  0000aa60    00000018     water_sensor_wireless_comm_pem3.oem3 (.text:ti_sysbios_gates_GateHwi_Handle__label__S)
                  0000aa78    00000018     water_sensor_wireless_comm_pem3.oem3 (.text:ti_sysbios_gates_GateMutex_Handle__label__S)
                  0000aa90    00000018     sysbios.aem3 : BIOS.obj (.text:ti_sysbios_gates_GateMutex_leave__E)
                  0000aaa8    00000018     water_sensor_wireless_comm_pem3.oem3 (.text:ti_sysbios_heaps_HeapMem_Handle__label__S)
                  0000aac0    00000018     sysbios.aem3 : BIOS.obj (.text:ti_sysbios_knl_Swi_or__E)
                  0000aad8    00000018                  : BIOS.obj (.text:ti_sysbios_knl_Task_unblock__E)
                  0000aaf0    00000018     water_sensor_wireless_comm_pem3.oem3 (.text:ti_uia_loggers_LoggerStopMode_Handle__label__S)
                  0000ab08    00000018     sysbios.aem3 : BIOS.obj (.text:xdc_runtime_System_exit__E)
                  0000ab20    00000018                  : BIOS.obj (.text:xdc_runtime_Text_ropeText__E)
                  0000ab38    00000016     driverlib.lib : chipinfo.obj (.text:NOROM_ThisCodeIsBuiltForCC13xxHwRev20AndLater_HaltIfViolated)
                  0000ab4e    00000016     rtsv7M3_T_le_eabi.lib : strchr.obj (.text)
                  0000ab64    00000016                           : strcpy.obj (.text)
                  0000ab7a    00000016     water_sensor_wireless_comm_pem3.oem3 (.text:ti_sysbios_BIOS_exitFunc__I)
                  0000ab90    00000016     sysbios.aem3 : BIOS.obj (.text:ti_sysbios_knl_Clock_Instance_finalize__E)
                  0000aba6    00000016                  : BIOS.obj (.text:ti_sysbios_knl_Clock_start__E)
                  0000abbc    00000016     EasyLink.obj (.text:ti_sysbios_knl_Semaphore_Params_init)
                  0000abd2    00000016     main.obj (.text:ti_sysbios_knl_Task_Params_init)
                  0000abe8    00000016     ti.uia.loggers.aem3 : LoggerStopMode.oem3 (.text:ti_uia_loggers_LoggerStopMode_disable__E)
                  0000abfe    00000016                         : LoggerStopMode.oem3 (.text:ti_uia_loggers_LoggerStopMode_enable__E)
                  0000ac14    00000014     driverlib.lib : aon_rtc.obj (.text:NOROM_AONRTCCurrent64BitValueGet)
                  0000ac28    00000014     rf_singleMode_cc13xxware.aem3 : RFCC26XX_singleMode.oem3 (.text:RF_Params_init)
                  0000ac3c    00000014     rtsv7M3_T_le_eabi.lib : _lock.obj (.text)
                  0000ac50    00000014                           : strlen.obj (.text)
                  0000ac64    00000014     water_sensor_wireless_comm_pem3.oem3 (.text:ti_sysbios_family_arm_m3_Hwi_Object__get__S)
                  0000ac78    00000014     sysbios.aem3 : BIOS.obj (.text:ti_sysbios_family_arm_m3_Hwi_switchFromBootStack__E)
                  0000ac8c    00000014     water_sensor_wireless_comm_pem3.oem3 (.text:ti_sysbios_heaps_HeapMem_Object__get__S)
                  0000aca0    00000014     water_sensor_wireless_comm_pem3.oem3 (.text:ti_sysbios_knl_Clock_doTick__I)
                  0000acb4    00000014     water_sensor_wireless_comm_pem3.oem3 (.text:ti_sysbios_knl_Swi_Object__get__S)
                  0000acc8    00000012     drivers_cc13xxware.aem3 : RingBuf.oem3 (.text:RingBuf_construct)
                  0000acda    00000012     sysbios.aem3 : BIOS.obj (.text:ti_sysbios_hal_Hwi_Module_startup__E)
                  0000acec    00000012     water_sensor_wireless_comm_pem3.oem3 (.text:xdc_runtime_Startup_exec__I)
                  0000acfe    00000002     water_sensor_wireless_comm_pem3.oem3 (.text:ti_uia_loggers_LoggerStopMode_setFilterLevel__E)
                  0000ad00    00000010     rf_singleMode_cc13xxware.aem3 : RFCC26XX_singleMode.oem3 (.text:FsmDispatch)
                  0000ad10    00000010     driverlib.lib : rfc.obj (.text:NOROM_RFCRfTrimSet)
                  0000ad20    00000010                   : setup_rom.obj (.text:NOROM_SetupGetTrimForXoscHfFastStart)
                  0000ad30    00000010                   : setup_rom.obj (.text:NOROM_SetupGetTrimForXoscHfIbiastherm)
                  0000ad40    00000010     smartrf_settings.obj (.text:applyGenfskPatch)
                  0000ad50    00000010     smartrf_settings_predefined.obj (.text:applyGenfskPatch)
                  0000ad60    00000010     smartrf_settings_predefined.obj (.text:applyGenookPatch)
                  0000ad70    00000010     smartrf_settings_predefined.obj (.text:applyLrmPatch)
                  0000ad80    00000010     sysbios.aem3 : BIOS.obj (.text:ti_sysbios_BIOS_exit__E)
                  0000ad90    00000010                  : BIOS.obj (.text:ti_sysbios_BIOS_getCpuFreq__E)
                  0000ada0    00000010                  : BIOS.obj (.text:ti_sysbios_BIOS_setThreadType__E)
                  0000adb0    00000010                  : BIOS.obj (.text:ti_sysbios_BIOS_start__E)
                  0000adc0    00000010                  : BIOS.obj (.text:ti_sysbios_family_arm_m3_Hwi_post__E)
                  0000add0    00000010                  : m3_TaskSupport_asm.obj (.text:ti_sysbios_family_arm_m3_TaskSupport_glue)
                  0000ade0    00000010                  : m3_TaskSupport_asm.obj (.text:ti_sysbios_family_arm_m3_TaskSupport_swap__E)
                  0000adf0    00000010                  : BIOS.obj (.text:ti_sysbios_gates_GateMutex_Instance_finalize__E)
                  0000ae00    00000010                  : BIOS.obj (.text:ti_sysbios_knl_Semaphore_Instance_finalize__E)
                  0000ae10    00000010                  : BIOS.obj (.text:ti_sysbios_knl_Swi_disable__E)
                  0000ae20    00000010                  : BIOS.obj (.text:ti_sysbios_knl_Swi_enabled__E)
                  0000ae30    00000010     water_sensor_wireless_comm_pem3.oem3 (.text:ti_sysbios_knl_Task_Object__get__S)
                  0000ae40    00000010     sysbios.aem3 : BIOS.obj (.text:ti_sysbios_knl_Task_disable__E)
                  0000ae50    00000010     water_sensor_wireless_comm_pem3.oem3 (.text:ti_uia_loggers_LoggerStopMode_Object__get__S)
                  0000ae60    00000010     ti.uia.loggers.aem3 : LoggerStopMode.oem3 (.text:ti_uia_loggers_LoggerStopMode_isEmpty__E)
                  0000ae70    00000010     drivers_cc13xxware.aem3 : UARTCC26XX.oem3 (.text:uartPostNotify)
                  0000ae80    00000010     sysbios.aem3 : BIOS.obj (.text:xdc_runtime_Gate_leaveSystem__E)
                  0000ae90    00000010                  : BIOS.obj (.text:xdc_runtime_Memory_free__E)
                  0000aea0    0000000e     driverlib.lib : vims.obj (.text:NOROM_VIMSModeGet)
                  0000aeae    0000000e     rtsv7M3_T_le_eabi.lib : copy_decompress_none.obj (.text:decompress:none)
                  0000aebc    0000000e     sysbios.aem3 : BIOS.obj (.text:ti_sysbios_family_arm_cc26xx_TimestampProvider_get32__E)
                  0000aeca    0000000e                  : BIOS.obj (.text:ti_sysbios_family_arm_m3_TaskSupport_checkStack__E)
                  0000aed8    0000000e                  : BIOS.obj (.text:ti_sysbios_heaps_HeapMem_restore__E)
                  0000aee6    0000000e                  : BIOS.obj (.text:ti_sysbios_knl_Queue_empty__E)
                  0000aef4    0000000e                  : BIOS.obj (.text:ti_sysbios_knl_Queue_remove__E)
                  0000af02    00000002     ti.uia.loggers.aem3 : LoggerStopMode.oem3 (.text:ti_uia_loggers_LoggerStopMode_setPriority__E)
                  0000af04    0000000c     rf_singleMode_cc13xxware.aem3 : RFCC26XX_singleMode.oem3 (.text:FsmNextState)
                  0000af10    0000000c     driverlib.lib : cpu.obj (.text:NOROM_CPUcpsid)
                  0000af1c    0000000c                   : cpu.obj (.text:NOROM_CPUcpsie)
                  0000af28    0000000c     drivers_cc13xxware.aem3 : PowerCC26XX.oem3 (.text:Power_getConstraintMask)
                  0000af34    0000000c                             : PowerCC26XX.oem3 (.text:Power_getDependencyCount)
                  0000af40    0000000c     rtsv7M3_T_le_eabi.lib : copy_zero_init.obj (.text:decompress:ZI)
                  0000af4c    0000000c     main.obj (.text:taskRx)
                  0000af58    0000000c     sysbios.aem3 : BIOS.obj (.text:ti_sysbios_BIOS_getThreadType__E)
                  0000af64    0000000c                  : BIOS.obj (.text:ti_sysbios_family_arm_cc26xx_TimestampProvider_getFreq__E)
                  0000af70    0000000c     water_sensor_wireless_comm_pem3.oem3 (.text:ti_sysbios_family_arm_m3_Hwi_Params__init__S)
                  0000af7c    0000000c     sysbios.aem3 : BIOS.obj (.text:ti_sysbios_family_arm_m3_Hwi_disableFxn__E)
                  0000af88    0000000c                  : BIOS.obj (.text:ti_sysbios_family_arm_m3_TaskSupport_getStackAlignment__E)
                  0000af94    0000000c                  : BIOS.obj (.text:ti_sysbios_gates_GateHwi_enter__E)
                  0000afa0    0000000c     water_sensor_wireless_comm_pem3.oem3 (.text:ti_sysbios_knl_Clock_Params__init__S)
                  0000afac    0000000c     sysbios.aem3 : BIOS.obj (.text:ti_sysbios_knl_Clock_getTimerHandle__E)
                  0000afb8    0000000c     water_sensor_wireless_comm_pem3.oem3 (.text:ti_sysbios_knl_Queue_Object__get__S)
                  0000afc4    0000000c     sysbios.aem3 : BIOS.obj (.text:ti_sysbios_knl_Queue_dequeue__E)
                  0000afd0    0000000c                  : BIOS.obj (.text:ti_sysbios_knl_Queue_enqueue__E)
                  0000afdc    0000000c     water_sensor_wireless_comm_pem3.oem3 (.text:ti_sysbios_knl_Semaphore_Params__init__S)
                  0000afe8    0000000c     water_sensor_wireless_comm_pem3.oem3 (.text:ti_sysbios_knl_Swi_Params__init__S)
                  0000aff4    0000000c     sysbios.aem3 : BIOS.obj (.text:ti_sysbios_knl_Swi_getTrigger__E)
                  0000b000    0000000c     water_sensor_wireless_comm_pem3.oem3 (.text:ti_sysbios_knl_Task_Params__init__S)
                  0000b00c    0000000c     sysbios.aem3 : BIOS.obj (.text:ti_sysbios_knl_Task_self__E)
                  0000b018    0000000c                  : BIOS.obj (.text:xdc_runtime_Error_init__E)
                  0000b024    0000000c                  : BIOS.obj (.text:xdc_runtime_Gate_enterSystem__E)
                  0000b030    0000000c                  : BIOS.obj (.text:xdc_runtime_Memory_calloc__E)
                  0000b03c    0000000c                  : BIOS.obj (.text:xdc_runtime_Memory_getMaxDefaultTypeAlign__E)
                  0000b048    0000000c                  : BIOS.obj (.text:xdc_runtime_Startup_rtsDone__E)
                  0000b054    0000000a     drivers_cc13xxware.aem3 : List.oem3 (.text:List_empty)
                  0000b05e    0000000a                             : UART.oem3 (.text:UART_write)
                  0000b068    0000000a     water_sensor_wireless_comm_pem3.oem3 (.text:xdc_runtime_IHeap_alloc)
                  0000b072    0000000a     water_sensor_wireless_comm_pem3.oem3 (.text:xdc_runtime_IHeap_free)
                  0000b07c    00000008     drivers_cc13xxware.aem3 : UARTCC26XX.oem3 (.text:readSemCallback)
                  0000b084    00000008     smartrf_settings.obj (.text:rf_patch_cpe_genfsk)
                  0000b08c    00000008     smartrf_settings_predefined.obj (.text:rf_patch_cpe_genfsk)
                  0000b094    00000008     smartrf_settings_predefined.obj (.text:rf_patch_cpe_genook)
                  0000b09c    00000008     smartrf_settings_predefined.obj (.text:rf_patch_cpe_lrm)
                  0000b0a4    00000008     rtsv7M3_T_le_eabi.lib : s_copysign.obj (.text)
                  0000b0ac    00000008     sysbios.aem3 : BIOS.obj (.text:ti_sysbios_family_arm_m3_Hwi_doSwiRestore__I)
                  0000b0b4    00000008                  : BIOS.obj (.text:ti_sysbios_family_arm_m3_Hwi_startup__E)
                  0000b0bc    00000008                  : BIOS.obj (.text:ti_sysbios_knl_Idle_loop__E)
                  0000b0c4    00000008     drivers_cc13xxware.aem3 : UARTCC26XX.oem3 (.text:writeSemCallback)
                  0000b0cc    00000006                             : UARTCC26XX.oem3 (.text:UARTCC26XX_readPolling)
                  0000b0d2    00000006                             : UARTCC26XX.oem3 (.text:UARTCC26XX_writePolling)
                  0000b0d8    00000006     rf_singleMode_cc13xxware.aem3 : RFCC26XX_singleMode.oem3 (.text:clkInactivityFxn)
                  0000b0de    00000006     sysbios.aem3 : BIOS.obj (.text:ti_sysbios_family_arm_m3_Hwi_doTaskRestore__I)
                  0000b0e4    00000006                  : BIOS.obj (.text:ti_sysbios_family_arm_m3_Hwi_restoreFxn__E)
                  0000b0ea    00000006                  : BIOS.obj (.text:ti_sysbios_family_arm_m3_Hwi_setFunc__E)
                  0000b0f0    00000006                  : BIOS.obj (.text:ti_sysbios_gates_GateHwi_leave__E)
                  0000b0f6    00000006                  : BIOS.obj (.text:ti_sysbios_heaps_HeapMem_isBlocking__E)
                  0000b0fc    00000006                  : BIOS.obj (.text:ti_sysbios_knl_Queue_Instance_init__E)
                  0000b102    00000006                  : BIOS.obj (.text:ti_sysbios_knl_Queue_elemClear__E)
                  0000b108    00000006                  : BIOS.obj (.text:ti_sysbios_knl_Swi_startup__E)
                  0000b10e    00000006                  : BIOS.obj (.text:xdc_runtime_System_Module_startup__E)
                  0000b114    00000004     tirtosport.aem3 : HwiP_tirtos.oem3 (.text:HwiP_disable)
                  0000b118    00000004     drivers_cc13xxware.aem3 : List.oem3 (.text:List_head)
                  0000b11c    00000004                             : List.oem3 (.text:List_next)
                  0000b120    00000004     rf_singleMode_cc13xxware.aem3 : RFCC26XX_singleMode.oem3 (.text:Q_peek)
                  0000b124    00000004     drivers_cc13xxware.aem3 : PowerCC26XX.oem3 (.text:nopResourceHandler)
                  0000b128    00000004     water_sensor_wireless_comm_pem3.oem3 (.text:ti_sysbios_BIOS_RtsGateProxy_enter__E)
                  0000b12c    00000004     water_sensor_wireless_comm_pem3.oem3 (.text:ti_sysbios_BIOS_RtsGateProxy_leave__E)
                  0000b130    00000004     sysbios.aem3 : BIOS.obj (.text:ti_sysbios_family_arm_cc26xx_Timer_getCount64__E)
                  0000b134    00000004                  : BIOS.obj (.text:ti_sysbios_family_arm_cc26xx_Timer_setPeriod__E)
                  0000b138    00000004     water_sensor_wireless_comm_pem3.oem3 (.text:ti_sysbios_family_arm_m3_Hwi_destruct)
                  0000b13c    00000004     water_sensor_wireless_comm_pem3.oem3 (.text:ti_sysbios_family_arm_m3_TaskSupport_Module__startupDone__S)
                  0000b140    00000004     sysbios.aem3 : BIOS.obj (.text:ti_sysbios_gates_GateHwi_query__E)
                  0000b144    00000004                  : BIOS.obj (.text:ti_sysbios_gates_GateMutex_query__E)
                  0000b148    00000004     water_sensor_wireless_comm_pem3.oem3 (.text:ti_sysbios_heaps_HeapMem_Module_GateProxy_enter__E)
                  0000b14c    00000004     water_sensor_wireless_comm_pem3.oem3 (.text:ti_sysbios_heaps_HeapMem_Module_GateProxy_leave__E)
                  0000b150    00000004     water_sensor_wireless_comm_pem3.oem3 (.text:ti_sysbios_knl_Clock_TimerProxy_getCurrentTick__E)
                  0000b154    00000004     water_sensor_wireless_comm_pem3.oem3 (.text:ti_sysbios_knl_Clock_TimerProxy_getMaxTicks__E)
                  0000b158    00000004     water_sensor_wireless_comm_pem3.oem3 (.text:ti_sysbios_knl_Clock_TimerProxy_setNextTick__E)
                  0000b15c    00000004     water_sensor_wireless_comm_pem3.oem3 (.text:ti_sysbios_knl_Clock_destruct)
                  0000b160    00000004     sysbios.aem3 : BIOS.obj (.text:ti_sysbios_knl_Clock_removeI__E)
                  0000b164    00000004                  : BIOS.obj (.text:ti_sysbios_knl_Clock_setTimeout__E)
                  0000b168    00000004     water_sensor_wireless_comm_pem3.oem3 (.text:ti_sysbios_knl_Queue_destruct)
                  0000b16c    00000004     sysbios.aem3 : BIOS.obj (.text:ti_sysbios_knl_Queue_head__E)
                  0000b170    00000004                  : BIOS.obj (.text:ti_sysbios_knl_Queue_next__E)
                  0000b174    00000004     water_sensor_wireless_comm_pem3.oem3 (.text:ti_sysbios_knl_Semaphore_destruct)
                  0000b178    00000004     water_sensor_wireless_comm_pem3.oem3 (.text:ti_sysbios_knl_Swi_destruct)
                  0000b17c    00000004     sysbios.aem3 : BIOS.obj (.text:ti_sysbios_knl_Swi_postInit__I)
                  0000b180    00000004                  : BIOS.obj (.text:ti_sysbios_knl_Task_startup__E)
                  0000b184    00000004     ti.uia.loggers.aem3 : LoggerStopMode.oem3 (.text:ti_uia_loggers_LoggerStopMode_getContents__E)
                  0000b188    00000004     water_sensor_wireless_comm_pem3.oem3 (.text:ti_uia_loggers_LoggerStopMode_getFilterLevel__E)
                  0000b18c    00000004     ti.uia.loggers.aem3 : LoggerStopMode.oem3 (.text:ti_uia_loggers_LoggerStopMode_getInstanceId__E)
                  0000b190    00000004                         : LoggerStopMode.oem3 (.text:ti_uia_loggers_LoggerStopMode_getMaxLength__E)
                  0000b194    00000004                         : LoggerStopMode.oem3 (.text:ti_uia_loggers_LoggerStopMode_getPriority__E)
                  0000b198    00000004                         : LoggerStopMode.oem3 (.text:ti_uia_loggers_LoggerStopMode_getTransferType__E)
                  0000b19c    00000004     water_sensor_wireless_comm_pem3.oem3 (.text:xdc_runtime_System_Module_GateProxy_enter__E)
                  0000b1a0    00000004     water_sensor_wireless_comm_pem3.oem3 (.text:xdc_runtime_System_Module_GateProxy_leave__E)
                  0000b1a4    00000002     sysbios.aem3 : BIOS.obj (.text:xdc_runtime_Error_policySpin__E)
                  0000b1a6    00000002                  : BIOS.obj (.text:xdc_runtime_System_abortSpin__E)
                  0000b1a8    00000002                  : BIOS.obj (.text:xdc_runtime_System_exitSpin__E)

.const     0    0000b1ac    00003dd2     
                  0000b1ac    0000073c     smartrf_settings_predefined.obj (.const:patchGenookMce)
                  0000b8e8    000006b4     smartrf_settings.obj (.const:patchGenfskRfe)
                  0000bf9c    000006b4     smartrf_settings_predefined.obj (.const:patchGenfskRfe)
                  0000c650    000006b4     smartrf_settings_predefined.obj (.const:patchLrmRfe)
                  0000cd04    000006a4     smartrf_settings_predefined.obj (.const:patchGenookRfe)
                  0000d3a8    00000504     smartrf_settings_predefined.obj (.const:patchHsp4mbpsRfe)
                  0000d8ac    000003f0     smartrf_settings_predefined.obj (.const:patchHsp4mbpsMce)
                  0000dc9c    0000028c     smartrf_settings.obj (.const:patchImageGenfsk)
                  0000df28    0000028c     smartrf_settings_predefined.obj (.const:patchImageGenfsk)
                  0000e1b4    0000028c     smartrf_settings_predefined.obj (.const:patchImageGenook)
                  0000e440    0000028c     smartrf_settings_predefined.obj (.const:patchImageLrm)
                  0000e6cc    00000101     rtsv7M3_T_le_eabi.lib : ctype.obj (.const:.string:_ctypes_)
                  0000e7cd    00000001     smartrf_settings_predefined.obj (.const)
                  0000e7ce    00000002     water_sensor_wireless_comm_pem3.oem3 (.const:ti_sysbios_family_arm_cc26xx_TimestampProvider_useClockTimer__C)
                  0000e7d0    00000098     RF_Com.obj (.const:$P$T1$2)
                  0000e868    00000060     water_sensor_wireless_comm_pem3.oem3 (.const:ti_uia_loggers_LoggerStopMode_Module__FXNS__C)
                  0000e8c8    0000004c     CC1310DK_7XD.obj (.const:BoardGpioInitTable)
                  0000e914    0000004c     drivers_cc13xxware.aem3 : PowerCC26XX.oem3 (.const:resourceDB)
                  0000e960    00000048     water_sensor_wireless_comm_pem3.oem3 (.const:.string)
                  0000e9a8    00000040     drivers_cc13xxware.aem3 : UARTCC26XX.oem3 (.const)
                  0000e9e8    00000040     smartrf_settings_predefined.obj (.const:rfPowerTable)
                  0000ea28    0000003c     water_sensor_wireless_comm_pem3.oem3 (.const:ti_sysbios_knl_Task_Object__PARAMS__C)
                  0000ea64    00000030     water_sensor_wireless_comm_pem3.oem3 (.const:ti_sysbios_family_arm_m3_Hwi_Object__PARAMS__C)
                  0000ea94    00000028     drivers_cc13xxware.aem3 : UARTCC26XX.oem3 (.const:UARTCC26XX_fxnTable)
                  0000eabc    00000028     water_sensor_wireless_comm_pem3.oem3 (.const:ti_sysbios_heaps_HeapMem_Module__FXNS__C)
                  0000eae4    00000028     water_sensor_wireless_comm_pem3.oem3 (.const:ti_sysbios_knl_Swi_Object__PARAMS__C)
                  0000eb0c    00000028     water_sensor_wireless_comm_pem3.oem3 (.const:ti_uia_loggers_LoggerStopMode_Object__PARAMS__C)
                  0000eb34    00000028     water_sensor_wireless_comm_pem3.oem3 (.const:xdc_runtime_Startup_sfxnTab__A)
                  0000eb5c    00000024     drivers_cc13xxware.aem3 : UART.oem3 (.const:UART_defaultParams)
                  0000eb80    00000024     water_sensor_wireless_comm_pem3.oem3 (.const:ti_sysbios_gates_GateHwi_Module__FXNS__C)
                  0000eba4    00000024     water_sensor_wireless_comm_pem3.oem3 (.const:ti_sysbios_gates_GateMutex_Module__FXNS__C)
                  0000ebc8    00000024     water_sensor_wireless_comm_pem3.oem3 (.const:ti_sysbios_heaps_HeapMem_Object__PARAMS__C)
                  0000ebec    00000024     water_sensor_wireless_comm_pem3.oem3 (.const:ti_sysbios_knl_Clock_Object__PARAMS__C)
                  0000ec10    00000024     water_sensor_wireless_comm_pem3.oem3 (.const:ti_sysbios_knl_Semaphore_Object__PARAMS__C)
                  0000ec34    00000020     water_sensor_wireless_comm_pem3.oem3 (.const:ti_sysbios_family_arm_m3_Hwi_Object__DESC__C)
                  0000ec54    00000020     water_sensor_wireless_comm_pem3.oem3 (.const:ti_sysbios_gates_GateHwi_Object__DESC__C)
                  0000ec74    00000020     water_sensor_wireless_comm_pem3.oem3 (.const:ti_sysbios_gates_GateMutex_Object__DESC__C)
                  0000ec94    00000020     water_sensor_wireless_comm_pem3.oem3 (.const:ti_sysbios_heaps_HeapMem_Object__DESC__C)
                  0000ecb4    00000020     water_sensor_wireless_comm_pem3.oem3 (.const:ti_sysbios_knl_Clock_Object__DESC__C)
                  0000ecd4    00000020     water_sensor_wireless_comm_pem3.oem3 (.const:ti_sysbios_knl_Queue_Object__DESC__C)
                  0000ecf4    00000020     water_sensor_wireless_comm_pem3.oem3 (.const:ti_sysbios_knl_Semaphore_Object__DESC__C)
                  0000ed14    00000020     water_sensor_wireless_comm_pem3.oem3 (.const:ti_sysbios_knl_Swi_Object__DESC__C)
                  0000ed34    00000020     water_sensor_wireless_comm_pem3.oem3 (.const:ti_sysbios_knl_Task_Object__DESC__C)
                  0000ed54    00000020     water_sensor_wireless_comm_pem3.oem3 (.const:ti_uia_loggers_LoggerStopMode_Object__DESC__C)
                  0000ed74    00000020     CC1310DK_7XD.obj (.const:uartCC26XXHWAttrs)
                  0000ed94    00000018     EasyLink.obj (.const:$P$T0$3)
                  0000edac    00000018     CC1310DK_7XD.obj (.const:UART_config)
                  0000edc4    00000018     water_sensor_wireless_comm_pem3.oem3 (.const:ti_sysbios_gates_GateHwi_Object__PARAMS__C)
                  0000eddc    00000018     water_sensor_wireless_comm_pem3.oem3 (.const:ti_sysbios_gates_GateMutex_Object__PARAMS__C)
                  0000edf4    00000018     water_sensor_wireless_comm_pem3.oem3 (.const:ti_sysbios_knl_Queue_Object__PARAMS__C)
                  0000ee0c    00000014     rf_singleMode_cc13xxware.aem3 : RFCC26XX_singleMode.oem3 (.const)
                  0000ee20    00000014     water_sensor_wireless_comm_pem3.oem3 (.const:xdc_runtime_Startup_sfxnRts__A)
                  0000ee34    00000010     CC1310DK_7XD.obj (.const:PowerCC26XX_config)
                  0000ee44    0000000c     water_sensor_wireless_comm_pem3.oem3 (.const:xdc_runtime_Startup_firstFxns__A)
                  0000ee50    00000008     CC1310DK_7XD.obj (.const:PINCC26XX_hwAttrs)
                  0000ee58    00000008     water_sensor_wireless_comm_pem3.oem3 (.const:ti_sysbios_knl_Idle_funcList__A)
                  0000ee60    00000008     water_sensor_wireless_comm_pem3.oem3 (.const:ti_sysbios_knl_Idle_funcList__C)
                  0000ee68    00000008     water_sensor_wireless_comm_pem3.oem3 (.const:xdc_runtime_Startup_firstFxns__C)
                  0000ee70    00000008     water_sensor_wireless_comm_pem3.oem3 (.const:xdc_runtime_Startup_lastFxns__C)
                  0000ee78    00000004     EasyLink.obj (.const:$P$T1$4)
                  0000ee7c    00000004     CC1310DK_7XD.obj (.const:RFCC26XX_hwAttrs)
                  0000ee80    00000004     water_sensor_wireless_comm_pem3.oem3 (.const:ti_sysbios_family_arm_cc26xx_Timer_startupNeeded__C)
                  0000ee84    00000004     water_sensor_wireless_comm_pem3.oem3 (.const:ti_sysbios_family_arm_m3_Hwi_E_alreadyDefined__C)
                  0000ee88    00000004     water_sensor_wireless_comm_pem3.oem3 (.const:ti_sysbios_family_arm_m3_Hwi_NUM_INTERRUPTS__C)
                  0000ee8c    00000004     water_sensor_wireless_comm_pem3.oem3 (.const:ti_sysbios_family_arm_m3_Hwi_Object__count__C)
                  0000ee90    00000004     water_sensor_wireless_comm_pem3.oem3 (.const:ti_sysbios_family_arm_m3_Hwi_ccr__C)
                  0000ee94    00000004     water_sensor_wireless_comm_pem3.oem3 (.const:ti_sysbios_family_arm_m3_Hwi_excHandlerFunc__C)
                  0000ee98    00000004     water_sensor_wireless_comm_pem3.oem3 (.const:ti_sysbios_family_arm_m3_Hwi_nullIsrFunc__C)
                  0000ee9c    00000004     water_sensor_wireless_comm_pem3.oem3 (.const:ti_sysbios_family_arm_m3_Hwi_priGroup__C)
                  0000eea0    00000004     water_sensor_wireless_comm_pem3.oem3 (.const:ti_sysbios_family_arm_m3_TaskSupport_stackAlignment__C)
                  0000eea4    00000004     water_sensor_wireless_comm_pem3.oem3 (.const:ti_sysbios_gates_GateMutex_Instance_State_sem__O)
                  0000eea8    00000004     water_sensor_wireless_comm_pem3.oem3 (.const:ti_sysbios_heaps_HeapMem_E_memory__C)
                  0000eeac    00000004     water_sensor_wireless_comm_pem3.oem3 (.const:ti_sysbios_heaps_HeapMem_Module__gateObj__C)
                  0000eeb0    00000004     water_sensor_wireless_comm_pem3.oem3 (.const:ti_sysbios_heaps_HeapMem_Object__count__C)
                  0000eeb4    00000004     water_sensor_wireless_comm_pem3.oem3 (.const:ti_sysbios_heaps_HeapMem_reqAlign__C)
                  0000eeb8    00000004     water_sensor_wireless_comm_pem3.oem3 (.const:ti_sysbios_knl_Clock_Module_State_clockQ__O)
                  0000eebc    00000004     water_sensor_wireless_comm_pem3.oem3 (.const:ti_sysbios_knl_Clock_tickPeriod__C)
                  0000eec0    00000004     water_sensor_wireless_comm_pem3.oem3 (.const:ti_sysbios_knl_Clock_triggerClock__C)
                  0000eec4    00000004     water_sensor_wireless_comm_pem3.oem3 (.const:ti_sysbios_knl_Semaphore_Instance_State_pendQ__O)
                  0000eec8    00000004     water_sensor_wireless_comm_pem3.oem3 (.const:ti_sysbios_knl_Swi_Object__count__C)
                  0000eecc    00000004     water_sensor_wireless_comm_pem3.oem3 (.const:ti_sysbios_knl_Task_E_spOutOfBounds__C)
                  0000eed0    00000004     water_sensor_wireless_comm_pem3.oem3 (.const:ti_sysbios_knl_Task_E_stackOverflow__C)
                  0000eed4    00000004     water_sensor_wireless_comm_pem3.oem3 (.const:ti_sysbios_knl_Task_Module_State_inactiveQ__O)
                  0000eed8    00000004     water_sensor_wireless_comm_pem3.oem3 (.const:ti_sysbios_knl_Task_Object__count__C)
                  0000eedc    00000004     water_sensor_wireless_comm_pem3.oem3 (.const:ti_sysbios_knl_Task_allBlockedFunc__C)
                  0000eee0    00000004     water_sensor_wireless_comm_pem3.oem3 (.const:ti_sysbios_knl_Task_defaultStackHeap__C)
                  0000eee4    00000004     water_sensor_wireless_comm_pem3.oem3 (.const:ti_sysbios_knl_Task_defaultStackSize__C)
                  0000eee8    00000004     water_sensor_wireless_comm_pem3.oem3 (.const:ti_sysbios_knl_Task_numConstructedTasks__C)
                  0000eeec    00000004     water_sensor_wireless_comm_pem3.oem3 (.const:ti_sysbios_utils_Load_postUpdate__C)
                  0000eef0    00000004     water_sensor_wireless_comm_pem3.oem3 (.const:ti_sysbios_utils_Load_windowInMs__C)
                  0000eef4    00000004     water_sensor_wireless_comm_pem3.oem3 (.const:ti_uia_loggers_LoggerStopMode_Module__diagsEnabled__C)
                  0000eef8    00000004     water_sensor_wireless_comm_pem3.oem3 (.const:ti_uia_loggers_LoggerStopMode_Module__diagsIncluded__C)
                  0000eefc    00000004     water_sensor_wireless_comm_pem3.oem3 (.const:ti_uia_loggers_LoggerStopMode_Module__diagsMask__C)
                  0000ef00    00000004     water_sensor_wireless_comm_pem3.oem3 (.const:ti_uia_loggers_LoggerStopMode_Object__count__C)
                  0000ef04    00000004     water_sensor_wireless_comm_pem3.oem3 (.const:ti_uia_runtime_ILoggerSnapshot_Interface__BASE__C)
                  0000ef08    00000004     water_sensor_wireless_comm_pem3.oem3 (.const:ti_uia_runtime_IUIATransfer_Interface__BASE__C)
                  0000ef0c    00000004     water_sensor_wireless_comm_pem3.oem3 (.const:xdc_runtime_Assert_E_assertFailed__C)
                  0000ef10    00000004     water_sensor_wireless_comm_pem3.oem3 (.const:xdc_runtime_Error_E_memory__C)
                  0000ef14    00000004     water_sensor_wireless_comm_pem3.oem3 (.const:xdc_runtime_Error_policyFxn__C)
                  0000ef18    00000004     water_sensor_wireless_comm_pem3.oem3 (.const:xdc_runtime_IFilterLogger_Interface__BASE__C)
                  0000ef1c    00000004     water_sensor_wireless_comm_pem3.oem3 (.const:xdc_runtime_IGateProvider_Interface__BASE__C)
                  0000ef20    00000004     water_sensor_wireless_comm_pem3.oem3 (.const:xdc_runtime_IHeap_Interface__BASE__C)
                  0000ef24    00000004     water_sensor_wireless_comm_pem3.oem3 (.const:xdc_runtime_ILogger_Interface__BASE__C)
                  0000ef28    00000004     water_sensor_wireless_comm_pem3.oem3 (.const:xdc_runtime_IModule_Interface__BASE__C)
                  0000ef2c    00000004     water_sensor_wireless_comm_pem3.oem3 (.const:xdc_runtime_Memory_defaultHeapInstance__C)
                  0000ef30    00000004     water_sensor_wireless_comm_pem3.oem3 (.const:xdc_runtime_Startup_execImpl__C)
                  0000ef34    00000004     water_sensor_wireless_comm_pem3.oem3 (.const:xdc_runtime_Startup_maxPasses__C)
                  0000ef38    00000004     water_sensor_wireless_comm_pem3.oem3 (.const:xdc_runtime_Startup_sfxnRts__C)
                  0000ef3c    00000004     water_sensor_wireless_comm_pem3.oem3 (.const:xdc_runtime_Startup_sfxnTab__C)
                  0000ef40    00000004     water_sensor_wireless_comm_pem3.oem3 (.const:xdc_runtime_SysMin_bufSize__C)
                  0000ef44    00000004     water_sensor_wireless_comm_pem3.oem3 (.const:xdc_runtime_SysMin_outputFunc__C)
                  0000ef48    00000004     water_sensor_wireless_comm_pem3.oem3 (.const:xdc_runtime_System_Module__gateObj__C)
                  0000ef4c    00000004     water_sensor_wireless_comm_pem3.oem3 (.const:xdc_runtime_System_abortFxn__C)
                  0000ef50    00000004     water_sensor_wireless_comm_pem3.oem3 (.const:xdc_runtime_System_exitFxn__C)
                  0000ef54    00000004     water_sensor_wireless_comm_pem3.oem3 (.const:xdc_runtime_System_maxAtexitHandlers__C)
                  0000ef58    00000004     water_sensor_wireless_comm_pem3.oem3 (.const:xdc_runtime_Text_charTab__C)
                  0000ef5c    00000004     water_sensor_wireless_comm_pem3.oem3 (.const:xdc_runtime_Text_nameEmpty__C)
                  0000ef60    00000004     water_sensor_wireless_comm_pem3.oem3 (.const:xdc_runtime_Text_nameStatic__C)
                  0000ef64    00000004     water_sensor_wireless_comm_pem3.oem3 (.const:xdc_runtime_Text_nameUnknown__C)
                  0000ef68    00000002     water_sensor_wireless_comm_pem3.oem3 (.const:ti_sysbios_family_arm_m3_Hwi_Module__id__C)
                  0000ef6a    00000002     water_sensor_wireless_comm_pem3.oem3 (.const:ti_sysbios_heaps_HeapMem_Module__id__C)
                  0000ef6c    00000002     water_sensor_wireless_comm_pem3.oem3 (.const:ti_sysbios_knl_Task_Module__id__C)
                  0000ef6e    00000002     water_sensor_wireless_comm_pem3.oem3 (.const:ti_sysbios_utils_Load_updateInIdle__C)
                  0000ef70    00000002     water_sensor_wireless_comm_pem3.oem3 (.const:ti_uia_loggers_LoggerStopMode_Module__id__C)
                  0000ef72    00000002     water_sensor_wireless_comm_pem3.oem3 (.const:ti_uia_loggers_LoggerStopMode_isTimestampEnabled__C)
                  0000ef74    00000002     water_sensor_wireless_comm_pem3.oem3 (.const:xdc_runtime_Memory_Module__id__C)
                  0000ef76    00000002     water_sensor_wireless_comm_pem3.oem3 (.const:xdc_runtime_SysMin_flushAtExit__C)
                  0000ef78    00000002     water_sensor_wireless_comm_pem3.oem3 (.const:xdc_runtime_Text_charCnt__C)
                  0000ef7a    00000002     water_sensor_wireless_comm_pem3.oem3 (.const:xdc_runtime_Text_isLoaded__C)
                  0000ef7c    00000001     water_sensor_wireless_comm_pem3.oem3 (.const:xdc_runtime_Error_policy__C)
                  0000ef7d    00000001     water_sensor_wireless_comm_pem3.oem3 (.const:xdc_runtime_Text_charTab__A)

.cinit     0    0000ef80    00000410     
                  0000ef80    000003e5     (.cinit..data.load) [load image, compression = lzss]
                  0000f365    00000003     --HOLE-- [fill = 0]
                  0000f368    0000000c     (__TI_handler_table)
                  0000f374    00000004     --HOLE-- [fill = 0]
                  0000f378    00000008     (.cinit..bss.load) [load image, compression = zero_init]
                  0000f380    00000010     (__TI_cinit_table)

.init_array 
*          0    00000000    00000000     UNINITIALIZED

.ccfg      0    0001ffa8    00000058     
                  0001ffa8    00000058     ccfg.obj (.ccfg:retain)

.bss       0    20000100    00002871     UNINITIALIZED
                  20000100    00000800     main.obj (.bss:taskStack)
                  20000900    00000800     water_sensor_wireless_comm_pem3.oem3 (.bss:taskStackSection)
                  20001100    00000400     (.common:ti_sysbios_heaps_HeapMem_Instance_State_0_buf__A)
                  20001500    00000400     (.common:ti_uia_loggers_LoggerStopMode_Instance_State_1_packetArray__A)
                  20001900    00000400     (.common:ti_uia_loggers_LoggerStopMode_Instance_State_2_packetArray__A)
                  20001d00    00000200     (.common:ti_uia_loggers_LoggerStopMode_Instance_State_0_packetArray__A)
                  20001f00    0000012c     (.common:uartCC26XXObjects)
                  2000202c    00000120     rtsv7M3_T_le_eabi.lib : trgmsg.obj (.bss:_CIOBUF_)
                  2000214c    00000004     ToServer_Com.obj (.bss)
                  20002150    00000100     rf_singleMode_cc13xxware.aem3 : RFCC26XX_singleMode.oem3 (.bss:aCmdPool)
                  20002250    000000c8     (.common:ti_sysbios_family_arm_m3_Hwi_dispatchTable)
                  20002318    000000c0     EasyLink.obj (.bss:rfObject)
                  200023d8    000000a0     (.common:__TI_tmpnams)
                  20002478    00000098     EasyLink.obj (.bss:rxBuffer)
                  20002510    00000080     (.common:xdc_runtime_SysMin_Module_State_0_outbuf__A)
                  20002590    0000007c     drivers_cc13xxware.aem3 : PINCC26XX.oem3 (.bss:PIN_HandleTable)
                  2000260c    00000034                             : PINCC26XX.oem3 (.bss:PinSwi)
                  20002640    00000034     rf_singleMode_cc13xxware.aem3 : RFCC26XX_singleMode.oem3 (.bss:swiFsm)
                  20002674    00000034                                   : RFCC26XX_singleMode.oem3 (.bss:swiHw)
                  200026a8    00000030     EasyLink.obj (.bss:EasyLink_cmdPropRxAdv)
                  200026d8    00000028     EasyLink.obj (.bss:EasyLink_cmdPropRadioSetup)
                  20002700    00000030     (.common:ti_uia_loggers_LoggerStopMode_Instance_State_0_hdr__A)
                  20002730    00000024     rf_singleMode_cc13xxware.aem3 : RFCC26XX_singleMode.oem3 (.bss:clkPowerUp)
                  20002754    00000020     (.common:PinGpioConfigTable)
                  20002774    0000000c     EasyLink.obj (.bss:rxStatistics)
                  20002780    00000030     (.common:ti_uia_loggers_LoggerStopMode_Instance_State_1_hdr__A)
                  200027b0    00000020     (.common:uartCC26XXRingBuffer)
                  200027d0    0000001c     (.common:PinHwi)
                  200027ec    00000014     driverlib.lib : osc.obj (.bss:oscHfGlobals)
                  20002800    00000030     (.common:ti_uia_loggers_LoggerStopMode_Instance_State_2_hdr__A)
                  20002830    0000001c     (.common:PinSem)
                  2000284c    0000001c     (.common:hwiCpe0)
                  20002868    0000001c     (.common:hwiHw)
                  20002884    00000018     EasyLink.obj (.bss:EasyLink_cmdFs)
                  2000289c    00000018     EasyLink.obj (.bss:EasyLink_cmdPropTx)
                  200028b4    00000018     (.common:cmdDirImm)
                  200028cc    00000014     EasyLink.obj (.bss:rfParams)
                  200028e0    00000014     (.common:cmdQ)
                  200028f4    00000014     (.common:opRatSync)
                  20002908    00000010     EasyLink.obj (.bss)
                  20002918    00000010     EasyLink.obj (.bss:EasyLink_RF_prop)
                  20002928    00000008     EasyLink.obj (.bss:dataQueue)
                  20002930    00000008     rtsv7M3_T_le_eabi.lib : trgdrv.obj (.bss:parmbuf)
[...]
0000b155  ti_sysbios_knl_Clock_TimerProxy_getMaxTicks__E                  
0000b159  ti_sysbios_knl_Clock_TimerProxy_setNextTick__E                  
0000b15d  ti_sysbios_knl_Clock_destruct                                   
0000b161  ti_sysbios_knl_Clock_removeI__E                                 
0000b165  ti_sysbios_knl_Clock_setTimeout__E                              
0000b169  ti_sysbios_knl_Queue_destruct                                   
0000b16d  ti_sysbios_knl_Queue_head__E                                    
0000b171  ti_sysbios_knl_Queue_next__E                                    
0000b175  ti_sysbios_knl_Semaphore_destruct                               
0000b179  ti_sysbios_knl_Swi_destruct                                     
0000b17d  ti_sysbios_knl_Swi_postInit__I                                  
0000b181  ti_sysbios_knl_Task_startup__E                                  
0000b185  ti_uia_loggers_LoggerStopMode_getContents__E                    
0000b189  ti_uia_loggers_LoggerStopMode_getFilterLevel__E                 
0000b18d  ti_uia_loggers_LoggerStopMode_getInstanceId__E                  
0000b191  ti_uia_loggers_LoggerStopMode_getMaxLength__E                   
0000b195  ti_uia_loggers_LoggerStopMode_getPriority__E                    
0000b199  ti_uia_loggers_LoggerStopMode_getTransferType__E                
0000b19d  xdc_runtime_System_Module_GateProxy_enter__E                    
0000b1a1  xdc_runtime_System_Module_GateProxy_leave__E                    
0000b1a5  xdc_runtime_Error_policySpin__E                                 
0000b1a7  xdc_runtime_System_abortSpin__E                                 
0000b1a9  xdc_runtime_System_exitSpin__E                                  
0000e6cc  _ctypes_                                                        
0000e7cd  rfPowerTableSize                                                
0000e7ce  ti_sysbios_family_arm_cc26xx_TimestampProvider_useClockTimer__C 
0000e868  ti_uia_loggers_LoggerStopMode_Module__FXNS__C                   
0000e8c8  BoardGpioInitTable                                              
0000e914  resourceDB                                                      
0000e9e8  rfPowerTable                                                    
0000ea28  ti_sysbios_knl_Task_Object__PARAMS__C                           
0000ea64  ti_sysbios_family_arm_m3_Hwi_Object__PARAMS__C                  
0000ea94  UARTCC26XX_fxnTable                                             
0000eabc  ti_sysbios_heaps_HeapMem_Module__FXNS__C                        
0000eae4  ti_sysbios_knl_Swi_Object__PARAMS__C                            
0000eb0c  ti_uia_loggers_LoggerStopMode_Object__PARAMS__C                 
0000eb34  xdc_runtime_Startup_sfxnTab__A                                  
0000eb5c  UART_defaultParams                                              
0000eb80  ti_sysbios_gates_GateHwi_Module__FXNS__C                        
0000eba4  ti_sysbios_gates_GateMutex_Module__FXNS__C                      
0000ebc8  ti_sysbios_heaps_HeapMem_Object__PARAMS__C                      
0000ebec  ti_sysbios_knl_Clock_Object__PARAMS__C                          
0000ec10  ti_sysbios_knl_Semaphore_Object__PARAMS__C                      
0000ec34  ti_sysbios_family_arm_m3_Hwi_Object__DESC__C                    
0000ec54  ti_sysbios_gates_GateHwi_Object__DESC__C                        
0000ec74  ti_sysbios_gates_GateMutex_Object__DESC__C                      
0000ec94  ti_sysbios_heaps_HeapMem_Object__DESC__C                        
0000ecb4  ti_sysbios_knl_Clock_Object__DESC__C                            
0000ecd4  ti_sysbios_knl_Queue_Object__DESC__C                            
0000ecf4  ti_sysbios_knl_Semaphore_Object__DESC__C                        
0000ed14  ti_sysbios_knl_Swi_Object__DESC__C                              
0000ed34  ti_sysbios_knl_Task_Object__DESC__C                             
0000ed54  ti_uia_loggers_LoggerStopMode_Object__DESC__C                   
0000ed74  uartCC26XXHWAttrs                                               
0000edac  UART_config                                                     
0000edc4  ti_sysbios_gates_GateHwi_Object__PARAMS__C                      
0000eddc  ti_sysbios_gates_GateMutex_Object__PARAMS__C                    
0000edf4  ti_sysbios_knl_Queue_Object__PARAMS__C                          
0000ee20  xdc_runtime_Startup_sfxnRts__A                                  
0000ee34  PowerCC26XX_config                                              
0000ee44  xdc_runtime_Startup_firstFxns__A                                
0000ee50  PINCC26XX_hwAttrs                                               
0000ee58  ti_sysbios_knl_Idle_funcList__A                                 
0000ee60  ti_sysbios_knl_Idle_funcList__C                                 
0000ee68  xdc_runtime_Startup_firstFxns__C                                
0000ee70  xdc_runtime_Startup_lastFxns__C                                 
0000ee7c  RFCC26XX_hwAttrs                                                
0000ee80  ti_sysbios_family_arm_cc26xx_Timer_startupNeeded__C             
0000ee84  ti_sysbios_family_arm_m3_Hwi_E_alreadyDefined__C                
0000ee88  ti_sysbios_family_arm_m3_Hwi_NUM_INTERRUPTS__C                  
0000ee8c  ti_sysbios_family_arm_m3_Hwi_Object__count__C                   
0000ee90  ti_sysbios_family_arm_m3_Hwi_ccr__C                             
0000ee94  ti_sysbios_family_arm_m3_Hwi_excHandlerFunc__C                  
0000ee98  ti_sysbios_family_arm_m3_Hwi_nullIsrFunc__C                     
0000ee9c  ti_sysbios_family_arm_m3_Hwi_priGroup__C                        
0000eea0  ti_sysbios_family_arm_m3_TaskSupport_stackAlignment__C          
0000eea4  ti_sysbios_gates_GateMutex_Instance_State_sem__O                
0000eea8  ti_sysbios_heaps_HeapMem_E_memory__C                            
0000eeac  ti_sysbios_heaps_HeapMem_Module__gateObj__C                     
0000eeb0  ti_sysbios_heaps_HeapMem_Object__count__C                       
0000eeb4  ti_sysbios_heaps_HeapMem_reqAlign__C                            
0000eeb8  ti_sysbios_knl_Clock_Module_State_clockQ__O                     
0000eebc  ti_sysbios_knl_Clock_tickPeriod__C                              
0000eec0  ti_sysbios_knl_Clock_triggerClock__C                            
0000eec4  ti_sysbios_knl_Semaphore_Instance_State_pendQ__O                
0000eec8  ti_sysbios_knl_Swi_Object__count__C                             
0000eecc  ti_sysbios_knl_Task_E_spOutOfBounds__C                          
0000eed0  ti_sysbios_knl_Task_E_stackOverflow__C                          
0000eed4  ti_sysbios_knl_Task_Module_State_inactiveQ__O                   
0000eed8  ti_sysbios_knl_Task_Object__count__C                            
0000eedc  ti_sysbios_knl_Task_allBlockedFunc__C                           
0000eee0  ti_sysbios_knl_Task_defaultStackHeap__C                         
0000eee4  ti_sysbios_knl_Task_defaultStackSize__C                         
0000eee8  ti_sysbios_knl_Task_numConstructedTasks__C                      
0000eeec  ti_sysbios_utils_Load_postUpdate__C                             
0000eef0  ti_sysbios_utils_Load_windowInMs__C                             
0000eef4  ti_uia_loggers_LoggerStopMode_Module__diagsEnabled__C           
0000eef8  ti_uia_loggers_LoggerStopMode_Module__diagsIncluded__C          
0000eefc  ti_uia_loggers_LoggerStopMode_Module__diagsMask__C              
0000ef00  ti_uia_loggers_LoggerStopMode_Object__count__C                  
0000ef04  ti_uia_runtime_ILoggerSnapshot_Interface__BASE__C               
0000ef08  ti_uia_runtime_IUIATransfer_Interface__BASE__C                  
0000ef0c  xdc_runtime_Assert_E_assertFailed__C                            
0000ef10  xdc_runtime_Error_E_memory__C                                   
0000ef14  xdc_runtime_Error_policyFxn__C                                  
0000ef18  xdc_runtime_IFilterLogger_Interface__BASE__C                    
0000ef1c  xdc_runtime_IGateProvider_Interface__BASE__C                    
0000ef20  xdc_runtime_IHeap_Interface__BASE__C                            
0000ef24  xdc_runtime_ILogger_Interface__BASE__C                          
0000ef28  xdc_runtime_IModule_Interface__BASE__C                          
0000ef2c  xdc_runtime_Memory_defaultHeapInstance__C                       
0000ef30  xdc_runtime_Startup_execImpl__C                                 
0000ef34  xdc_runtime_Startup_maxPasses__C                                
0000ef38  xdc_runtime_Startup_sfxnRts__C                                  
0000ef3c  xdc_runtime_Startup_sfxnTab__C                                  
0000ef40  xdc_runtime_SysMin_bufSize__C                                   
0000ef44  xdc_runtime_SysMin_outputFunc__C                                
0000ef48  xdc_runtime_System_Module__gateObj__C                           
0000ef4c  xdc_runtime_System_abortFxn__C                                  
0000ef50  xdc_runtime_System_exitFxn__C                                   
0000ef54  xdc_runtime_System_maxAtexitHandlers__C                         
0000ef58  xdc_runtime_Text_charTab__C                                     
0000ef5c  xdc_runtime_Text_nameEmpty__C                                   
0000ef60  xdc_runtime_Text_nameStatic__C                                  
0000ef64  xdc_runtime_Text_nameUnknown__C                                 
0000ef68  ti_sysbios_family_arm_m3_Hwi_Module__id__C                      
0000ef6a  ti_sysbios_heaps_HeapMem_Module__id__C                          
0000ef6c  ti_sysbios_knl_Task_Module__id__C                               
0000ef6e  ti_sysbios_utils_Load_updateInIdle__C                           
0000ef70  ti_uia_loggers_LoggerStopMode_Module__id__C                     
0000ef72  ti_uia_loggers_LoggerStopMode_isTimestampEnabled__C             
0000ef74  xdc_runtime_Memory_Module__id__C                                
0000ef76  xdc_runtime_SysMin_flushAtExit__C                               
0000ef78  xdc_runtime_Text_charCnt__C                                     
0000ef7a  xdc_runtime_Text_isLoaded__C                                    
0000ef7c  xdc_runtime_Error_policy__C                                     
0000ef7d  xdc_runtime_Text_charTab__A                                     
0000ef80  __TI_static_base__                                              
0000f368  __TI_Handler_Table_Base                                         
0000f374  __TI_Handler_Table_Limit                                        
0000f380  __TI_CINIT_Base                                                 
0000f390  __TI_CINIT_Limit                                                
0001ffa8  __ccfg                                                          
20000000  ti_sysbios_family_arm_m3_Hwi_ramVectors                         
20000900  ti_sysbios_knl_Task_Instance_State_0_stack__A                   
20001100  ti_sysbios_heaps_HeapMem_Instance_State_0_buf__A                
20001500  ti_uia_loggers_LoggerStopMode_Instance_State_1_packetArray__A   
20001900  ti_uia_loggers_LoggerStopMode_Instance_State_2_packetArray__A   
20001d00  ti_uia_loggers_LoggerStopMode_Instance_State_0_packetArray__A   
20001f00  uartCC26XXObjects                                               
2000202c  __CIOBUF_                                                       
20002250  ti_sysbios_family_arm_m3_Hwi_dispatchTable                      
200023d8  __TI_tmpnams                                                    
20002510  xdc_runtime_SysMin_Module_State_0_outbuf__A                     
20002590  PIN_HandleTable                                                 
20002700  ti_uia_loggers_LoggerStopMode_Instance_State_0_hdr__A           
20002780  ti_uia_loggers_LoggerStopMode_Instance_State_1_hdr__A           
200027b0  uartCC26XXRingBuffer                                            
20002800  ti_uia_loggers_LoggerStopMode_Instance_State_2_hdr__A           
20002940  PIN_NumPins                                                     
20002960  taskHandle                                                      
2000296c  driverlib_release_0_47020                                       
20002978  PowerCC26XX_module                                              
20002a88  _ftable                                                         
20002c48  ti_uia_loggers_LoggerStopMode_Object__table__V                  
20002ce4  ti_sysbios_utils_Load_Module__state__V                          
20002d7c  ti_sysbios_knl_Task_Module_State_0_readyQ__A                    
20002dfc  pOverrides_hsm                                                  
20002e5c  pOverrides_lrm                                                  
20002eb8  pOverrides_ook                                                  
20002f6c  pOverrides_fsk                                                  
20002fc4  ti_sysbios_knl_Task_Object__table__V                            
20003010  ti_sysbios_family_arm_cc26xx_Timer_Object__table__V             
20003058  ti_sysbios_knl_Task_Module__state__V                            
2000309c  RF_pProp_fsk                                                    
200030a0  RF_pProp_lrm                                                    
200030a4  RF_pProp_ook                                                    
200030a8  RF_pProp_hsm                                                    
200030ac  RF_pProp_2_4G_fsk                                               
200030b0  RF_pCmdPropRadioDivSetup_fsk                                    
200030b4  RF_pCmdPropRadioDivSetup_lrm                                    
200030b8  RF_pCmdPropRadioDivSetup_ook                                    
200030bc  RF_pCmdRadioSetup_hsm                                           
200030c0  RF_pCmdPropRadioSetup_2_4G_fsk                                  
200030c4  RF_pCmdTxHS                                                     
200030c8  RF_pCmdRxHS                                                     
200030cc  RF_pCmdFs_preDef                                                
200030d0  RF_pCmdPropTx_preDef                                            
200030d4  RF_pCmdPropRxAdv_preDef                                         
200030d8  ti_sysbios_gates_GateMutex_Object__table__V                     
20003110  ti_sysbios_family_arm_m3_Hwi_Module__state__V                   
20003144  RF_cmdPropRxAdv_preDef                                          
20003174  ti_sysbios_knl_Swi_Module_State_0_readyQ__A                     
200031a4  ti_sysbios_knl_Swi_Object__table__V                             
200031d4  ti_sysbios_knl_Clock_Module__state__V                           
20003200  RF_cmdPropRadioDivSetup                                         
20003228  RF_cmdPropRadioDivSetup_fsk                                     
20003250  RF_cmdPropRadioDivSetup_lrm                                     
20003278  RF_cmdPropRadioDivSetup_ook                                     
200032a0  RF_cmdRxHS                                                      
200032c4  ti_sysbios_BIOS_Module__state__V                                
200032e8  ti_sysbios_knl_Clock_Object__table__V                           
20003308  ti_sysbios_knl_Swi_Module__state__V                             
20003324  RF_cmdFs                                                        
2000333c  RF_cmdFs_preDef                                                 
20003354  RF_cmdPropTx                                                    
2000336c  RF_cmdPropTx_preDef                                             
20003384  RF_cmdRadioSetup_hsm                                            
200033b4  shapeovr                                                        
200033cc  ti_sysbios_family_arm_m3_Hwi_Object__table__V                   
200033e4  ti_sysbios_heaps_HeapMem_Object__table__V                       
200033fc  RF_cmdTxHS                                                      
20003410  RF_prop                                                         
20003420  RF_prop_fsk                                                     
20003430  RF_prop_hsm                                                     
20003440  RF_prop_lrm                                                     
20003450  RF_prop_ook                                                     
20003460  __TI_ft_end                                                     
20003464  __aeabi_stdin                                                   
20003468  __aeabi_stdout                                                  
2000346c  __aeabi_stderr                                                  
20003480  __TI_cleanup_ptr                                                
20003484  __TI_dtors_ptr                                                  
20003488  __TI_enable_exit_profile_output                                 
2000348c  ti_sysbios_knl_Task_Module__root__V                             
20003498  ti_uia_runtime_QueueDescriptor_Module__state__V                 
200034a4  xdc_runtime_SysMin_Module__state__V                             
200034b0  _lock                                                           
200034b4  _unlock                                                         
200034b8  ti_uia_runtime_QueueDescriptor_gPtrToFirstDescriptor            
200034bc  ti_uia_runtime_QueueDescriptor_gUpdateCount                     
200034c0  ti_sysbios_family_arm_cc26xx_Timer_Module__state__V             
200034c8  ti_sysbios_family_arm_m3_Hwi_Module__root__V                    
200034d0  ti_sysbios_gates_GateHwi_Module__root__V                        
200034d8  ti_sysbios_gates_GateMutex_Module__root__V                      
200034e0  ti_sysbios_heaps_HeapMem_Module__root__V                        
200034e8  ti_sysbios_knl_Clock_Module__root__V                            
200034f0  ti_sysbios_knl_Queue_Module__root__V                            
200034f8  ti_sysbios_knl_Semaphore_Module__root__V                        
20003500  ti_sysbios_knl_Swi_Module__root__V                              
20003508  ti_uia_loggers_LoggerStopMode_Module__root__V                   
20003510  xdc_runtime_Startup_Module__state__V                            
20003518  xdc_runtime_System_Module_State_0_atexitHandlers__A             
20003520  xdc_runtime_System_Module__state__V                             
2000352c  errno                                                           
20003534  main_func_sp                                                    
20003538  ti_sysbios_family_arm_cc26xx_TimestampProvider_Module__state__V 
2000353c  ti_sysbios_family_arm_m3_Hwi_Module_State_0_excContext__A       
20003540  ti_sysbios_family_arm_m3_Hwi_Module_State_0_excStack__A         
20003544  ti_sysbios_gates_GateHwi_Object__table__V                       
20003548  ti_sysbios_knl_Task_Module_State_0_idleTask__A                  
2000354c  ti_sysbios_utils_Load_Module_State_0_runningTask__A             
20003550  ti_sysbios_utils_Load_Module_State_0_taskStartTime__A           
20003554  xdc_runtime_Memory_Module__state__V                             
20003558  ti_sysbios_family_arm_m3_Hwi_Module_State_0_excActive__A        
20004d00  __stack                                                         
20005000  __STACK_END                                                     
e000e000  ti_sysbios_family_arm_m3_Hwi_nvic                               
ffffffff  __TI_pprof_out_hndl                                             
ffffffff  __TI_prof_data_size                                             
ffffffff  __TI_prof_data_start                                            
ffffffff  __binit__                                                       
ffffffff  __c_args__                                                      
ffffffff  binit                                                           
UNDEFED   SHT$$INIT_ARRAY$$Base                                           
UNDEFED   SHT$$INIT_ARRAY$$Limit                                          

[778 symbols]
